MPLINK 4.34, Linker
Linker Map File - Created Mon Feb 21 17:06:42 2011

                                 Section Info
                  Section       Type    Address   Location Size(Bytes)
                ---------  ---------  ---------  ---------  ---------
               _entry_scn       code   0x000000    program   0x000006
        .idata_timer0.o_i    romdata   0x000006    program   0x000000
         .idata_timer.o_i    romdata   0x000006    program   0x000001
  .idata_serialNumber.o_i    romdata   0x000007    program   0x000001
      .idata_setcsspi.o_i    romdata   0x000007    program   0x000000
.idata_sw_serial_delays.o_i    romdata   0x000007    program   0x000000
              high_vector       code   0x000008    program   0x000006
              .code_cpu.o       code   0x00000e    program   0x00000a
               low_vector       code   0x000018    program   0x000006
                   .cinit    romdata   0x00001e    program   0x000086
         .code_SerialPC.o       code   0x0000a4    program   0x0014d8
         .code_modemGSM.o       code   0x00157c    program   0x000c56
         .code_AT45DBxx.o       code   0x0021d2    program   0x000824
    .code_prgmem_access.o       code   0x0029f6    program   0x000500
              .code_log.o       code   0x002ef6    program   0x0004d2
           .code_device.o       code   0x0033c8    program   0x00046a
         .romdata_crc32.o    romdata   0x003832    program   0x000400
            .code_timer.o       code   0x003c32    program   0x0003a8
       .code_bootloader.o       code   0x003fda    program   0x0002f6
        .code_interrupt.o       code   0x0042d0    program   0x000290
           .code_e2prom.o       code   0x004560    program   0x00024c
           .code_serial.o       code   0x0047ac    program   0x000230
       .code_FlashEprom.o       code   0x0049dc    program   0x000200
              .code_led.o       code   0x004bdc    program   0x0001e8
                   STRING       code   0x004dc4    program   0x0001ba
            .code_crc32.o       code   0x004f7e    program   0x00013e
                 UARTCODE       code   0x0050bc    program   0x0000c8
          .code_funcoes.o       code   0x005184    program   0x0000c2
             .code_main.o       code   0x005246    program   0x0000c0
                     PROG       code   0x005306    program   0x0000b4
          .code_version.o       code   0x0053ba    program   0x0000ac
           .code_status.o       code   0x005466    program   0x0000a8
               _cinit_scn       code   0x00550e    program   0x00009e
          .code_fxm3232.o       code   0x0055ac    program   0x000070
            .code_delay.o       code   0x00561c    program   0x00006c
         .code_getsuart.o       code   0x005688    program   0x00005a
     .code_serialNumber.o       code   0x0056e2    program   0x000058
           .code_rdsspi.o       code   0x00573a    program   0x000052
          .code_wrtsspi.o       code   0x00578c    program   0x00004e
         .code_putsuart.o       code   0x0057da    program   0x000048
         .code_fxd3232u.o       code   0x005822    program   0x000048
           .code_hw_spi.o       code   0x00586a    program   0x000030
 .code_sw_serial_delays.o       code   0x00589a    program   0x00002c
         .code_fxd1616u.o       code   0x0058c6    program   0x00002c
                    CTYPE       code   0x0058f2    program   0x000028
                    .code       code   0x00591a    program   0x000020
             _startup_scn       code   0x00593a    program   0x00001c
             D100TCYXCODE       code   0x005956    program   0x00001c
          .code_iswdtto.o       code   0x005972    program   0x000018
              D10TCYXCODE       code   0x00598a    program   0x000016
             .stringtable    romdata   0x0059a0    program   0x000015
     .romdata_interrupt.o    romdata   0x0059b5    program   0x000000
         .romdata_isbor.o    romdata   0x0059b5    program   0x000000
    .romdata_e2prom_loc.o    romdata   0x0059b5    program   0x000000
        .romdata_e2prom.o    romdata   0x0059b5    program   0x000000
    .romdata_FlashEprom.o    romdata   0x0059b5    program   0x000000
      .romdata_AT45DBxx.o    romdata   0x0059b5    program   0x000000
      .romdata_modemGSM.o    romdata   0x0059b5    program   0x000000
       .romdata_funcoes.o    romdata   0x0059b5    program   0x000000
         .romdata_timer.o    romdata   0x0059b5    program   0x000000
       .romdata_fxm3232.o    romdata   0x0059b5    program   0x000000
    .romdata_bootloader.o    romdata   0x0059b5    program   0x000000
         .romdata_c018i.o    romdata   0x0059b5    program   0x000000
 .romdata_prgmem_access.o    romdata   0x0059b5    program   0x000000
       .idata_version.o_i    romdata   0x0059b5    program   0x000001
        .romdata_hw_spi.o    romdata   0x0059b5    program   0x000000
         .romdata_delay.o    romdata   0x0059b5    program   0x000000
        .romdata_timer0.o    romdata   0x0059b5    program   0x000000
      .romdata_fxd1616u.o    romdata   0x0059b5    program   0x000000
      .romdata_fxd3232u.o    romdata   0x0059b5    program   0x000000
      .romdata_setcsspi.o    romdata   0x0059b5    program   0x000000
       .romdata_wrtsspi.o    romdata   0x0059b5    program   0x000000
        .romdata_rdsspi.o    romdata   0x0059b5    program   0x000000
         .romdata_islvd.o    romdata   0x0059b5    program   0x000000
      .romdata_clrcsspi.o    romdata   0x0059b5    program   0x000000
      .romdata_SerialPC.o    romdata   0x0059b5    program   0x000000
           .romdata_led.o    romdata   0x0059b5    program   0x000000
       .idata_wrtsspi.o_i    romdata   0x0059b5    program   0x000000
          .romdata_main.o    romdata   0x0059b5    program   0x000000
           .romdata_log.o    romdata   0x0059b5    program   0x000000
      .romdata_opensspi.o    romdata   0x0059b5    program   0x000000
.romdata_sw_serial_delays.o    romdata   0x0059b5    program   0x000000
        .romdata_device.o    romdata   0x0059b5    program   0x000000
        .romdata_serial.o    romdata   0x0059b5    program   0x000000
      .romdata_putsuart.o    romdata   0x0059b5    program   0x000000
      .romdata_getsuart.o    romdata   0x0059b5    program   0x000000
        .romdata_status.o    romdata   0x0059b5    program   0x000000
       .romdata_iswdtto.o    romdata   0x0059b5    program   0x000000
           .romdata_cpu.o    romdata   0x0059b5    program   0x000000
    CPU_EnableAllInt_CODE       code   0x0059b6    program   0x000014
           .code_timer0.o       code   0x0059ca    program   0x000012
         .code_opensspi.o       code   0x0059dc    program   0x000012
         .code_setcsspi.o       code   0x0059ee    program   0x00000e
         .code_clrcsspi.o       code   0x0059fc    program   0x00000e
               D1TCYXCODE       code   0x005a0a    program   0x00000c
            .code_isbor.o       code   0x005a16    program   0x00000c
   CPU_DISABLEALLInt_CODE       code   0x005a22    program   0x000008
       .romdata_version.o    romdata   0x005a2a    program   0x000008
            .code_islvd.o       code   0x005a32    program   0x000006
  .romdata_serialNumber.o    romdata   0x005a38    program   0x000004
        .idata_status.o_i    romdata   0x005a3c    program   0x000007
        .idata_serial.o_i    romdata   0x005a43    program   0x000036
        .idata_rdsspi.o_i    romdata   0x005a79    program   0x000000
      .idata_modemGSM.o_i    romdata   0x005a79    program   0x000007
      .idata_opensspi.o_i    romdata   0x005a79    program   0x000000
 .idata_prgmem_access.o_i    romdata   0x005a79    program   0x000000
      .idata_putsuart.o_i    romdata   0x005a79    program   0x000000
           .idata_log.o_i    romdata   0x005a80    program   0x000001
          .idata_main.o_i    romdata   0x005a80    program   0x000000
           .idata_led.o_i    romdata   0x005a81    program   0x00000d
      .idata_fxd1616u.o_i    romdata   0x005a8e    program   0x000000
      .idata_fxd3232u.o_i    romdata   0x005a8e    program   0x000000
       .idata_iswdtto.o_i    romdata   0x005a8e    program   0x000000
        .idata_hw_spi.o_i    romdata   0x005a8e    program   0x000000
        .idata_device.o_i    romdata   0x005a8e    program   0x000004
       .idata_funcoes.o_i    romdata   0x005a8e    program   0x000000
       .idata_fxm3232.o_i    romdata   0x005a8e    program   0x000000
     .idata_interrupt.o_i    romdata   0x005a8e    program   0x000000
         .idata_isbor.o_i    romdata   0x005a8e    program   0x000000
    .idata_e2prom_loc.o_i    romdata   0x005a8e    program   0x000000
        .idata_e2prom.o_i    romdata   0x005a8e    program   0x000000
      .idata_getsuart.o_i    romdata   0x005a8e    program   0x000000
         .idata_islvd.o_i    romdata   0x005a8e    program   0x000000
         .idata_delay.o_i    romdata   0x005a92    program   0x000000
         .idata_c018i.o_i    romdata   0x005a92    program   0x000000
    .idata_bootloader.o_i    romdata   0x005a92    program   0x000000
         .idata_crc32.o_i    romdata   0x005a92    program   0x000000
      .idata_clrcsspi.o_i    romdata   0x005a92    program   0x000000
           .idata_cpu.o_i    romdata   0x005a92    program   0x000000
      .idata_SerialPC.o_i    romdata   0x005a92    program   0x000002
    .idata_FlashEprom.o_i    romdata   0x005a94    program   0x00002c
            .code_c018i.o       code   0x005ac0    program   0x000000
      .idata_AT45DBxx.o_i    romdata   0x005ac0    program   0x000000
       .code_e2prom_loc.o       code   0x005ac0    program   0x000000
    .config_300001_main.o    romdata   0x300001    program   0x000001
    .config_300002_main.o    romdata   0x300002    program   0x000001
    .config_300003_main.o    romdata   0x300003    program   0x000001
    .config_300005_main.o    romdata   0x300005    program   0x000001
    .config_300006_main.o    romdata   0x300006    program   0x000001
               eedata_scn    romdata   0xf00000    program   0x00001c
                MATH_DATA      udata   0x000000       data   0x000010
                 .tmpdata      udata   0x000010       data   0x000010
                DELAYDAT1      udata   0x000020       data   0x000001
               LOG_BUFFER      udata   0x000060       data   0x000083
             .idata_led.o      idata   0x0000e3       data   0x00000d
             .udata_log.o      udata   0x0000f0       data   0x00000b
          .udata_serial.o      udata   0x0000fb       data   0x000005
      SERIALPC_CMD_BUFFER      udata   0x000100       data   0x0000d4
      .idata_FlashEprom.o      idata   0x0001d4       data   0x00002c
          SERIALPC_BUFFER      udata   0x000200       data   0x0000d4
        .udata_modemGSM.o      udata   0x0002d4       data   0x000005
        .udata_SerialPC.o      udata   0x0002d9       data   0x000005
    .udata_serialNumber.o      udata   0x0002de       data   0x000004
      .udata_bootloader.o      udata   0x0002e2       data   0x000004
          .idata_device.o      idata   0x0002e6       data   0x000004
                 UARTDATA      udata   0x0002ea       data   0x000002
        .idata_SerialPC.o      idata   0x0002ec       data   0x000002
             .udata_led.o      udata   0x0002ee       data   0x000001
      .udata_FlashEprom.o      udata   0x0002ef       data   0x000001
         .idata_version.o      idata   0x0002f0       data   0x000001
           .idata_timer.o      idata   0x0002f1       data   0x000001
    .idata_serialNumber.o      idata   0x0002f2       data   0x000001
             .idata_log.o      idata   0x0002f3       data   0x000001
           .idata_isbor.o      idata   0x0002f4       data   0x000000
           .udata_isbor.o      udata   0x0002f4       data   0x000000
          .udata_e2prom.o      udata   0x0002f4       data   0x000000
          .idata_e2prom.o      idata   0x0002f4       data   0x000000
      .udata_e2prom_loc.o      udata   0x0002f4       data   0x000000
      .idata_e2prom_loc.o      idata   0x0002f4       data   0x000000
        .udata_AT45DBxx.o      udata   0x0002f4       data   0x000000
        .idata_AT45DBxx.o      idata   0x0002f4       data   0x000000
         .idata_fxm3232.o      idata   0x0002f4       data   0x000000
         .udata_fxm3232.o      udata   0x0002f4       data   0x000000
        .idata_fxd3232u.o      idata   0x0002f4       data   0x000000
      .idata_bootloader.o      idata   0x0002f4       data   0x000000
           .idata_c018i.o      idata   0x0002f4       data   0x000000
   .udata_prgmem_access.o      udata   0x0002f4       data   0x000000
   .idata_prgmem_access.o      idata   0x0002f4       data   0x000000
          .udata_hw_spi.o      udata   0x0002f4       data   0x000000
          .idata_hw_spi.o      idata   0x0002f4       data   0x000000
          .udata_timer0.o      udata   0x0002f4       data   0x000000
           .udata_islvd.o      udata   0x0002f4       data   0x000000
         .idata_iswdtto.o      idata   0x0002f4       data   0x000000
         .udata_iswdtto.o      udata   0x0002f4       data   0x000000
        .udata_fxd3232u.o      udata   0x0002f4       data   0x000000
          .idata_timer0.o      idata   0x0002f4       data   0x000000
           .idata_islvd.o      idata   0x0002f4       data   0x000000
        .udata_fxd1616u.o      udata   0x0002f4       data   0x000000
        .idata_fxd1616u.o      idata   0x0002f4       data   0x000000
             .idata_cpu.o      idata   0x0002f4       data   0x000000
             .udata_cpu.o      udata   0x0002f4       data   0x000000
          .udata_status.o      udata   0x0002f4       data   0x000000
            .idata_main.o      idata   0x0002f4       data   0x000000
            .udata_main.o      udata   0x0002f4       data   0x000000
       .idata_interrupt.o      idata   0x0002f4       data   0x000000
       .udata_interrupt.o      udata   0x0002f4       data   0x000000
         .idata_funcoes.o      idata   0x0002f4       data   0x000000
         .udata_funcoes.o      udata   0x0002f4       data   0x000000
           .idata_delay.o      idata   0x0002f4       data   0x000000
           .udata_delay.o      udata   0x0002f4       data   0x000000
         .udata_wrtsspi.o      udata   0x0002f4       data   0x000000
         .idata_wrtsspi.o      idata   0x0002f4       data   0x000000
        .udata_setcsspi.o      udata   0x0002f4       data   0x000000
        .idata_setcsspi.o      idata   0x0002f4       data   0x000000
          .udata_rdsspi.o      udata   0x0002f4       data   0x000000
           .idata_crc32.o      idata   0x0002f4       data   0x000000
           .udata_crc32.o      udata   0x0002f4       data   0x000000
        .idata_getsuart.o      idata   0x0002f4       data   0x000000
        .udata_getsuart.o      udata   0x0002f4       data   0x000000
        .idata_putsuart.o      idata   0x0002f4       data   0x000000
        .udata_putsuart.o      udata   0x0002f4       data   0x000000
.idata_sw_serial_delays.o      idata   0x0002f4       data   0x000000
.udata_sw_serial_delays.o      udata   0x0002f4       data   0x000000
        .idata_opensspi.o      idata   0x0002f4       data   0x000000
        .udata_opensspi.o      udata   0x0002f4       data   0x000000
        .idata_clrcsspi.o      idata   0x0002f4       data   0x000000
        .udata_clrcsspi.o      udata   0x0002f4       data   0x000000
          .idata_rdsspi.o      idata   0x0002f4       data   0x000000
           .udata_timer.o      udata   0x000300       data   0x0000a4
          .idata_serial.o      idata   0x0003a4       data   0x000036
           .udata_c018i.o      udata   0x0003da       data   0x00000a
         .udata_version.o      udata   0x0003e4       data   0x000008
          .idata_status.o      idata   0x0003ec       data   0x000007
        .idata_modemGSM.o      idata   0x0003f3       data   0x000007
          .udata_device.o      udata   0x0003fa       data   0x000006
               GSM_BUFFER      udata   0x000800       data   0x000200
                   .stack      udata   0x000c00       data   0x000100
              SFR_BANKED0      udata   0x000d60       data   0x00000c
              SFR_BANKED1      udata   0x000d70       data   0x00000c
              SFR_BANKED2      udata   0x000d80       data   0x00000c
              SFR_BANKED3      udata   0x000d90       data   0x000004
              SFR_BANKED4      udata   0x000dd4       data   0x000002
              SFR_BANKED5      udata   0x000dd8       data   0x000001
              SFR_BANKED6      udata   0x000de0       data   0x000008
              SFR_BANKED7      udata   0x000df0       data   0x000004
              SFR_BANKED8      udata   0x000df8       data   0x000001
              SFR_BANKED9      udata   0x000dfa       data   0x000001
             SFR_BANKED10      udata   0x000dfc       data   0x000001
             SFR_BANKED11      udata   0x000e20       data   0x000060
             SFR_BANKED12      udata   0x000f00       data   0x000060
            SFR_UNBANKED0      udata   0x000f60       data   0x000018
            SFR_UNBANKED1      udata   0x000f80       data   0x000080



                              Program Memory Usage 
                               Start         End      
                           ---------   ---------      
                            0x000000    0x005abf      
                            0x300001    0x300003      
                            0x300005    0x300006      
                            0xf00000    0xf0001b      
            23265 out of 66584 program addresses used, program memory utilization is 34%



                              Symbols - Sorted by Name
                     Name    Address   Location    Storage File                     
                ---------  ---------  ---------  --------- ---------                
            AT45DBXX_Init   0x0021d2    program     extern D:\Projects\Fontes\voxage\SMS BOX\source\AT45DBxx.c
            AT45DBXX_Read   0x0021da    program     extern D:\Projects\Fontes\voxage\SMS BOX\source\AT45DBxx.c
           AT45DBXX_Write   0x0022e2    program     extern D:\Projects\Fontes\voxage\SMS BOX\source\AT45DBxx.c
           BOOT_LDR_CRC32   0xf00010    program     extern D:\Projects\Fontes\voxage\SMS BOX\source\e2prom_loc.c
       BOOT_LDR_PCK_CNTRL   0xf0000c    program     extern D:\Projects\Fontes\voxage\SMS BOX\source\e2prom_loc.c
              BOOT_LDR_ST   0xf0000b    program     extern D:\Projects\Fontes\voxage\SMS BOX\source\e2prom_loc.c
                 Baud2Int   0x004954    program     extern D:\Projects\Fontes\voxage\SMS BOX\source\serial.c
             BoardVersion   0x005a2a    program     extern D:\Projects\Fontes\voxage\SMS BOX\source\version.c
        CPU_DisableAllInt   0x005a22    program     extern D:\Projects\Fontes\voxage\SMS BOX\source\CPU_disableAll_Int.asm
         CPU_EnableAllInt   0x0059b6    program     extern D:\Projects\Fontes\voxage\SMS BOX\source\CPU_EnableAll_Int.asm
                CPU_Reset   0x000012    program     extern D:\Projects\Fontes\voxage\SMS BOX\source\cpu.c
               CPU_RstWDT   0x00000e    program     extern D:\Projects\Fontes\voxage\SMS BOX\source\cpu.c
           ChangeFirmware   0x004244    program     extern D:\Projects\Fontes\voxage\SMS BOX\source\bootloader.c
          CheckBootLoader   0x003fda    program     extern D:\Projects\Fontes\voxage\SMS BOX\source\bootloader.c
              CheckDevice   0x003632    program     extern D:\Projects\Fontes\voxage\SMS BOX\source\device.c
      CheckGSM_ONOffState   0x001ffc    program     extern D:\Projects\Fontes\voxage\SMS BOX\source\modemGSM.c
                 CheckLed   0x004c36    program     extern D:\Projects\Fontes\voxage\SMS BOX\source\led.c
              CleanStatus   0x005498    program     extern D:\Projects\Fontes\voxage\SMS BOX\source\status.c
             ClearCSHWSPI   0x005890    program     extern D:\Projects\Fontes\voxage\SMS BOX\source\hw_spi.c
             ClearCSSWSPI   0x0059fc    program     extern D:\Projects\Fontes\voxage\SMS BOX\source\clrcsspi.c
                   D100_1   0x005964    program     static C:\MCC18\src\traditional\delays\d100tcyx.asm
                    D100x   0x005962    program     static C:\MCC18\src\traditional\delays\d100tcyx.asm
                    D10_1   0x00599a    program     static C:\MCC18\src\traditional\delays\d10tcyx.asm
                     D10x   0x005992    program     static C:\MCC18\src\traditional\delays\d10tcyx.asm
                   D1616S   0x005328    program     static C:\MCC18\src\traditional\math\fxd1616s.asm
                D1616SNEG   0x005336    program     static C:\MCC18\src\traditional\math\fxd1616s.asm
                 D1616SOK   0x005332    program     static C:\MCC18\src\traditional\math\fxd1616s.asm
                  D1616SX   0x005348    program     static C:\MCC18\src\traditional\math\fxd1616s.asm
                   D3232S   0x005382    program     static C:\MCC18\src\traditional\math\fxd3232s.asm
                D3232SNEG   0x005390    program     static C:\MCC18\src\traditional\math\fxd3232s.asm
                 D3232SOK   0x00538c    program     static C:\MCC18\src\traditional\math\fxd3232s.asm
                  D3232SX   0x0053b0    program     static C:\MCC18\src\traditional\math\fxd3232s.asm
                      D4x   0x005a0e    program     static D:\Projects\Fontes\voxage\SMS BOX\source\d4tcyx.asm
                  DA1616S   0x005318    program     static C:\MCC18\src\traditional\math\fxd1616s.asm
                  DA3232S   0x00536c    program     static C:\MCC18\src\traditional\math\fxd3232s.asm
                  DWTESTE   0xf00014    program     extern D:\Projects\Fontes\voxage\SMS BOX\source\e2prom_loc.c
             Delay100TCYx   0x005956    program     extern C:\MCC18\src\traditional\delays\d100tcyx.asm
              Delay10TCYx   0x00598a    program     extern C:\MCC18\src\traditional\delays\d10tcyx.asm
               Delay4TCYx   0x005a0a    program     extern D:\Projects\Fontes\voxage\SMS BOX\source\d4tcyx.asm
           DelayRXBitUART   0x0058ba    program     extern D:\Projects\Fontes\voxage\SMS BOX\source\sw_serial_delays.c
       DelayRXHalfBitUART   0x0058ae    program     extern D:\Projects\Fontes\voxage\SMS BOX\source\sw_serial_delays.c
           DelayTXBitUART   0x00589a    program     extern D:\Projects\Fontes\voxage\SMS BOX\source\sw_serial_delays.c
          Dev_ChangeState   0x003486    program     extern D:\Projects\Fontes\voxage\SMS BOX\source\device.c
            Dev_GetStatus   0x003598    program     extern D:\Projects\Fontes\voxage\SMS BOX\source\device.c
                 Dev_Init   0x0033c8    program     extern D:\Projects\Fontes\voxage\SMS BOX\source\device.c
           EnviaCMD_MODEM   0x0008ba    program     extern D:\Projects\Fontes\voxage\SMS BOX\source\SerialPC.c
                 FXD1616S   0x005306    program     extern C:\MCC18\src\traditional\math\fxd1616s.asm
                 FXD1616U   0x0058c6    program     extern C:\MCC18\src\traditional\math\fxd1616u.c
                 FXD3232S   0x005352    program     extern C:\MCC18\src\traditional\math\fxd3232s.asm
                 FXD3232U   0x005822    program     extern C:\MCC18\src\traditional\math\fxd3232u.c
                  FXM3232   0x0055ac    program     extern C:\MCC18\src\traditional\math\fxm3232.c
          FirmwareVersion   0x005a2e    program     extern D:\Projects\Fontes\voxage\SMS BOX\source\version.c
                FlashInit   0x0049dc    program     extern D:\Projects\Fontes\voxage\SMS BOX\source\FlashEprom.c
               Flash_Read   0x0049f6    program     extern D:\Projects\Fontes\voxage\SMS BOX\source\FlashEprom.c
               Flash_Test   0x004af6    program     extern D:\Projects\Fontes\voxage\SMS BOX\source\FlashEprom.c
              Flash_Write   0x004a76    program     extern D:\Projects\Fontes\voxage\SMS BOX\source\FlashEprom.c
          GetBoardVersion   0x0053ba    program     extern D:\Projects\Fontes\voxage\SMS BOX\source\version.c
             GetCalcCRC32   0x0041fa    program     extern D:\Projects\Fontes\voxage\SMS BOX\source\bootloader.c
                  GetChar   0x005134    program     static D:\Projects\Fontes\voxage\SMS BOX\source\readuart.asm
       GetFirmwareVersion   0x005410    program     extern D:\Projects\Fontes\voxage\SMS BOX\source\version.c
                    GetID   0x0054d6    program     extern D:\Projects\Fontes\voxage\SMS BOX\source\status.c
                   GetLog   0x0032cc    program     extern D:\Projects\Fontes\voxage\SMS BOX\source\log.c
              GetLogLevel   0x0033c0    program     extern D:\Projects\Fontes\voxage\SMS BOX\source\log.c
        GetSerialBaudRate   0x00488e    program     extern D:\Projects\Fontes\voxage\SMS BOX\source\serial.c
          GetSerialNumber   0x0056e2    program     extern D:\Projects\Fontes\voxage\SMS BOX\source\serialNumber.c
        GetSerialParidade   0x00489e    program     extern D:\Projects\Fontes\voxage\SMS BOX\source\serial.c
        GetSerialStopBits   0x004896    program     extern D:\Projects\Fontes\voxage\SMS BOX\source\serial.c
                GetStatus   0x0054ca    program     extern D:\Projects\Fontes\voxage\SMS BOX\source\status.c
             GetTickCount   0x003c8c    program     extern D:\Projects\Fontes\voxage\SMS BOX\source\timer.c
                 GetTimer   0x003cae    program     extern D:\Projects\Fontes\voxage\SMS BOX\source\timer.c
             IncLogPtrEnd   0x0031d0    program     extern D:\Projects\Fontes\voxage\SMS BOX\source\log.c
           IncLogPtrStart   0x0031e8    program     extern D:\Projects\Fontes\voxage\SMS BOX\source\log.c
             IncTickCount   0x003ca0    program     extern D:\Projects\Fontes\voxage\SMS BOX\source\timer.c
               InitSerial   0x0047ac    program     extern D:\Projects\Fontes\voxage\SMS BOX\source\serial.c
                InitTimer   0x003c32    program     extern D:\Projects\Fontes\voxage\SMS BOX\source\timer.c
               InitTimer0   0x0059ca    program     extern D:\Projects\Fontes\voxage\SMS BOX\source\timer0.c
         InterruptHandler   0x0042d0    program     extern D:\Projects\Fontes\voxage\SMS BOX\source\interrupt.c
      InterruptHandlerLow   0x004392    program     extern D:\Projects\Fontes\voxage\SMS BOX\source\interrupt.c
              IsConnected   0x0008a6    program     extern D:\Projects\Fontes\voxage\SMS BOX\source\SerialPC.c
           IsTimerTimeOut   0x003e80    program     extern D:\Projects\Fontes\voxage\SMS BOX\source\timer.c
                LOG_LEVEL   0xf00008    program     extern D:\Projects\Fontes\voxage\SMS BOX\source\e2prom_loc.c
              LOG_PTR_END   0xf00004    program     extern D:\Projects\Fontes\voxage\SMS BOX\source\e2prom_loc.c
              LOG_PTR_STA   0xf00000    program     extern D:\Projects\Fontes\voxage\SMS BOX\source\e2prom_loc.c
                LOG_STAMP   0xf00009    program     extern D:\Projects\Fontes\voxage\SMS BOX\source\e2prom_loc.c
                  LedInit   0x004bdc    program     extern D:\Projects\Fontes\voxage\SMS BOX\source\led.c
              LedSetState   0x004c0c    program     extern D:\Projects\Fontes\voxage\SMS BOX\source\led.c
                      Log   0x003018    program     extern D:\Projects\Fontes\voxage\SMS BOX\source\log.c
                  LogInit   0x002ef6    program     extern D:\Projects\Fontes\voxage\SMS BOX\source\log.c
              LogSetLevel   0x002fec    program     extern D:\Projects\Fontes\voxage\SMS BOX\source\log.c
               MakeHeader   0x0014e4    program     extern D:\Projects\Fontes\voxage\SMS BOX\source\SerialPC.c
      ModemGSM_ChangeCard   0x001944    program     extern D:\Projects\Fontes\voxage\SMS BOX\source\modemGSM.c
ModemGSM_ChangeCheckONOFFTimer   0x002180    program     extern D:\Projects\Fontes\voxage\SMS BOX\source\modemGSM.c
ModemGSM_Change_State_SIM_PRESENCE   0x001c14    program     extern D:\Projects\Fontes\voxage\SMS BOX\source\modemGSM.c
        ModemGSM_CheckMSG   0x001a96    program     extern D:\Projects\Fontes\voxage\SMS BOX\source\modemGSM.c
ModemGSM_GetActiveSIMCard   0x001c34    program     extern D:\Projects\Fontes\voxage\SMS BOX\source\modemGSM.c
            ModemGSM_Init   0x00157c    program     extern D:\Projects\Fontes\voxage\SMS BOX\source\modemGSM.c
        ModemGSM_InitGPIO   0x0019a0    program     extern D:\Projects\Fontes\voxage\SMS BOX\source\modemGSM.c
            ModemGSM_IsOn   0x001928    program     extern D:\Projects\Fontes\voxage\SMS BOX\source\modemGSM.c
         ModemGSM_IsReady   0x001c04    program     extern D:\Projects\Fontes\voxage\SMS BOX\source\modemGSM.c
             ModemGSM_Off   0x001880    program     extern D:\Projects\Fontes\voxage\SMS BOX\source\modemGSM.c
        ModemGSM_OffNoBlk   0x001eda    program     extern D:\Projects\Fontes\voxage\SMS BOX\source\modemGSM.c
              ModemGSM_On   0x001818    program     extern D:\Projects\Fontes\voxage\SMS BOX\source\modemGSM.c
         ModemGSM_OnNoBlk   0x001c3c    program     extern D:\Projects\Fontes\voxage\SMS BOX\source\modemGSM.c
ModemGSM_ProcessaMensagens   0x001a08    program     extern D:\Projects\Fontes\voxage\SMS BOX\source\modemGSM.c
ModemGSM_ResetStateSIMCARD   0x001994    program     extern D:\Projects\Fontes\voxage\SMS BOX\source\modemGSM.c
         ModemGSM_Restart   0x001934    program     extern D:\Projects\Fontes\voxage\SMS BOX\source\modemGSM.c
       ModemGSM_SendATCMD   0x0019b4    program     extern D:\Projects\Fontes\voxage\SMS BOX\source\modemGSM.c
                OpenHWSPI   0x00586a    program     extern D:\Projects\Fontes\voxage\SMS BOX\source\hw_spi.c
                OpenSWSPI   0x0059dc    program     extern D:\Projects\Fontes\voxage\SMS BOX\source\opensspi.c
                 OpenUART   0x00515c    program     extern D:\Projects\Fontes\voxage\SMS BOX\source\openuart.asm
                PageWrite   0x002c3c    program     extern D:\Projects\Fontes\voxage\SMS BOX\source\prgmem_access.c
        PageWriteMainMemo   0x002756    program     extern D:\Projects\Fontes\voxage\SMS BOX\source\AT45DBxx.c
          ProcessaCMD_ASC   0x0005c8    program     extern D:\Projects\Fontes\voxage\SMS BOX\source\SerialPC.c
ProcessaCMD_BOOTLOADER_CHANGEFW   0x001448    program     extern D:\Projects\Fontes\voxage\SMS BOX\source\SerialPC.c
ProcessaCMD_BOOTLOADER_GETCRC32   0x0012fe    program     extern D:\Projects\Fontes\voxage\SMS BOX\source\SerialPC.c
ProcessaCMD_BOOTLOADER_UPLOAD_FW   0x0011e8    program     extern D:\Projects\Fontes\voxage\SMS BOX\source\SerialPC.c
   ProcessaCMD_GET_DEV_ST   0x000ece    program     extern D:\Projects\Fontes\voxage\SMS BOX\source\SerialPC.c
      ProcessaCMD_GET_LOG   0x000fe8    program     extern D:\Projects\Fontes\voxage\SMS BOX\source\SerialPC.c
        ProcessaCMD_HELLO   0x000378    program     extern D:\Projects\Fontes\voxage\SMS BOX\source\SerialPC.c
        ProcessaCMD_MODEM   0x0004f2    program     extern D:\Projects\Fontes\voxage\SMS BOX\source\SerialPC.c
   ProcessaCMD_SET_DEV_ST   0x000da2    program     extern D:\Projects\Fontes\voxage\SMS BOX\source\SerialPC.c
        ProcessaCMD_SONDA   0x000a72    program     extern D:\Projects\Fontes\voxage\SMS BOX\source\SerialPC.c
       ProcessaCMD_STATUS   0x000a8e    program     extern D:\Projects\Fontes\voxage\SMS BOX\source\SerialPC.c
      ProcessaCMD_VERSION   0x000b86    program     extern D:\Projects\Fontes\voxage\SMS BOX\source\SerialPC.c
          ProcessaPacotes   0x000234    program     extern D:\Projects\Fontes\voxage\SMS BOX\source\SerialPC.c
        ProcessaProtocolo   0x0000b6    program     extern D:\Projects\Fontes\voxage\SMS BOX\source\SerialPC.c
                ReadHWSPI   0x005894    program     extern D:\Projects\Fontes\voxage\SMS BOX\source\hw_spi.c
                ReadSWSPI   0x00573a    program     extern D:\Projects\Fontes\voxage\SMS BOX\source\rdsspi.c
                 ReadUART   0x00511a    program     extern D:\Projects\Fontes\voxage\SMS BOX\source\readuart.asm
               ReceiveOff   0x0048dc    program     extern D:\Projects\Fontes\voxage\SMS BOX\source\serial.c
                ReceiveOn   0x0048e8    program     extern D:\Projects\Fontes\voxage\SMS BOX\source\serial.c
             ReleaseTimer   0x003d9e    program     extern D:\Projects\Fontes\voxage\SMS BOX\source\timer.c
                 RemapISR   0x00439a    program     extern D:\Projects\Fontes\voxage\SMS BOX\source\interrupt.c
    RemapInterruptHandler   0x004502    program     extern D:\Projects\Fontes\voxage\SMS BOX\source\interrupt.c
               ResetCRC32   0x00420e    program     extern D:\Projects\Fontes\voxage\SMS BOX\source\bootloader.c
             RestartTimer   0x003f1e    program     extern D:\Projects\Fontes\voxage\SMS BOX\source\timer.c
         ResumeFactorySet   0x004b8a    program     extern D:\Projects\Fontes\voxage\SMS BOX\source\FlashEprom.c
            SERIAL_NUMBER   0xf00018    program     extern D:\Projects\Fontes\voxage\SMS BOX\source\e2prom_loc.c
              ScaleLogPtr   0x003200    program     extern D:\Projects\Fontes\voxage\SMS BOX\source\log.c
                  SendBit   0x0050d6    program     static D:\Projects\Fontes\voxage\SMS BOX\source\writuart.asm
                SendStart   0x0050da    program     static D:\Projects\Fontes\voxage\SMS BOX\source\writuart.asm
            SerialGetchar   0x0048a6    program     extern D:\Projects\Fontes\voxage\SMS BOX\source\serial.c
             SerialNumber   0x005a38    program     extern D:\Projects\Fontes\voxage\SMS BOX\source\serialNumber.c
             SerialPCInit   0x0000a4    program     extern D:\Projects\Fontes\voxage\SMS BOX\source\SerialPC.c
               SerialPutc   0x0048ac    program     extern D:\Projects\Fontes\voxage\SMS BOX\source\serial.c
               SerialPuts   0x00490a    program     extern D:\Projects\Fontes\voxage\SMS BOX\source\serial.c
               SetCSHWSPI   0x00588c    program     extern D:\Projects\Fontes\voxage\SMS BOX\source\hw_spi.c
               SetCSSWSPI   0x0059ee    program     extern D:\Projects\Fontes\voxage\SMS BOX\source\setcsspi.c
                SetStatus   0x005466    program     extern D:\Projects\Fontes\voxage\SMS BOX\source\status.c
             UpLoad2Flash   0x00402e    program     extern D:\Projects\Fontes\voxage\SMS BOX\source\bootloader.c
              UpdateState   0x00371c    program     extern D:\Projects\Fontes\voxage\SMS BOX\source\device.c
                 WaitBusy   0x002508    program     extern D:\Projects\Fontes\voxage\SMS BOX\source\AT45DBxx.c
                 WaitChar   0x005122    program     static D:\Projects\Fontes\voxage\SMS BOX\source\readuart.asm
           Write24BitAddr   0x00268c    program     extern D:\Projects\Fontes\voxage\SMS BOX\source\AT45DBxx.c
             WriteBuffer1   0x002852    program     extern D:\Projects\Fontes\voxage\SMS BOX\source\AT45DBxx.c
   WriteBuffer1ToMainMemo   0x0028da    program     extern D:\Projects\Fontes\voxage\SMS BOX\source\AT45DBxx.c
           WriteFlashAddr   0x002564    program     extern D:\Projects\Fontes\voxage\SMS BOX\source\AT45DBxx.c
               WriteHWSPI   0x00586e    program     extern D:\Projects\Fontes\voxage\SMS BOX\source\hw_spi.c
           WriteLog2Flash   0x0030a2    program     extern D:\Projects\Fontes\voxage\SMS BOX\source\log.c
   WriteMainMemoToBuffer1   0x002968    program     extern D:\Projects\Fontes\voxage\SMS BOX\source\AT45DBxx.c
               WriteSWSPI   0x00578c    program     extern D:\Projects\Fontes\voxage\SMS BOX\source\wrtsspi.c
                WriteUART   0x0050bc    program     extern D:\Projects\Fontes\voxage\SMS BOX\source\writuart.asm
              _2jContinue   0x004e80    program     static C:\MCC18\src\traditional\stdclib\memset.asm
              _3jContinue   0x004e4c    program     static C:\MCC18\src\traditional\stdclib\mcpyp2r.asm
                   _3jEnd   0x004e8a    program     static C:\MCC18\src\traditional\stdclib\memset.asm
              _4jContinue   0x004df8    program     static C:\MCC18\src\traditional\stdclib\memcpy.asm
              _4jContinue   0x004f0e    program     static C:\MCC18\src\traditional\stdclib\strncmp.asm
                   _4jEnd   0x004e56    program     static C:\MCC18\src\traditional\stdclib\mcpyp2r.asm
                   _5jEnd   0x004f18    program     static C:\MCC18\src\traditional\stdclib\strncmp.asm
                   _5jEnd   0x004e02    program     static C:\MCC18\src\traditional\stdclib\memcpy.asm
       _D100TCYXCODE_0008   0x00595e    program     static C:\MCC18\src\traditional\delays\d100tcyx.asm
       _D100TCYXCODE_0012   0x005968    program     static C:\MCC18\src\traditional\delays\d100tcyx.asm
       _D100TCYXCODE_0018   0x00596e    program     static C:\MCC18\src\traditional\delays\d100tcyx.asm
        _D10TCYXCODE_000A   0x005994    program     static C:\MCC18\src\traditional\delays\d10tcyx.asm
        _D10TCYXCODE_000C   0x005996    program     static C:\MCC18\src\traditional\delays\d10tcyx.asm
        _D10TCYXCODE_000E   0x005998    program     static C:\MCC18\src\traditional\delays\d10tcyx.asm
         _D1TCYXCODE_0008   0x005a12    program     static D:\Projects\Fontes\voxage\SMS BOX\source\d4tcyx.asm
          ___for_lbl00001   0x002a3c    program     static                          
          ___for_lbl00002   0x002a40    program     static                          
          ___for_lbl00003   0x002a1c    program     static                          
          ___for_lbl00011   0x002d50    program     static                          
          ___for_lbl00012   0x002d56    program     static                          
          ___for_lbl00013   0x002d10    program     static                          
          ___for_lbl00015   0x002dd6    program     static                          
          ___for_lbl00016   0x002ddc    program     static                          
          ___for_lbl00017   0x002dac    program     static                          
          ___for_lbl00019   0x002ed0    program     static                          
          ___for_lbl00020   0x002ed6    program     static                          
          ___for_lbl00022   0x002e8c    program     static                          
           ___if_lbl00002   0x00431a    program     static                          
           ___if_lbl00003   0x004324    program     static                          
           ___if_lbl00006   0x004332    program     static                          
           ___if_lbl00007   0x00433e    program     static                          
           ___if_lbl00008   0x004360    program     static                          
           ___if_lbl00014   0x002d76    program     static                          
           ___if_lbl00018   0x002de8    program     static                          
           ___if_lbl00021   0x002ed0    program     static                          
       ___return_lbl00000   0x000004    program     static                          
       ___return_lbl00000   0x005868    program     static                          
       ___return_lbl00000   0x0059fa    program     static                          
       ___return_lbl00000   0x00000c    program     static                          
       ___return_lbl00000   0x0058f0    program     static                          
       ___return_lbl00000   0x0058ac    program     static                          
       ___return_lbl00000   0x005a08    program     static                          
       ___return_lbl00000   0x002a46    program     static                          
       ___return_lbl00000   0x00561a    program     static                          
       ___return_lbl00001   0x005954    program     static                          
       ___return_lbl00001   0x000016    program     static                          
       ___return_lbl00001   0x004362    program     static                          
       ___return_lbl00002   0x0055aa    program     static                          
       ___return_lbl00009   0x00001c    program     static                          
       ___return_lbl00010   0x002eda    program     static                          
        ___while_lbl00004   0x004324    program     static                          
        ___while_lbl00005   0x004362    program     static                          
               __config_0   0x300001    program     static D:\Projects\Fontes\voxage\SMS BOX\source\main.c
               __config_1   0x300002    program     static D:\Projects\Fontes\voxage\SMS BOX\source\main.c
               __config_2   0x300003    program     static D:\Projects\Fontes\voxage\SMS BOX\source\main.c
               __config_3   0x300005    program     static D:\Projects\Fontes\voxage\SMS BOX\source\main.c
               __config_4   0x300006    program     static D:\Projects\Fontes\voxage\SMS BOX\source\main.c
                   __init   0x005246    program     extern D:\Projects\Fontes\voxage\SMS BOX\source\main.c
               __string_0   0x0059b0    program     static D:\Projects\Fontes\voxage\SMS BOX\source\modemGSM.c
               __string_1   0x0059a5    program     static D:\Projects\Fontes\voxage\SMS BOX\source\modemGSM.c
               __string_2   0x0059a0    program     static D:\Projects\Fontes\voxage\SMS BOX\source\modemGSM.c
            __zero_memory   0x00591a    program     extern C:\MCC18\src\traditional\proc\p18F4680.asm
                _do_cinit   0x00550e    program     extern D:\Projects\Fontes\voxage\SMS BOX\source\c018i.c
                   _entry   0x000000    program     extern D:\Projects\Fontes\voxage\SMS BOX\source\c018i.c
                   _false   0x005864    program     static                          
                 _startup   0x00593a    program     extern D:\Projects\Fontes\voxage\SMS BOX\source\c018i.c
                 abs_word   0x0051e4    program     extern D:\Projects\Fontes\voxage\SMS BOX\source\funcoes.c
                ascii2int   0x005184    program     extern D:\Projects\Fontes\voxage\SMS BOX\source\funcoes.c
                compare_l   0x005930    program     static C:\MCC18\src\traditional\proc\p18F4680.asm
                copy_loop   0x005580    program     static                          
            copy_one_byte   0x005586    program     static                          
                   crc32c   0x004f7e    program     extern D:\Projects\Fontes\voxage\SMS BOX\source\crc32.c
             crc32c_table   0x003832    program     static D:\Projects\Fontes\voxage\SMS BOX\source\crc32.c
                    delay   0x00561c    program     extern D:\Projects\Fontes\voxage\SMS BOX\source\delay.c
                     done   0x0055aa    program     static                          
             done_copying   0x005594    program     static                          
              e2prom_read   0x004560    program     extern D:\Projects\Fontes\voxage\SMS BOX\source\e2prom.c
             e2prom_write   0x004654    program     extern D:\Projects\Fontes\voxage\SMS BOX\source\e2prom.c
                  endloop   0x0058ec    program     static                          
                 enviaACK   0x0007bc    program     extern D:\Projects\Fontes\voxage\SMS BOX\source\SerialPC.c
                enviaNACK   0x00082a    program     extern D:\Projects\Fontes\voxage\SMS BOX\source\SerialPC.c
           enviarPacotePC   0x0006da    program     extern D:\Projects\Fontes\voxage\SMS BOX\source\SerialPC.c
                 getsUART   0x005688    program     extern D:\Projects\Fontes\voxage\SMS BOX\source\getsuart.c
 interrupt_at_high_vector   0x000008    program     extern D:\Projects\Fontes\voxage\SMS BOX\source\interrupt.c
  interrupt_at_low_vector   0x000018    program     extern D:\Projects\Fontes\voxage\SMS BOX\source\interrupt.c
                    isBOR   0x005a16    program     extern C:\MCC18\src\pmc_common\reset\isbor.c
                    isLVD   0x005a32    program     extern C:\MCC18\src\pmc_common\reset\islvd.c
                  isWDTTO   0x005972    program     extern C:\MCC18\src\pmc_common\reset\iswdtto.c
                     jEnd   0x004ec4    program     static C:\MCC18\src\traditional\stdclib\scpyp2r.asm
                     jEnd   0x004e08    program     static C:\MCC18\src\traditional\stdclib\memcpy.asm
                     jEnd   0x004e92    program     static C:\MCC18\src\traditional\stdclib\memset.asm
                     jEnd   0x004ee0    program     static C:\MCC18\src\traditional\stdclib\strlen.asm
                     jEnd   0x004e5e    program     static C:\MCC18\src\traditional\stdclib\mcpyp2r.asm
                     jEnd   0x004f22    program     static C:\MCC18\src\traditional\stdclib\strncmp.asm
               jInnerLoop   0x004f5e    program     static C:\MCC18\src\traditional\stdclib\sstrrp.asm
                    jLoop   0x004e40    program     static C:\MCC18\src\traditional\stdclib\mcpyp2r.asm
                    jLoop   0x004e74    program     static C:\MCC18\src\traditional\stdclib\memset.asm
                    jLoop   0x004eba    program     static C:\MCC18\src\traditional\stdclib\scpyp2r.asm
                    jLoop   0x004dec    program     static C:\MCC18\src\traditional\stdclib\memcpy.asm
                    jLoop   0x004ed6    program     static C:\MCC18\src\traditional\stdclib\strlen.asm
                    jLoop   0x004f02    program     static C:\MCC18\src\traditional\stdclib\strncmp.asm
                 jNoMatch   0x004f6e    program     static C:\MCC18\src\traditional\stdclib\sstrrp.asm
                 jNoMatch   0x005918    program     static C:\MCC18\src\traditional\stdclib\toupper.asm
                    jNull   0x004f78    program     static C:\MCC18\src\traditional\stdclib\sstrrp.asm
               jOuterLoop   0x004f44    program     static C:\MCC18\src\traditional\stdclib\sstrrp.asm
                jStrMatch   0x004f7c    program     static C:\MCC18\src\traditional\stdclib\sstrrp.asm
                     loop   0x0058d0    program     static                          
                     loop   0x005830    program     static                          
                     loop   0x00594a    program     static                          
                   loop_h   0x005928    program     static C:\MCC18\src\traditional\proc\p18F4680.asm
                   loop_l   0x005932    program     static C:\MCC18\src\traditional\proc\p18F4680.asm
                     main   0x00524a    program     extern D:\Projects\Fontes\voxage\SMS BOX\source\main.c
                   memcpy   0x004dc4    program     extern C:\MCC18\src\traditional\stdclib\memcpy.asm
            memcpypgm2ram   0x004e1a    program     extern C:\MCC18\src\traditional\stdclib\mcpyp2r.asm
              memprg_read   0x0029f6    program     extern D:\Projects\Fontes\voxage\SMS BOX\source\prgmem_access.c
             memprg_write   0x002a54    program     extern D:\Projects\Fontes\voxage\SMS BOX\source\prgmem_access.c
                   memset   0x004e60    program     extern C:\MCC18\src\traditional\stdclib\memset.asm
                 putsUART   0x0057da    program     extern D:\Projects\Fontes\voxage\SMS BOX\source\putsuart.c
            strcpypgm2ram   0x004e94    program     extern C:\MCC18\src\traditional\stdclib\scpyp2r.asm
                   strlen   0x004ec6    program     extern C:\MCC18\src\traditional\stdclib\strlen.asm
                  strncmp   0x004ee2    program     extern C:\MCC18\src\traditional\stdclib\strncmp.asm
             strstrrampgm   0x004f38    program     extern C:\MCC18\src\traditional\stdclib\sstrrp.asm
                     test   0x005528    program     static                          
                  toupper   0x0058f2    program     extern C:\MCC18\src\traditional\stdclib\toupper.asm
               zero_block   0x005928    program     static C:\MCC18\src\traditional\proc\p18F4680.asm
                   ADCON0   0x000fc2       data     extern C:\MCC18\src\traditional\proc\p18F4680.asm
               ADCON0bits   0x000fc2       data     extern C:\MCC18\src\traditional\proc\p18F4680.asm
                   ADCON1   0x000fc1       data     extern C:\MCC18\src\traditional\proc\p18F4680.asm
               ADCON1bits   0x000fc1       data     extern C:\MCC18\src\traditional\proc\p18F4680.asm
                   ADCON2   0x000fc0       data     extern C:\MCC18\src\traditional\proc\p18F4680.asm
               ADCON2bits   0x000fc0       data     extern C:\MCC18\src\traditional\proc\p18F4680.asm
                    ADRES   0x000fc3       data     extern C:\MCC18\src\traditional\proc\p18F4680.asm
                   ADRESH   0x000fc4       data     extern C:\MCC18\src\traditional\proc\p18F4680.asm
                   ADRESL   0x000fc3       data     extern C:\MCC18\src\traditional\proc\p18F4680.asm
                    B0CON   0x000e20       data     extern C:\MCC18\src\traditional\proc\p18F4680.asm
                B0CONbits   0x000e20       data     extern C:\MCC18\src\traditional\proc\p18F4680.asm
                     B0D0   0x000e26       data     extern C:\MCC18\src\traditional\proc\p18F4680.asm
                 B0D0bits   0x000e26       data     extern C:\MCC18\src\traditional\proc\p18F4680.asm
                     B0D1   0x000e27       data     extern C:\MCC18\src\traditional\proc\p18F4680.asm
                 B0D1bits   0x000e27       data     extern C:\MCC18\src\traditional\proc\p18F4680.asm
                     B0D2   0x000e28       data     extern C:\MCC18\src\traditional\proc\p18F4680.asm
                 B0D2bits   0x000e28       data     extern C:\MCC18\src\traditional\proc\p18F4680.asm
                     B0D3   0x000e29       data     extern C:\MCC18\src\traditional\proc\p18F4680.asm
                 B0D3bits   0x000e29       data     extern C:\MCC18\src\traditional\proc\p18F4680.asm
                     B0D4   0x000e2a       data     extern C:\MCC18\src\traditional\proc\p18F4680.asm
                 B0D4bits   0x000e2a       data     extern C:\MCC18\src\traditional\proc\p18F4680.asm
                     B0D5   0x000e2b       data     extern C:\MCC18\src\traditional\proc\p18F4680.asm
                 B0D5bits   0x000e2b       data     extern C:\MCC18\src\traditional\proc\p18F4680.asm
                     B0D6   0x000e2c       data     extern C:\MCC18\src\traditional\proc\p18F4680.asm
                 B0D6bits   0x000e2c       data     extern C:\MCC18\src\traditional\proc\p18F4680.asm
                     B0D7   0x000e2d       data     extern C:\MCC18\src\traditional\proc\p18F4680.asm
                 B0D7bits   0x000e2d       data     extern C:\MCC18\src\traditional\proc\p18F4680.asm
                    B0DLC   0x000e25       data     extern C:\MCC18\src\traditional\proc\p18F4680.asm
                B0DLCbits   0x000e25       data     extern C:\MCC18\src\traditional\proc\p18F4680.asm
                   B0EIDH   0x000e23       data     extern C:\MCC18\src\traditional\proc\p18F4680.asm
               B0EIDHbits   0x000e23       data     extern C:\MCC18\src\traditional\proc\p18F4680.asm
                   B0EIDL   0x000e24       data     extern C:\MCC18\src\traditional\proc\p18F4680.asm
               B0EIDLbits   0x000e24       data     extern C:\MCC18\src\traditional\proc\p18F4680.asm
                   B0SIDH   0x000e21       data     extern C:\MCC18\src\traditional\proc\p18F4680.asm
               B0SIDHbits   0x000e21       data     extern C:\MCC18\src\traditional\proc\p18F4680.asm
                   B0SIDL   0x000e22       data     extern C:\MCC18\src\traditional\proc\p18F4680.asm
               B0SIDLbits   0x000e22       data     extern C:\MCC18\src\traditional\proc\p18F4680.asm
                    B1CON   0x000e30       data     extern C:\MCC18\src\traditional\proc\p18F4680.asm
                B1CONbits   0x000e30       data     extern C:\MCC18\src\traditional\proc\p18F4680.asm
                     B1D0   0x000e36       data     extern C:\MCC18\src\traditional\proc\p18F4680.asm
                 B1D0bits   0x000e36       data     extern C:\MCC18\src\traditional\proc\p18F4680.asm
                     B1D1   0x000e37       data     extern C:\MCC18\src\traditional\proc\p18F4680.asm
                 B1D1bits   0x000e37       data     extern C:\MCC18\src\traditional\proc\p18F4680.asm
                     B1D2   0x000e38       data     extern C:\MCC18\src\traditional\proc\p18F4680.asm
                 B1D2bits   0x000e38       data     extern C:\MCC18\src\traditional\proc\p18F4680.asm
                     B1D3   0x000e39       data     extern C:\MCC18\src\traditional\proc\p18F4680.asm
                 B1D3bits   0x000e39       data     extern C:\MCC18\src\traditional\proc\p18F4680.asm
                     B1D4   0x000e3a       data     extern C:\MCC18\src\traditional\proc\p18F4680.asm
                 B1D4bits   0x000e3a       data     extern C:\MCC18\src\traditional\proc\p18F4680.asm
                     B1D5   0x000e3b       data     extern C:\MCC18\src\traditional\proc\p18F4680.asm
                 B1D5bits   0x000e3b       data     extern C:\MCC18\src\traditional\proc\p18F4680.asm
                     B1D6   0x000e3c       data     extern C:\MCC18\src\traditional\proc\p18F4680.asm
                 B1D6bits   0x000e3c       data     extern C:\MCC18\src\traditional\proc\p18F4680.asm
                     B1D7   0x000e3d       data     extern C:\MCC18\src\traditional\proc\p18F4680.asm
                 B1D7bits   0x000e3d       data     extern C:\MCC18\src\traditional\proc\p18F4680.asm
                    B1DLC   0x000e35       data     extern C:\MCC18\src\traditional\proc\p18F4680.asm
                B1DLCbits   0x000e35       data     extern C:\MCC18\src\traditional\proc\p18F4680.asm
                   B1EIDH   0x000e33       data     extern C:\MCC18\src\traditional\proc\p18F4680.asm
               B1EIDHbits   0x000e33       data     extern C:\MCC18\src\traditional\proc\p18F4680.asm
                   B1EIDL   0x000e34       data     extern C:\MCC18\src\traditional\proc\p18F4680.asm
               B1EIDLbits   0x000e34       data     extern C:\MCC18\src\traditional\proc\p18F4680.asm
                   B1SIDH   0x000e31       data     extern C:\MCC18\src\traditional\proc\p18F4680.asm
               B1SIDHbits   0x000e31       data     extern C:\MCC18\src\traditional\proc\p18F4680.asm
                   B1SIDL   0x000e32       data     extern C:\MCC18\src\traditional\proc\p18F4680.asm
               B1SIDLbits   0x000e32       data     extern C:\MCC18\src\traditional\proc\p18F4680.asm
                    B2CON   0x000e40       data     extern C:\MCC18\src\traditional\proc\p18F4680.asm
                B2CONbits   0x000e40       data     extern C:\MCC18\src\traditional\proc\p18F4680.asm
                     B2D0   0x000e46       data     extern C:\MCC18\src\traditional\proc\p18F4680.asm
                 B2D0bits   0x000e46       data     extern C:\MCC18\src\traditional\proc\p18F4680.asm
                     B2D1   0x000e47       data     extern C:\MCC18\src\traditional\proc\p18F4680.asm
                 B2D1bits   0x000e47       data     extern C:\MCC18\src\traditional\proc\p18F4680.asm
                     B2D2   0x000e48       data     extern C:\MCC18\src\traditional\proc\p18F4680.asm
                 B2D2bits   0x000e48       data     extern C:\MCC18\src\traditional\proc\p18F4680.asm
                     B2D3   0x000e49       data     extern C:\MCC18\src\traditional\proc\p18F4680.asm
                 B2D3bits   0x000e49       data     extern C:\MCC18\src\traditional\proc\p18F4680.asm
                     B2D4   0x000e4a       data     extern C:\MCC18\src\traditional\proc\p18F4680.asm
                 B2D4bits   0x000e4a       data     extern C:\MCC18\src\traditional\proc\p18F4680.asm
                     B2D5   0x000e4b       data     extern C:\MCC18\src\traditional\proc\p18F4680.asm
                 B2D5bits   0x000e4b       data     extern C:\MCC18\src\traditional\proc\p18F4680.asm
                     B2D6   0x000e4c       data     extern C:\MCC18\src\traditional\proc\p18F4680.asm
                 B2D6bits   0x000e4c       data     extern C:\MCC18\src\traditional\proc\p18F4680.asm
                     B2D7   0x000e4d       data     extern C:\MCC18\src\traditional\proc\p18F4680.asm
                 B2D7bits   0x000e4d       data     extern C:\MCC18\src\traditional\proc\p18F4680.asm
                    B2DLC   0x000e45       data     extern C:\MCC18\src\traditional\proc\p18F4680.asm
                B2DLCbits   0x000e45       data     extern C:\MCC18\src\traditional\proc\p18F4680.asm
                   B2EIDH   0x000e43       data     extern C:\MCC18\src\traditional\proc\p18F4680.asm
               B2EIDHbits   0x000e43       data     extern C:\MCC18\src\traditional\proc\p18F4680.asm
                   B2EIDL   0x000e44       data     extern C:\MCC18\src\traditional\proc\p18F4680.asm
               B2EIDLbits   0x000e44       data     extern C:\MCC18\src\traditional\proc\p18F4680.asm
                   B2SIDH   0x000e41       data     extern C:\MCC18\src\traditional\proc\p18F4680.asm
               B2SIDHbits   0x000e41       data     extern C:\MCC18\src\traditional\proc\p18F4680.asm
                   B2SIDL   0x000e42       data     extern C:\MCC18\src\traditional\proc\p18F4680.asm
               B2SIDLbits   0x000e42       data     extern C:\MCC18\src\traditional\proc\p18F4680.asm
                    B3CON   0x000e50       data     extern C:\MCC18\src\traditional\proc\p18F4680.asm
                B3CONbits   0x000e50       data     extern C:\MCC18\src\traditional\proc\p18F4680.asm
                     B3D0   0x000e56       data     extern C:\MCC18\src\traditional\proc\p18F4680.asm
                 B3D0bits   0x000e56       data     extern C:\MCC18\src\traditional\proc\p18F4680.asm
                     B3D1   0x000e57       data     extern C:\MCC18\src\traditional\proc\p18F4680.asm
                 B3D1bits   0x000e57       data     extern C:\MCC18\src\traditional\proc\p18F4680.asm
                     B3D2   0x000e58       data     extern C:\MCC18\src\traditional\proc\p18F4680.asm
                 B3D2bits   0x000e58       data     extern C:\MCC18\src\traditional\proc\p18F4680.asm
                     B3D3   0x000e59       data     extern C:\MCC18\src\traditional\proc\p18F4680.asm
                 B3D3bits   0x000e59       data     extern C:\MCC18\src\traditional\proc\p18F4680.asm
                     B3D4   0x000e5a       data     extern C:\MCC18\src\traditional\proc\p18F4680.asm
                 B3D4bits   0x000e5a       data     extern C:\MCC18\src\traditional\proc\p18F4680.asm
                     B3D5   0x000e5b       data     extern C:\MCC18\src\traditional\proc\p18F4680.asm
                 B3D5bits   0x000e5b       data     extern C:\MCC18\src\traditional\proc\p18F4680.asm
                     B3D6   0x000e5c       data     extern C:\MCC18\src\traditional\proc\p18F4680.asm
                 B3D6bits   0x000e5c       data     extern C:\MCC18\src\traditional\proc\p18F4680.asm
                     B3D7   0x000e5d       data     extern C:\MCC18\src\traditional\proc\p18F4680.asm
                 B3D7bits   0x000e5d       data     extern C:\MCC18\src\traditional\proc\p18F4680.asm
                    B3DLC   0x000e55       data     extern C:\MCC18\src\traditional\proc\p18F4680.asm
                B3DLCbits   0x000e55       data     extern C:\MCC18\src\traditional\proc\p18F4680.asm
                   B3EIDH   0x000e53       data     extern C:\MCC18\src\traditional\proc\p18F4680.asm
               B3EIDHbits   0x000e53       data     extern C:\MCC18\src\traditional\proc\p18F4680.asm
                   B3EIDL   0x000e54       data     extern C:\MCC18\src\traditional\proc\p18F4680.asm
               B3EIDLbits   0x000e54       data     extern C:\MCC18\src\traditional\proc\p18F4680.asm
                   B3SIDH   0x000e51       data     extern C:\MCC18\src\traditional\proc\p18F4680.asm
               B3SIDHbits   0x000e51       data     extern C:\MCC18\src\traditional\proc\p18F4680.asm
                   B3SIDL   0x000e52       data     extern C:\MCC18\src\traditional\proc\p18F4680.asm
               B3SIDLbits   0x000e52       data     extern C:\MCC18\src\traditional\proc\p18F4680.asm
                    B4CON   0x000e60       data     extern C:\MCC18\src\traditional\proc\p18F4680.asm
                B4CONbits   0x000e60       data     extern C:\MCC18\src\traditional\proc\p18F4680.asm
                     B4D0   0x000e66       data     extern C:\MCC18\src\traditional\proc\p18F4680.asm
                 B4D0bits   0x000e66       data     extern C:\MCC18\src\traditional\proc\p18F4680.asm
                     B4D1   0x000e67       data     extern C:\MCC18\src\traditional\proc\p18F4680.asm
                 B4D1bits   0x000e67       data     extern C:\MCC18\src\traditional\proc\p18F4680.asm
                     B4D2   0x000e68       data     extern C:\MCC18\src\traditional\proc\p18F4680.asm
                 B4D2bits   0x000e68       data     extern C:\MCC18\src\traditional\proc\p18F4680.asm
                     B4D3   0x000e69       data     extern C:\MCC18\src\traditional\proc\p18F4680.asm
                 B4D3bits   0x000e69       data     extern C:\MCC18\src\traditional\proc\p18F4680.asm
                     B4D4   0x000e6a       data     extern C:\MCC18\src\traditional\proc\p18F4680.asm
                 B4D4bits   0x000e6a       data     extern C:\MCC18\src\traditional\proc\p18F4680.asm
                     B4D5   0x000e6b       data     extern C:\MCC18\src\traditional\proc\p18F4680.asm
                 B4D5bits   0x000e6b       data     extern C:\MCC18\src\traditional\proc\p18F4680.asm
                     B4D6   0x000e6c       data     extern C:\MCC18\src\traditional\proc\p18F4680.asm
                 B4D6bits   0x000e6c       data     extern C:\MCC18\src\traditional\proc\p18F4680.asm
                     B4D7   0x000e6d       data     extern C:\MCC18\src\traditional\proc\p18F4680.asm
                 B4D7bits   0x000e6d       data     extern C:\MCC18\src\traditional\proc\p18F4680.asm
                    B4DLC   0x000e65       data     extern C:\MCC18\src\traditional\proc\p18F4680.asm
                B4DLCbits   0x000e65       data     extern C:\MCC18\src\traditional\proc\p18F4680.asm
                   B4EIDH   0x000e63       data     extern C:\MCC18\src\traditional\proc\p18F4680.asm
               B4EIDHbits   0x000e63       data     extern C:\MCC18\src\traditional\proc\p18F4680.asm
                   B4EIDL   0x000e64       data     extern C:\MCC18\src\traditional\proc\p18F4680.asm
               B4EIDLbits   0x000e64       data     extern C:\MCC18\src\traditional\proc\p18F4680.asm
                   B4SIDH   0x000e61       data     extern C:\MCC18\src\traditional\proc\p18F4680.asm
               B4SIDHbits   0x000e61       data     extern C:\MCC18\src\traditional\proc\p18F4680.asm
                   B4SIDL   0x000e62       data     extern C:\MCC18\src\traditional\proc\p18F4680.asm
               B4SIDLbits   0x000e62       data     extern C:\MCC18\src\traditional\proc\p18F4680.asm
                    B5CON   0x000e70       data     extern C:\MCC18\src\traditional\proc\p18F4680.asm
                B5CONbits   0x000e70       data     extern C:\MCC18\src\traditional\proc\p18F4680.asm
                     B5D0   0x000e76       data     extern C:\MCC18\src\traditional\proc\p18F4680.asm
                 B5D0bits   0x000e76       data     extern C:\MCC18\src\traditional\proc\p18F4680.asm
                     B5D1   0x000e77       data     extern C:\MCC18\src\traditional\proc\p18F4680.asm
                 B5D1bits   0x000e77       data     extern C:\MCC18\src\traditional\proc\p18F4680.asm
                     B5D2   0x000e78       data     extern C:\MCC18\src\traditional\proc\p18F4680.asm
                 B5D2bits   0x000e78       data     extern C:\MCC18\src\traditional\proc\p18F4680.asm
                     B5D3   0x000e79       data     extern C:\MCC18\src\traditional\proc\p18F4680.asm
                 B5D3bits   0x000e79       data     extern C:\MCC18\src\traditional\proc\p18F4680.asm
                     B5D4   0x000e7a       data     extern C:\MCC18\src\traditional\proc\p18F4680.asm
                 B5D4bits   0x000e7a       data     extern C:\MCC18\src\traditional\proc\p18F4680.asm
                     B5D5   0x000e7b       data     extern C:\MCC18\src\traditional\proc\p18F4680.asm
                 B5D5bits   0x000e7b       data     extern C:\MCC18\src\traditional\proc\p18F4680.asm
                     B5D6   0x000e7c       data     extern C:\MCC18\src\traditional\proc\p18F4680.asm
                 B5D6bits   0x000e7c       data     extern C:\MCC18\src\traditional\proc\p18F4680.asm
                     B5D7   0x000e7d       data     extern C:\MCC18\src\traditional\proc\p18F4680.asm
                 B5D7bits   0x000e7d       data     extern C:\MCC18\src\traditional\proc\p18F4680.asm
                    B5DLC   0x000e75       data     extern C:\MCC18\src\traditional\proc\p18F4680.asm
                B5DLCbits   0x000e75       data     extern C:\MCC18\src\traditional\proc\p18F4680.asm
                   B5EIDH   0x000e73       data     extern C:\MCC18\src\traditional\proc\p18F4680.asm
               B5EIDHbits   0x000e73       data     extern C:\MCC18\src\traditional\proc\p18F4680.asm
                   B5EIDL   0x000e74       data     extern C:\MCC18\src\traditional\proc\p18F4680.asm
               B5EIDLbits   0x000e74       data     extern C:\MCC18\src\traditional\proc\p18F4680.asm
                   B5SIDH   0x000e71       data     extern C:\MCC18\src\traditional\proc\p18F4680.asm
               B5SIDHbits   0x000e71       data     extern C:\MCC18\src\traditional\proc\p18F4680.asm
                   B5SIDL   0x000e72       data     extern C:\MCC18\src\traditional\proc\p18F4680.asm
               B5SIDLbits   0x000e72       data     extern C:\MCC18\src\traditional\proc\p18F4680.asm
                  BAUDCON   0x000fb8       data     extern C:\MCC18\src\traditional\proc\p18F4680.asm
              BAUDCONbits   0x000fb8       data     extern C:\MCC18\src\traditional\proc\p18F4680.asm
                     BIE0   0x000dfa       data     extern C:\MCC18\src\traditional\proc\p18F4680.asm
                 BIE0bits   0x000dfa       data     extern C:\MCC18\src\traditional\proc\p18F4680.asm
                  BRGCON1   0x000f70       data     extern C:\MCC18\src\traditional\proc\p18F4680.asm
              BRGCON1bits   0x000f70       data     extern C:\MCC18\src\traditional\proc\p18F4680.asm
                  BRGCON2   0x000f71       data     extern C:\MCC18\src\traditional\proc\p18F4680.asm
              BRGCON2bits   0x000f71       data     extern C:\MCC18\src\traditional\proc\p18F4680.asm
                  BRGCON3   0x000f72       data     extern C:\MCC18\src\traditional\proc\p18F4680.asm
              BRGCON3bits   0x000f72       data     extern C:\MCC18\src\traditional\proc\p18F4680.asm
                BRGValues   0x0003c8       data     extern D:\Projects\Fontes\voxage\SMS BOX\source\serial.c
                    BSEL0   0x000df8       data     extern C:\MCC18\src\traditional\proc\p18F4680.asm
                BSEL0bits   0x000df8       data     extern C:\MCC18\src\traditional\proc\p18F4680.asm
                      BSR   0x000fe0       data     extern C:\MCC18\src\traditional\proc\p18F4680.asm
                 BaudRate   0x0003a4       data     extern D:\Projects\Fontes\voxage\SMS BOX\source\serial.c
                 BitCount   0x0002eb       data     extern D:\Projects\Fontes\voxage\SMS BOX\source\uartdata.asm
                   CANCON   0x000f6f       data     extern C:\MCC18\src\traditional\proc\p18F4680.asm
               CANCON_RO0   0x000f5f       data     extern C:\MCC18\src\traditional\proc\p18F4680.asm
           CANCON_RO0bits   0x000f5f       data     extern C:\MCC18\src\traditional\proc\p18F4680.asm
               CANCON_RO1   0x000f4f       data     extern C:\MCC18\src\traditional\proc\p18F4680.asm
           CANCON_RO1bits   0x000f4f       data     extern C:\MCC18\src\traditional\proc\p18F4680.asm
               CANCON_RO2   0x000f3f       data     extern C:\MCC18\src\traditional\proc\p18F4680.asm
           CANCON_RO2bits   0x000f3f       data     extern C:\MCC18\src\traditional\proc\p18F4680.asm
               CANCON_RO3   0x000f2f       data     extern C:\MCC18\src\traditional\proc\p18F4680.asm
           CANCON_RO3bits   0x000f2f       data     extern C:\MCC18\src\traditional\proc\p18F4680.asm
               CANCON_RO4   0x000e7f       data     extern C:\MCC18\src\traditional\proc\p18F4680.asm
           CANCON_RO4bits   0x000e7f       data     extern C:\MCC18\src\traditional\proc\p18F4680.asm
               CANCON_RO5   0x000e6f       data     extern C:\MCC18\src\traditional\proc\p18F4680.asm
           CANCON_RO5bits   0x000e6f       data     extern C:\MCC18\src\traditional\proc\p18F4680.asm
               CANCON_RO6   0x000e5f       data     extern C:\MCC18\src\traditional\proc\p18F4680.asm
           CANCON_RO6bits   0x000e5f       data     extern C:\MCC18\src\traditional\proc\p18F4680.asm
               CANCON_RO7   0x000e4f       data     extern C:\MCC18\src\traditional\proc\p18F4680.asm
           CANCON_RO7bits   0x000e4f       data     extern C:\MCC18\src\traditional\proc\p18F4680.asm
               CANCON_RO8   0x000e3f       data     extern C:\MCC18\src\traditional\proc\p18F4680.asm
           CANCON_RO8bits   0x000e3f       data     extern C:\MCC18\src\traditional\proc\p18F4680.asm
               CANCON_RO9   0x000e2f       data     extern C:\MCC18\src\traditional\proc\p18F4680.asm
           CANCON_RO9bits   0x000e2f       data     extern C:\MCC18\src\traditional\proc\p18F4680.asm
               CANCONbits   0x000f6f       data     extern C:\MCC18\src\traditional\proc\p18F4680.asm
                  CANSTAT   0x000f6e       data     extern C:\MCC18\src\traditional\proc\p18F4680.asm
              CANSTAT_RO0   0x000f5e       data     extern C:\MCC18\src\traditional\proc\p18F4680.asm
          CANSTAT_RO0bits   0x000f5e       data     extern C:\MCC18\src\traditional\proc\p18F4680.asm
              CANSTAT_RO1   0x000f4e       data     extern C:\MCC18\src\traditional\proc\p18F4680.asm
          CANSTAT_RO1bits   0x000f4e       data     extern C:\MCC18\src\traditional\proc\p18F4680.asm
              CANSTAT_RO2   0x000f3e       data     extern C:\MCC18\src\traditional\proc\p18F4680.asm
          CANSTAT_RO2bits   0x000f3e       data     extern C:\MCC18\src\traditional\proc\p18F4680.asm
              CANSTAT_RO3   0x000f2e       data     extern C:\MCC18\src\traditional\proc\p18F4680.asm
          CANSTAT_RO3bits   0x000f2e       data     extern C:\MCC18\src\traditional\proc\p18F4680.asm
              CANSTAT_RO4   0x000e7e       data     extern C:\MCC18\src\traditional\proc\p18F4680.asm
          CANSTAT_RO4bits   0x000e7e       data     extern C:\MCC18\src\traditional\proc\p18F4680.asm
              CANSTAT_RO5   0x000e6e       data     extern C:\MCC18\src\traditional\proc\p18F4680.asm
          CANSTAT_RO5bits   0x000e6e       data     extern C:\MCC18\src\traditional\proc\p18F4680.asm
              CANSTAT_RO6   0x000e5e       data     extern C:\MCC18\src\traditional\proc\p18F4680.asm
          CANSTAT_RO6bits   0x000e5e       data     extern C:\MCC18\src\traditional\proc\p18F4680.asm
              CANSTAT_RO7   0x000e4e       data     extern C:\MCC18\src\traditional\proc\p18F4680.asm
          CANSTAT_RO7bits   0x000e4e       data     extern C:\MCC18\src\traditional\proc\p18F4680.asm
              CANSTAT_RO8   0x000e3e       data     extern C:\MCC18\src\traditional\proc\p18F4680.asm
          CANSTAT_RO8bits   0x000e3e       data     extern C:\MCC18\src\traditional\proc\p18F4680.asm
              CANSTAT_RO9   0x000e2e       data     extern C:\MCC18\src\traditional\proc\p18F4680.asm
          CANSTAT_RO9bits   0x000e2e       data     extern C:\MCC18\src\traditional\proc\p18F4680.asm
              CANSTATbits   0x000f6e       data     extern C:\MCC18\src\traditional\proc\p18F4680.asm
                  CCP1CON   0x000fbd       data     extern C:\MCC18\src\traditional\proc\p18F4680.asm
              CCP1CONbits   0x000fbd       data     extern C:\MCC18\src\traditional\proc\p18F4680.asm
                    CCPR1   0x000fbe       data     extern C:\MCC18\src\traditional\proc\p18F4680.asm
                   CCPR1H   0x000fbf       data     extern C:\MCC18\src\traditional\proc\p18F4680.asm
                   CCPR1L   0x000fbe       data     extern C:\MCC18\src\traditional\proc\p18F4680.asm
                   CIOCON   0x000f73       data     extern C:\MCC18\src\traditional\proc\p18F4680.asm
               CIOCONbits   0x000f73       data     extern C:\MCC18\src\traditional\proc\p18F4680.asm
                    CMCON   0x000fb4       data     extern C:\MCC18\src\traditional\proc\p18F4680.asm
                CMCONbits   0x000fb4       data     extern C:\MCC18\src\traditional\proc\p18F4680.asm
                  COMSTAT   0x000f74       data     extern C:\MCC18\src\traditional\proc\p18F4680.asm
              COMSTATbits   0x000f74       data     extern C:\MCC18\src\traditional\proc\p18F4680.asm
                   CVRCON   0x000fb5       data     extern C:\MCC18\src\traditional\proc\p18F4680.asm
               CVRCONbits   0x000fb5       data     extern C:\MCC18\src\traditional\proc\p18F4680.asm
                     DDRA   0x000f92       data     extern C:\MCC18\src\traditional\proc\p18F4680.asm
                 DDRAbits   0x000f92       data     extern C:\MCC18\src\traditional\proc\p18F4680.asm
                     DDRB   0x000f93       data     extern C:\MCC18\src\traditional\proc\p18F4680.asm
                 DDRBbits   0x000f93       data     extern C:\MCC18\src\traditional\proc\p18F4680.asm
                     DDRC   0x000f94       data     extern C:\MCC18\src\traditional\proc\p18F4680.asm
                 DDRCbits   0x000f94       data     extern C:\MCC18\src\traditional\proc\p18F4680.asm
                     DDRD   0x000f95       data     extern C:\MCC18\src\traditional\proc\p18F4680.asm
                 DDRDbits   0x000f95       data     extern C:\MCC18\src\traditional\proc\p18F4680.asm
                     DDRE   0x000f96       data     extern C:\MCC18\src\traditional\proc\p18F4680.asm
                 DDREbits   0x000f96       data     extern C:\MCC18\src\traditional\proc\p18F4680.asm
            DelayCounter1   0x000020       data     extern C:\MCC18\src\traditional\delays\delayd1.asm
                  ECANCON   0x000f77       data     extern C:\MCC18\src\traditional\proc\p18F4680.asm
              ECANCONbits   0x000f77       data     extern C:\MCC18\src\traditional\proc\p18F4680.asm
                  ECCP1AS   0x000fb6       data     extern C:\MCC18\src\traditional\proc\p18F4680.asm
              ECCP1ASbits   0x000fb6       data     extern C:\MCC18\src\traditional\proc\p18F4680.asm
                 ECCP1CON   0x000fba       data     extern C:\MCC18\src\traditional\proc\p18F4680.asm
             ECCP1CONbits   0x000fba       data     extern C:\MCC18\src\traditional\proc\p18F4680.asm
                 ECCP1DEL   0x000fb7       data     extern C:\MCC18\src\traditional\proc\p18F4680.asm
             ECCP1DELbits   0x000fb7       data     extern C:\MCC18\src\traditional\proc\p18F4680.asm
                   ECCPR1   0x000fbb       data     extern C:\MCC18\src\traditional\proc\p18F4680.asm
                  ECCPR1H   0x000fbc       data     extern C:\MCC18\src\traditional\proc\p18F4680.asm
                  ECCPR1L   0x000fbb       data     extern C:\MCC18\src\traditional\proc\p18F4680.asm
                    EEADR   0x000fa9       data     extern C:\MCC18\src\traditional\proc\p18F4680.asm
                   EEADRH   0x000faa       data     extern C:\MCC18\src\traditional\proc\p18F4680.asm
                   EECON1   0x000fa6       data     extern C:\MCC18\src\traditional\proc\p18F4680.asm
               EECON1bits   0x000fa6       data     extern C:\MCC18\src\traditional\proc\p18F4680.asm
                   EECON2   0x000fa7       data     extern C:\MCC18\src\traditional\proc\p18F4680.asm
                   EEDATA   0x000fa8       data     extern C:\MCC18\src\traditional\proc\p18F4680.asm
                     FSR0   0x000fe9       data     extern C:\MCC18\src\traditional\proc\p18F4680.asm
                    FSR0H   0x000fea       data     extern C:\MCC18\src\traditional\proc\p18F4680.asm
                    FSR0L   0x000fe9       data     extern C:\MCC18\src\traditional\proc\p18F4680.asm
                     FSR1   0x000fe1       data     extern C:\MCC18\src\traditional\proc\p18F4680.asm
                    FSR1H   0x000fe2       data     extern C:\MCC18\src\traditional\proc\p18F4680.asm
                    FSR1L   0x000fe1       data     extern C:\MCC18\src\traditional\proc\p18F4680.asm
                     FSR2   0x000fd9       data     extern C:\MCC18\src\traditional\proc\p18F4680.asm
                    FSR2H   0x000fda       data     extern C:\MCC18\src\traditional\proc\p18F4680.asm
                    FSR2L   0x000fd9       data     extern C:\MCC18\src\traditional\proc\p18F4680.asm
                  HLVDCON   0x000fd2       data     extern C:\MCC18\src\traditional\proc\p18F4680.asm
              HLVDCONbits   0x000fd2       data     extern C:\MCC18\src\traditional\proc\p18F4680.asm
                    INDF0   0x000fef       data     extern C:\MCC18\src\traditional\proc\p18F4680.asm
                    INDF1   0x000fe7       data     extern C:\MCC18\src\traditional\proc\p18F4680.asm
                    INDF2   0x000fdf       data     extern C:\MCC18\src\traditional\proc\p18F4680.asm
                   INTCON   0x000ff2       data     extern C:\MCC18\src\traditional\proc\p18F4680.asm
                  INTCON2   0x000ff1       data     extern C:\MCC18\src\traditional\proc\p18F4680.asm
              INTCON2bits   0x000ff1       data     extern C:\MCC18\src\traditional\proc\p18F4680.asm
                  INTCON3   0x000ff0       data     extern C:\MCC18\src\traditional\proc\p18F4680.asm
              INTCON3bits   0x000ff0       data     extern C:\MCC18\src\traditional\proc\p18F4680.asm
               INTCONbits   0x000ff2       data     extern C:\MCC18\src\traditional\proc\p18F4680.asm
                     IPR1   0x000f9f       data     extern C:\MCC18\src\traditional\proc\p18F4680.asm
                 IPR1bits   0x000f9f       data     extern C:\MCC18\src\traditional\proc\p18F4680.asm
                     IPR2   0x000fa2       data     extern C:\MCC18\src\traditional\proc\p18F4680.asm
                 IPR2bits   0x000fa2       data     extern C:\MCC18\src\traditional\proc\p18F4680.asm
                     IPR3   0x000fa5       data     extern C:\MCC18\src\traditional\proc\p18F4680.asm
                 IPR3bits   0x000fa5       data     extern C:\MCC18\src\traditional\proc\p18F4680.asm
                     LATA   0x000f89       data     extern C:\MCC18\src\traditional\proc\p18F4680.asm
                 LATAbits   0x000f89       data     extern C:\MCC18\src\traditional\proc\p18F4680.asm
                     LATB   0x000f8a       data     extern C:\MCC18\src\traditional\proc\p18F4680.asm
                 LATBbits   0x000f8a       data     extern C:\MCC18\src\traditional\proc\p18F4680.asm
                     LATC   0x000f8b       data     extern C:\MCC18\src\traditional\proc\p18F4680.asm
                 LATCbits   0x000f8b       data     extern C:\MCC18\src\traditional\proc\p18F4680.asm
                     LATD   0x000f8c       data     extern C:\MCC18\src\traditional\proc\p18F4680.asm
                 LATDbits   0x000f8c       data     extern C:\MCC18\src\traditional\proc\p18F4680.asm
                     LATE   0x000f8d       data     extern C:\MCC18\src\traditional\proc\p18F4680.asm
                 LATEbits   0x000f8d       data     extern C:\MCC18\src\traditional\proc\p18F4680.asm
[...]
              COMSTATbits   0x000f74       data     extern C:\MCC18\src\traditional\proc\p18F4680.asm
                 RXERRCNT   0x000f75       data     extern C:\MCC18\src\traditional\proc\p18F4680.asm
             RXERRCNTbits   0x000f75       data     extern C:\MCC18\src\traditional\proc\p18F4680.asm
                 TXERRCNT   0x000f76       data     extern C:\MCC18\src\traditional\proc\p18F4680.asm
             TXERRCNTbits   0x000f76       data     extern C:\MCC18\src\traditional\proc\p18F4680.asm
              ECANCONbits   0x000f77       data     extern C:\MCC18\src\traditional\proc\p18F4680.asm
                  ECANCON   0x000f77       data     extern C:\MCC18\src\traditional\proc\p18F4680.asm
                    PORTA   0x000f80       data     extern C:\MCC18\src\traditional\proc\p18F4680.asm
                PORTAbits   0x000f80       data     extern C:\MCC18\src\traditional\proc\p18F4680.asm
                    PORTB   0x000f81       data     extern C:\MCC18\src\traditional\proc\p18F4680.asm
                PORTBbits   0x000f81       data     extern C:\MCC18\src\traditional\proc\p18F4680.asm
                PORTCbits   0x000f82       data     extern C:\MCC18\src\traditional\proc\p18F4680.asm
                    PORTC   0x000f82       data     extern C:\MCC18\src\traditional\proc\p18F4680.asm
                    PORTD   0x000f83       data     extern C:\MCC18\src\traditional\proc\p18F4680.asm
                PORTDbits   0x000f83       data     extern C:\MCC18\src\traditional\proc\p18F4680.asm
                    PORTE   0x000f84       data     extern C:\MCC18\src\traditional\proc\p18F4680.asm
                PORTEbits   0x000f84       data     extern C:\MCC18\src\traditional\proc\p18F4680.asm
                 LATAbits   0x000f89       data     extern C:\MCC18\src\traditional\proc\p18F4680.asm
                     LATA   0x000f89       data     extern C:\MCC18\src\traditional\proc\p18F4680.asm
                 LATBbits   0x000f8a       data     extern C:\MCC18\src\traditional\proc\p18F4680.asm
                     LATB   0x000f8a       data     extern C:\MCC18\src\traditional\proc\p18F4680.asm
                 LATCbits   0x000f8b       data     extern C:\MCC18\src\traditional\proc\p18F4680.asm
                     LATC   0x000f8b       data     extern C:\MCC18\src\traditional\proc\p18F4680.asm
                 LATDbits   0x000f8c       data     extern C:\MCC18\src\traditional\proc\p18F4680.asm
                     LATD   0x000f8c       data     extern C:\MCC18\src\traditional\proc\p18F4680.asm
                 LATEbits   0x000f8d       data     extern C:\MCC18\src\traditional\proc\p18F4680.asm
                     LATE   0x000f8d       data     extern C:\MCC18\src\traditional\proc\p18F4680.asm
                     DDRA   0x000f92       data     extern C:\MCC18\src\traditional\proc\p18F4680.asm
                 DDRAbits   0x000f92       data     extern C:\MCC18\src\traditional\proc\p18F4680.asm
                    TRISA   0x000f92       data     extern C:\MCC18\src\traditional\proc\p18F4680.asm
                TRISAbits   0x000f92       data     extern C:\MCC18\src\traditional\proc\p18F4680.asm
                    TRISB   0x000f93       data     extern C:\MCC18\src\traditional\proc\p18F4680.asm
                TRISBbits   0x000f93       data     extern C:\MCC18\src\traditional\proc\p18F4680.asm
                     DDRB   0x000f93       data     extern C:\MCC18\src\traditional\proc\p18F4680.asm
                 DDRBbits   0x000f93       data     extern C:\MCC18\src\traditional\proc\p18F4680.asm
                TRISCbits   0x000f94       data     extern C:\MCC18\src\traditional\proc\p18F4680.asm
                    TRISC   0x000f94       data     extern C:\MCC18\src\traditional\proc\p18F4680.asm
                     DDRC   0x000f94       data     extern C:\MCC18\src\traditional\proc\p18F4680.asm
                 DDRCbits   0x000f94       data     extern C:\MCC18\src\traditional\proc\p18F4680.asm
                 DDRDbits   0x000f95       data     extern C:\MCC18\src\traditional\proc\p18F4680.asm
                     DDRD   0x000f95       data     extern C:\MCC18\src\traditional\proc\p18F4680.asm
                TRISDbits   0x000f95       data     extern C:\MCC18\src\traditional\proc\p18F4680.asm
                    TRISD   0x000f95       data     extern C:\MCC18\src\traditional\proc\p18F4680.asm
                TRISEbits   0x000f96       data     extern C:\MCC18\src\traditional\proc\p18F4680.asm
                    TRISE   0x000f96       data     extern C:\MCC18\src\traditional\proc\p18F4680.asm
                     DDRE   0x000f96       data     extern C:\MCC18\src\traditional\proc\p18F4680.asm
                 DDREbits   0x000f96       data     extern C:\MCC18\src\traditional\proc\p18F4680.asm
              OSCTUNEbits   0x000f9b       data     extern C:\MCC18\src\traditional\proc\p18F4680.asm
                  OSCTUNE   0x000f9b       data     extern C:\MCC18\src\traditional\proc\p18F4680.asm
                 PIE1bits   0x000f9d       data     extern C:\MCC18\src\traditional\proc\p18F4680.asm
                     PIE1   0x000f9d       data     extern C:\MCC18\src\traditional\proc\p18F4680.asm
                     PIR1   0x000f9e       data     extern C:\MCC18\src\traditional\proc\p18F4680.asm
                 PIR1bits   0x000f9e       data     extern C:\MCC18\src\traditional\proc\p18F4680.asm
                 IPR1bits   0x000f9f       data     extern C:\MCC18\src\traditional\proc\p18F4680.asm
                     IPR1   0x000f9f       data     extern C:\MCC18\src\traditional\proc\p18F4680.asm
                 PIE2bits   0x000fa0       data     extern C:\MCC18\src\traditional\proc\p18F4680.asm
                     PIE2   0x000fa0       data     extern C:\MCC18\src\traditional\proc\p18F4680.asm
                     PIR2   0x000fa1       data     extern C:\MCC18\src\traditional\proc\p18F4680.asm
                 PIR2bits   0x000fa1       data     extern C:\MCC18\src\traditional\proc\p18F4680.asm
                 IPR2bits   0x000fa2       data     extern C:\MCC18\src\traditional\proc\p18F4680.asm
                     IPR2   0x000fa2       data     extern C:\MCC18\src\traditional\proc\p18F4680.asm
                     PIE3   0x000fa3       data     extern C:\MCC18\src\traditional\proc\p18F4680.asm
                 PIE3bits   0x000fa3       data     extern C:\MCC18\src\traditional\proc\p18F4680.asm
                 PIR3bits   0x000fa4       data     extern C:\MCC18\src\traditional\proc\p18F4680.asm
                     PIR3   0x000fa4       data     extern C:\MCC18\src\traditional\proc\p18F4680.asm
                     IPR3   0x000fa5       data     extern C:\MCC18\src\traditional\proc\p18F4680.asm
                 IPR3bits   0x000fa5       data     extern C:\MCC18\src\traditional\proc\p18F4680.asm
               EECON1bits   0x000fa6       data     extern C:\MCC18\src\traditional\proc\p18F4680.asm
                   EECON1   0x000fa6       data     extern C:\MCC18\src\traditional\proc\p18F4680.asm
                   EECON2   0x000fa7       data     extern C:\MCC18\src\traditional\proc\p18F4680.asm
                   EEDATA   0x000fa8       data     extern C:\MCC18\src\traditional\proc\p18F4680.asm
                    EEADR   0x000fa9       data     extern C:\MCC18\src\traditional\proc\p18F4680.asm
                   EEADRH   0x000faa       data     extern C:\MCC18\src\traditional\proc\p18F4680.asm
                RCSTAbits   0x000fab       data     extern C:\MCC18\src\traditional\proc\p18F4680.asm
                    RCSTA   0x000fab       data     extern C:\MCC18\src\traditional\proc\p18F4680.asm
                TXSTAbits   0x000fac       data     extern C:\MCC18\src\traditional\proc\p18F4680.asm
                    TXSTA   0x000fac       data     extern C:\MCC18\src\traditional\proc\p18F4680.asm
                    TXREG   0x000fad       data     extern C:\MCC18\src\traditional\proc\p18F4680.asm
                    RCREG   0x000fae       data     extern C:\MCC18\src\traditional\proc\p18F4680.asm
                    SPBRG   0x000faf       data     extern C:\MCC18\src\traditional\proc\p18F4680.asm
                   SPBRGH   0x000fb0       data     extern C:\MCC18\src\traditional\proc\p18F4680.asm
                T3CONbits   0x000fb1       data     extern C:\MCC18\src\traditional\proc\p18F4680.asm
                    T3CON   0x000fb1       data     extern C:\MCC18\src\traditional\proc\p18F4680.asm
                    TMR3L   0x000fb2       data     extern C:\MCC18\src\traditional\proc\p18F4680.asm
                    TMR3H   0x000fb3       data     extern C:\MCC18\src\traditional\proc\p18F4680.asm
                CMCONbits   0x000fb4       data     extern C:\MCC18\src\traditional\proc\p18F4680.asm
                    CMCON   0x000fb4       data     extern C:\MCC18\src\traditional\proc\p18F4680.asm
                   CVRCON   0x000fb5       data     extern C:\MCC18\src\traditional\proc\p18F4680.asm
               CVRCONbits   0x000fb5       data     extern C:\MCC18\src\traditional\proc\p18F4680.asm
                  ECCP1AS   0x000fb6       data     extern C:\MCC18\src\traditional\proc\p18F4680.asm
              ECCP1ASbits   0x000fb6       data     extern C:\MCC18\src\traditional\proc\p18F4680.asm
                 ECCP1DEL   0x000fb7       data     extern C:\MCC18\src\traditional\proc\p18F4680.asm
             ECCP1DELbits   0x000fb7       data     extern C:\MCC18\src\traditional\proc\p18F4680.asm
                  BAUDCON   0x000fb8       data     extern C:\MCC18\src\traditional\proc\p18F4680.asm
              BAUDCONbits   0x000fb8       data     extern C:\MCC18\src\traditional\proc\p18F4680.asm
             ECCP1CONbits   0x000fba       data     extern C:\MCC18\src\traditional\proc\p18F4680.asm
                 ECCP1CON   0x000fba       data     extern C:\MCC18\src\traditional\proc\p18F4680.asm
                   ECCPR1   0x000fbb       data     extern C:\MCC18\src\traditional\proc\p18F4680.asm
                  ECCPR1L   0x000fbb       data     extern C:\MCC18\src\traditional\proc\p18F4680.asm
                  ECCPR1H   0x000fbc       data     extern C:\MCC18\src\traditional\proc\p18F4680.asm
              CCP1CONbits   0x000fbd       data     extern C:\MCC18\src\traditional\proc\p18F4680.asm
                  CCP1CON   0x000fbd       data     extern C:\MCC18\src\traditional\proc\p18F4680.asm
                   CCPR1L   0x000fbe       data     extern C:\MCC18\src\traditional\proc\p18F4680.asm
                    CCPR1   0x000fbe       data     extern C:\MCC18\src\traditional\proc\p18F4680.asm
                   CCPR1H   0x000fbf       data     extern C:\MCC18\src\traditional\proc\p18F4680.asm
               ADCON2bits   0x000fc0       data     extern C:\MCC18\src\traditional\proc\p18F4680.asm
                   ADCON2   0x000fc0       data     extern C:\MCC18\src\traditional\proc\p18F4680.asm
               ADCON1bits   0x000fc1       data     extern C:\MCC18\src\traditional\proc\p18F4680.asm
                   ADCON1   0x000fc1       data     extern C:\MCC18\src\traditional\proc\p18F4680.asm
                   ADCON0   0x000fc2       data     extern C:\MCC18\src\traditional\proc\p18F4680.asm
               ADCON0bits   0x000fc2       data     extern C:\MCC18\src\traditional\proc\p18F4680.asm
                   ADRESL   0x000fc3       data     extern C:\MCC18\src\traditional\proc\p18F4680.asm
                    ADRES   0x000fc3       data     extern C:\MCC18\src\traditional\proc\p18F4680.asm
                   ADRESH   0x000fc4       data     extern C:\MCC18\src\traditional\proc\p18F4680.asm
                  SSPCON2   0x000fc5       data     extern C:\MCC18\src\traditional\proc\p18F4680.asm
              SSPCON2bits   0x000fc5       data     extern C:\MCC18\src\traditional\proc\p18F4680.asm
              SSPCON1bits   0x000fc6       data     extern C:\MCC18\src\traditional\proc\p18F4680.asm
                  SSPCON1   0x000fc6       data     extern C:\MCC18\src\traditional\proc\p18F4680.asm
              SSPSTATbits   0x000fc7       data     extern C:\MCC18\src\traditional\proc\p18F4680.asm
                  SSPSTAT   0x000fc7       data     extern C:\MCC18\src\traditional\proc\p18F4680.asm
                   SSPADD   0x000fc8       data     extern C:\MCC18\src\traditional\proc\p18F4680.asm
                   SSPBUF   0x000fc9       data     extern C:\MCC18\src\traditional\proc\p18F4680.asm
                T2CONbits   0x000fca       data     extern C:\MCC18\src\traditional\proc\p18F4680.asm
                    T2CON   0x000fca       data     extern C:\MCC18\src\traditional\proc\p18F4680.asm
                      PR2   0x000fcb       data     extern C:\MCC18\src\traditional\proc\p18F4680.asm
                     TMR2   0x000fcc       data     extern C:\MCC18\src\traditional\proc\p18F4680.asm
                T1CONbits   0x000fcd       data     extern C:\MCC18\src\traditional\proc\p18F4680.asm
                    T1CON   0x000fcd       data     extern C:\MCC18\src\traditional\proc\p18F4680.asm
                    TMR1L   0x000fce       data     extern C:\MCC18\src\traditional\proc\p18F4680.asm
                    TMR1H   0x000fcf       data     extern C:\MCC18\src\traditional\proc\p18F4680.asm
                     RCON   0x000fd0       data     extern C:\MCC18\src\traditional\proc\p18F4680.asm
                 RCONbits   0x000fd0       data     extern C:\MCC18\src\traditional\proc\p18F4680.asm
                   WDTCON   0x000fd1       data     extern C:\MCC18\src\traditional\proc\p18F4680.asm
               WDTCONbits   0x000fd1       data     extern C:\MCC18\src\traditional\proc\p18F4680.asm
               LVDCONbits   0x000fd2       data     extern C:\MCC18\src\traditional\proc\p18F4680.asm
                   LVDCON   0x000fd2       data     extern C:\MCC18\src\traditional\proc\p18F4680.asm
                  HLVDCON   0x000fd2       data     extern C:\MCC18\src\traditional\proc\p18F4680.asm
              HLVDCONbits   0x000fd2       data     extern C:\MCC18\src\traditional\proc\p18F4680.asm
                   OSCCON   0x000fd3       data     extern C:\MCC18\src\traditional\proc\p18F4680.asm
               OSCCONbits   0x000fd3       data     extern C:\MCC18\src\traditional\proc\p18F4680.asm
                T0CONbits   0x000fd5       data     extern C:\MCC18\src\traditional\proc\p18F4680.asm
                    T0CON   0x000fd5       data     extern C:\MCC18\src\traditional\proc\p18F4680.asm
                    TMR0L   0x000fd6       data     extern C:\MCC18\src\traditional\proc\p18F4680.asm
                    TMR0H   0x000fd7       data     extern C:\MCC18\src\traditional\proc\p18F4680.asm
                   STATUS   0x000fd8       data     extern C:\MCC18\src\traditional\proc\p18F4680.asm
               STATUSbits   0x000fd8       data     extern C:\MCC18\src\traditional\proc\p18F4680.asm
                    FSR2L   0x000fd9       data     extern C:\MCC18\src\traditional\proc\p18F4680.asm
                     FSR2   0x000fd9       data     extern C:\MCC18\src\traditional\proc\p18F4680.asm
                    FSR2H   0x000fda       data     extern C:\MCC18\src\traditional\proc\p18F4680.asm
                   PLUSW2   0x000fdb       data     extern C:\MCC18\src\traditional\proc\p18F4680.asm
                  PREINC2   0x000fdc       data     extern C:\MCC18\src\traditional\proc\p18F4680.asm
                 POSTDEC2   0x000fdd       data     extern C:\MCC18\src\traditional\proc\p18F4680.asm
                 POSTINC2   0x000fde       data     extern C:\MCC18\src\traditional\proc\p18F4680.asm
                    INDF2   0x000fdf       data     extern C:\MCC18\src\traditional\proc\p18F4680.asm
                      BSR   0x000fe0       data     extern C:\MCC18\src\traditional\proc\p18F4680.asm
                    FSR1L   0x000fe1       data     extern C:\MCC18\src\traditional\proc\p18F4680.asm
                     FSR1   0x000fe1       data     extern C:\MCC18\src\traditional\proc\p18F4680.asm
                    FSR1H   0x000fe2       data     extern C:\MCC18\src\traditional\proc\p18F4680.asm
                   PLUSW1   0x000fe3       data     extern C:\MCC18\src\traditional\proc\p18F4680.asm
                  PREINC1   0x000fe4       data     extern C:\MCC18\src\traditional\proc\p18F4680.asm
                 POSTDEC1   0x000fe5       data     extern C:\MCC18\src\traditional\proc\p18F4680.asm
                 POSTINC1   0x000fe6       data     extern C:\MCC18\src\traditional\proc\p18F4680.asm
                    INDF1   0x000fe7       data     extern C:\MCC18\src\traditional\proc\p18F4680.asm
                     WREG   0x000fe8       data     extern C:\MCC18\src\traditional\proc\p18F4680.asm
                    FSR0L   0x000fe9       data     extern C:\MCC18\src\traditional\proc\p18F4680.asm
                     FSR0   0x000fe9       data     extern C:\MCC18\src\traditional\proc\p18F4680.asm
                    FSR0H   0x000fea       data     extern C:\MCC18\src\traditional\proc\p18F4680.asm
                   PLUSW0   0x000feb       data     extern C:\MCC18\src\traditional\proc\p18F4680.asm
                  PREINC0   0x000fec       data     extern C:\MCC18\src\traditional\proc\p18F4680.asm
                 POSTDEC0   0x000fed       data     extern C:\MCC18\src\traditional\proc\p18F4680.asm
                 POSTINC0   0x000fee       data     extern C:\MCC18\src\traditional\proc\p18F4680.asm
                    INDF0   0x000fef       data     extern C:\MCC18\src\traditional\proc\p18F4680.asm
                  INTCON3   0x000ff0       data     extern C:\MCC18\src\traditional\proc\p18F4680.asm
              INTCON3bits   0x000ff0       data     extern C:\MCC18\src\traditional\proc\p18F4680.asm
                  INTCON2   0x000ff1       data     extern C:\MCC18\src\traditional\proc\p18F4680.asm
              INTCON2bits   0x000ff1       data     extern C:\MCC18\src\traditional\proc\p18F4680.asm
               INTCONbits   0x000ff2       data     extern C:\MCC18\src\traditional\proc\p18F4680.asm
                   INTCON   0x000ff2       data     extern C:\MCC18\src\traditional\proc\p18F4680.asm
                    PRODL   0x000ff3       data     extern C:\MCC18\src\traditional\proc\p18F4680.asm
                     PROD   0x000ff3       data     extern C:\MCC18\src\traditional\proc\p18F4680.asm
                    PRODH   0x000ff4       data     extern C:\MCC18\src\traditional\proc\p18F4680.asm
                   TABLAT   0x000ff5       data     extern C:\MCC18\src\traditional\proc\p18F4680.asm
                   TBLPTR   0x000ff6       data     extern C:\MCC18\src\traditional\proc\p18F4680.asm
                  TBLPTRL   0x000ff6       data     extern C:\MCC18\src\traditional\proc\p18F4680.asm
                  TBLPTRH   0x000ff7       data     extern C:\MCC18\src\traditional\proc\p18F4680.asm
                  TBLPTRU   0x000ff8       data     extern C:\MCC18\src\traditional\proc\p18F4680.asm
                       PC   0x000ff9       data     extern C:\MCC18\src\traditional\proc\p18F4680.asm
                      PCL   0x000ff9       data     extern C:\MCC18\src\traditional\proc\p18F4680.asm
                   PCLATH   0x000ffa       data     extern C:\MCC18\src\traditional\proc\p18F4680.asm
                   PCLATU   0x000ffb       data     extern C:\MCC18\src\traditional\proc\p18F4680.asm
                   STKPTR   0x000ffc       data     extern C:\MCC18\src\traditional\proc\p18F4680.asm
               STKPTRbits   0x000ffc       data     extern C:\MCC18\src\traditional\proc\p18F4680.asm
                     TOSL   0x000ffd       data     extern C:\MCC18\src\traditional\proc\p18F4680.asm
                      TOS   0x000ffd       data     extern C:\MCC18\src\traditional\proc\p18F4680.asm
                     TOSH   0x000ffe       data     extern C:\MCC18\src\traditional\proc\p18F4680.asm
                     TOSU   0x000fff       data     extern C:\MCC18\src\traditional\proc\p18F4680.asm


