MPLINK 4.43, Linker
Linker Map File - Created Wed Jul 04 23:05:18 2012

                                 Section Info
                  Section       Type    Address   Location Size(Bytes)
                ---------  ---------  ---------  ---------  ---------
               _entry_scn       code   0x000000    program   0x000006
       .idata_wrtsspi.o_i    romdata   0x000006    program   0x000000
     .romdata_interrupt.o    romdata   0x000006    program   0x000000
        .romdata_rdsspi.o    romdata   0x000006    program   0x000000
         .romdata_c018i.o    romdata   0x000006    program   0x000000
      .romdata_opensspi.o    romdata   0x000006    program   0x000000
        .romdata_status.o    romdata   0x000006    program   0x000000
        .romdata_timer0.o    romdata   0x000006    program   0x000000
  .idata_serialNumber.o_i    romdata   0x000006    program   0x000001
        .romdata_e2prom.o    romdata   0x000006    program   0x000000
.idata_simcardcontrol.o_i    romdata   0x000006    program   0x000000
      .romdata_fxd3232u.o    romdata   0x000006    program   0x000000
             .stringtable    romdata   0x000006    program   0x000000
    .romdata_FlashEprom.o    romdata   0x000006    program   0x000000
        .idata_e2prom.o_i    romdata   0x000007    program   0x000000
      .idata_opensspi.o_i    romdata   0x000007    program   0x000000
    .idata_e2prom_loc.o_i    romdata   0x000007    program   0x000000
 .idata_prgmem_access.o_i    romdata   0x000007    program   0x000000
       .idata_funcoes.o_i    romdata   0x000007    program   0x000000
        .idata_rdsspi.o_i    romdata   0x000007    program   0x000000
           .idata_cpu.o_i    romdata   0x000007    program   0x000000
      .idata_clrcsspi.o_i    romdata   0x000007    program   0x000000
     .idata_interrupt.o_i    romdata   0x000007    program   0x000000
.idata_ChangeFirmware.o_i    romdata   0x000007    program   0x000000
         .idata_c018i.o_i    romdata   0x000007    program   0x000000
    .idata_bootloader.o_i    romdata   0x000007    program   0x000000
         .idata_crc32.o_i    romdata   0x000007    program   0x000000
      .idata_getsuart.o_i    romdata   0x000007    program   0x000000
      .idata_putsuart.o_i    romdata   0x000007    program   0x000000
      .idata_fxd3232u.o_i    romdata   0x000007    program   0x000000
       .idata_fxm3232.o_i    romdata   0x000007    program   0x000000
      .idata_AT45DBxx.o_i    romdata   0x000007    program   0x000000
              high_vector       code   0x000008    program   0x000006
            .code_c018i.o       code   0x000008    program   0x000000
       .code_e2prom_loc.o       code   0x000008    program   0x000000
              .code_cpu.o       code   0x00000e    program   0x00000a
               low_vector       code   0x000018    program   0x000006
                   .cinit    romdata   0x00001e    program   0x000062
         .code_SerialPC.o       code   0x000080    program   0x000bfa
             .code_main.o       code   0x000c7a    program   0x00037a
    CPU_EnableAllInt_CODE       code   0x000ff4    program   0x000014
   second_HIGH_ISR_Vector       code   0x001008    program   0x000006
   CPU_DISABLEALLInt_CODE       code   0x00100e    program   0x000008
      .romdata_setcsspi.o    romdata   0x001016    program   0x000000
      .idata_setcsspi.o_i    romdata   0x001016    program   0x000000
       .romdata_fxm3232.o    romdata   0x001016    program   0x000000
      .romdata_AT45DBxx.o    romdata   0x001016    program   0x000000
           .romdata_led.o    romdata   0x001016    program   0x000000
.romdata_sw_serial_delays.o    romdata   0x001016    program   0x000000
.idata_sw_serial_delays.o_i    romdata   0x001016    program   0x000000
       .romdata_version.o    romdata   0x001016    program   0x000000
      .romdata_SerialPC.o    romdata   0x001016    program   0x000000
      .idata_SerialPC.o_i    romdata   0x001016    program   0x000002
 .romdata_prgmem_access.o    romdata   0x001016    program   0x000000
    .romdata_e2prom_loc.o    romdata   0x001016    program   0x000000
      .romdata_clrcsspi.o    romdata   0x001016    program   0x000000
    second_LOW_ISR_Vector       code   0x001018    program   0x000006
         .romdata_crc32.o    romdata   0x00101e    program   0x000400
            .code_timer.o       code   0x00141e    program   0x000368
   .code_ChangeFirmware.o       code   0x001786    program   0x00031e
           .code_e2prom.o       code   0x001aa4    program   0x000238
        .code_interrupt.o       code   0x001cdc    program   0x000222
       .code_FlashEprom.o       code   0x001efe    program   0x0001a2
            .code_crc32.o       code   0x0020a0    program   0x000132
          .code_version.o       code   0x0021d2    program   0x0000f6
                   STRING       code   0x0022c8    program   0x0000e0
                 UARTCODE       code   0x0023a8    program   0x0000c8
          .code_funcoes.o       code   0x002470    program   0x0000aa
               _cinit_scn       code   0x00251a    program   0x00009e
           .code_status.o       code   0x0025b8    program   0x000090
                     PROG       code   0x002648    program   0x000068
   .code_simcardcontrol.o       code   0x0026b0    program   0x000062
         .code_getsuart.o       code   0x002712    program   0x000056
     .code_serialNumber.o       code   0x002768    program   0x000054
           .code_rdsspi.o       code   0x0027bc    program   0x000052
              .code_led.o       code   0x00280e    program   0x000050
         .code_fxd3232u.o       code   0x00285e    program   0x000048
          .code_wrtsspi.o       code   0x0028a6    program   0x000042
         .code_putsuart.o       code   0x0028e8    program   0x00003c
 .code_sw_serial_delays.o       code   0x002924    program   0x00002c
                    CTYPE       code   0x002950    program   0x000028
             _startup_scn       code   0x002978    program   0x000020
               D1TCYXCODE       code   0x002998    program   0x00001c
           .code_timer0.o       code   0x0029b4    program   0x000012
         .code_opensspi.o       code   0x0029c6    program   0x000012
         .code_clrcsspi.o       code   0x0029d8    program   0x00000e
                    .code       code   0x0029e6    program   0x00000e
  .romdata_serialNumber.o    romdata   0x0029f4    program   0x000004
         .code_setcsspi.o       code   0x0029f8    program   0x000004
        .idata_status.o_i    romdata   0x0029fc    program   0x000007
          .idata_main.o_i    romdata   0x002a03    program   0x000003
           .idata_led.o_i    romdata   0x002a06    program   0x00000d
    .idata_FlashEprom.o_i    romdata   0x002a13    program   0x00002c
               NULL_START       code   0x004000    program   0x000004
         .code_AT45DBxx.o       code   0x004004    program   0x00078e
    .code_prgmem_access.o       code   0x004792    program   0x000566
       .code_bootloader.o       code   0x004cf8    program   0x000280
          .code_fxm3232.o       code   0x004f78    program   0x000070
              D10TCYXCODE       code   0x004fe8    program   0x000016
       .romdata_wrtsspi.o    romdata   0x004ffe    program   0x000000
.romdata_ChangeFirmware.o    romdata   0x004ffe    program   0x000000
           .romdata_cpu.o    romdata   0x004ffe    program   0x000000
       .romdata_funcoes.o    romdata   0x004ffe    program   0x000000
         .romdata_timer.o    romdata   0x004ffe    program   0x000000
       .idata_version.o_i    romdata   0x004ffe    program   0x000001
    .romdata_bootloader.o    romdata   0x004ffe    program   0x000000
.romdata_simcardcontrol.o    romdata   0x004ffe    program   0x000000
          .romdata_main.o    romdata   0x004ffe    program   0x000000
      .romdata_getsuart.o    romdata   0x004ffe    program   0x000000
      .romdata_putsuart.o    romdata   0x004ffe    program   0x000000
         .idata_timer.o_i    romdata   0x004fff    program   0x000001
        .idata_timer0.o_i    romdata   0x004fff    program   0x000000
                  VERSION    romdata   0x005000    program   0x00000c
    .config_300001_main.o    romdata   0x300001    program   0x000001
    .config_300002_main.o    romdata   0x300002    program   0x000001
    .config_300003_main.o    romdata   0x300003    program   0x000001
    .config_300005_main.o    romdata   0x300005    program   0x000001
    .config_300006_main.o    romdata   0x300006    program   0x000001
               eedata_scn    romdata   0xf00000    program   0x00001c
                MATH_DATA      udata   0x000000       data   0x000010
                 .tmpdata      udata   0x000010       data   0x000010
      SERIALPC_CMD_BUFFER      udata   0x000100       data   0x0000d4
      .idata_FlashEprom.o      idata   0x0001d4       data   0x00002c
          SERIALPC_BUFFER      udata   0x000200       data   0x0000d4
             .idata_led.o      idata   0x0002d4       data   0x00000d
         .udata_version.o      udata   0x0002e1       data   0x00000c
           .udata_c018i.o      udata   0x0002ed       data   0x00000a
          .idata_status.o      idata   0x0002f7       data   0x000007
                 UARTDATA      udata   0x0002fe       data   0x000002
           .udata_timer.o      udata   0x000300       data   0x0000a4
        .udata_SerialPC.o      udata   0x0003a4       data   0x000005
    .udata_serialNumber.o      udata   0x0003a9       data   0x000004
      .udata_bootloader.o      udata   0x0003ad       data   0x000004
            .idata_main.o      idata   0x0003b1       data   0x000003
        .idata_SerialPC.o      idata   0x0003b4       data   0x000002
  .udata_simcardcontrol.o      udata   0x0003b6       data   0x000001
            .udata_main.o      udata   0x0003b7       data   0x000001
             .udata_led.o      udata   0x0003b8       data   0x000001
      .udata_FlashEprom.o      udata   0x0003b9       data   0x000001
         .idata_version.o      idata   0x0003ba       data   0x000001
           .idata_timer.o      idata   0x0003bb       data   0x000001
    .idata_serialNumber.o      idata   0x0003bc       data   0x000001
        .udata_clrcsspi.o      udata   0x0003bd       data   0x000000
  .idata_ChangeFirmware.o      idata   0x0003bd       data   0x000000
      .idata_bootloader.o      idata   0x0003bd       data   0x000000
           .udata_crc32.o      udata   0x0003bd       data   0x000000
           .idata_crc32.o      idata   0x0003bd       data   0x000000
        .udata_getsuart.o      udata   0x0003bd       data   0x000000
        .idata_getsuart.o      idata   0x0003bd       data   0x000000
        .udata_putsuart.o      udata   0x0003bd       data   0x000000
        .idata_putsuart.o      idata   0x0003bd       data   0x000000
.udata_sw_serial_delays.o      udata   0x0003bd       data   0x000000
.idata_sw_serial_delays.o      idata   0x0003bd       data   0x000000
  .udata_ChangeFirmware.o      udata   0x0003bd       data   0x000000
           .idata_c018i.o      idata   0x0003bd       data   0x000000
  .idata_simcardcontrol.o      idata   0x0003bd       data   0x000000
        .idata_AT45DBxx.o      idata   0x0003bd       data   0x000000
        .udata_AT45DBxx.o      udata   0x0003bd       data   0x000000
        .udata_fxd3232u.o      udata   0x0003bd       data   0x000000
        .idata_fxd3232u.o      idata   0x0003bd       data   0x000000
         .udata_fxm3232.o      udata   0x0003bd       data   0x000000
         .idata_fxm3232.o      idata   0x0003bd       data   0x000000
        .udata_setcsspi.o      udata   0x0003bd       data   0x000000
        .idata_setcsspi.o      idata   0x0003bd       data   0x000000
          .idata_rdsspi.o      idata   0x0003bd       data   0x000000
          .udata_rdsspi.o      udata   0x0003bd       data   0x000000
   .idata_prgmem_access.o      idata   0x0003bd       data   0x000000
   .udata_prgmem_access.o      udata   0x0003bd       data   0x000000
        .idata_opensspi.o      idata   0x0003bd       data   0x000000
        .udata_opensspi.o      udata   0x0003bd       data   0x000000
         .udata_wrtsspi.o      udata   0x0003bd       data   0x000000
         .idata_wrtsspi.o      idata   0x0003bd       data   0x000000
       .udata_interrupt.o      udata   0x0003bd       data   0x000000
       .idata_interrupt.o      idata   0x0003bd       data   0x000000
         .idata_funcoes.o      idata   0x0003bd       data   0x000000
         .udata_funcoes.o      udata   0x0003bd       data   0x000000
      .idata_e2prom_loc.o      idata   0x0003bd       data   0x000000
      .udata_e2prom_loc.o      udata   0x0003bd       data   0x000000
          .udata_status.o      udata   0x0003bd       data   0x000000
          .idata_e2prom.o      idata   0x0003bd       data   0x000000
          .udata_timer0.o      udata   0x0003bd       data   0x000000
          .idata_timer0.o      idata   0x0003bd       data   0x000000
          .udata_e2prom.o      udata   0x0003bd       data   0x000000
             .idata_cpu.o      idata   0x0003bd       data   0x000000
             .udata_cpu.o      udata   0x0003bd       data   0x000000
        .idata_clrcsspi.o      idata   0x0003bd       data   0x000000
                   .stack      udata   0x000c00       data   0x000100
              SFR_BANKED0      udata   0x000d60       data   0x00000c
              SFR_BANKED1      udata   0x000d70       data   0x00000c
              SFR_BANKED2      udata   0x000d80       data   0x00000c
              SFR_BANKED3      udata   0x000d90       data   0x000004
              SFR_BANKED4      udata   0x000dd4       data   0x000002
              SFR_BANKED5      udata   0x000dd8       data   0x000001
              SFR_BANKED6      udata   0x000de0       data   0x000008
              SFR_BANKED7      udata   0x000df0       data   0x000004
              SFR_BANKED8      udata   0x000df8       data   0x000001
              SFR_BANKED9      udata   0x000dfa       data   0x000001
             SFR_BANKED10      udata   0x000dfc       data   0x000001
             SFR_BANKED11      udata   0x000e20       data   0x000060
             SFR_BANKED12      udata   0x000f00       data   0x000060
            SFR_UNBANKED0      udata   0x000f60       data   0x000018
            SFR_UNBANKED1      udata   0x000f80       data   0x000080



                              Program Memory Usage 
                               Start         End      
                           ---------   ---------      
                            0x000000    0x000006      
                            0x000008    0x002a3e      
                            0x004000    0x00500b      
                            0x300001    0x300003      
                            0x300005    0x300006      
                            0xf00000    0xf0001b      
            14955 out of 66584 program addresses used, program memory utilization is 22%



                              Symbols - Sorted by Name
                     Name    Address   Location    Storage File                     
                ---------  ---------  ---------  --------- ---------                
            AT45DBXX_Init   0x004004    program     extern D:\user\rdias\sources\voxage\teste_hit\smsbox-2.0\source\SMS BOX\firmware\AT45DBxx.c
            AT45DBXX_Read   0x00400c    program     extern D:\user\rdias\sources\voxage\teste_hit\smsbox-2.0\source\SMS BOX\firmware\AT45DBxx.c
           AT45DBXX_Write   0x004104    program     extern D:\user\rdias\sources\voxage\teste_hit\smsbox-2.0\source\SMS BOX\firmware\AT45DBxx.c
           BOOT_LDR_CRC32   0xf00010    program     extern D:\user\rdias\sources\voxage\teste_hit\smsbox-2.0\source\SMS BOX\firmware\e2prom_loc.c
       BOOT_LDR_PCK_CNTRL   0xf0000c    program     extern D:\user\rdias\sources\voxage\teste_hit\smsbox-2.0\source\SMS BOX\firmware\e2prom_loc.c
              BOOT_LDR_ST   0xf0000b    program     extern D:\user\rdias\sources\voxage\teste_hit\smsbox-2.0\source\SMS BOX\firmware\e2prom_loc.c
             BoardVersion   0x005000    program     extern D:\user\rdias\sources\voxage\teste_hit\smsbox-2.0\source\SMS BOX\firmware\version.c
        BootLoaderVersion   0x005008    program     extern D:\user\rdias\sources\voxage\teste_hit\smsbox-2.0\source\SMS BOX\firmware\version.c
        CPU_DisableAllInt   0x00100e    program     extern ..\CPU_disableAll_Int.asm
         CPU_EnableAllInt   0x000ff4    program     extern ..\CPU_EnableAll_Int.asm 
                CPU_Reset   0x000012    program     extern D:\user\rdias\sources\voxage\teste_hit\smsbox-2.0\source\SMS BOX\firmware\cpu.c
               CPU_RstWDT   0x00000e    program     extern D:\user\rdias\sources\voxage\teste_hit\smsbox-2.0\source\SMS BOX\firmware\cpu.c
           ChangeFirmware   0x0017c8    program     extern D:\user\rdias\sources\voxage\teste_hit\smsbox-2.0\source\SMS BOX\firmware\bootloader\ChangeFirmware.c
               ChangeLeds   0x000f84    program     extern D:\user\rdias\sources\voxage\teste_hit\smsbox-2.0\source\SMS BOX\firmware\bootloader\main.c
          CheckBootLoader   0x004cf8    program     extern D:\user\rdias\sources\voxage\teste_hit\smsbox-2.0\source\SMS BOX\firmware\bootloader.c
                 CheckLed   0x00285c    program     extern D:\user\rdias\sources\voxage\teste_hit\smsbox-2.0\source\SMS BOX\firmware\led.c
              CleanStatus   0x0025de    program     extern D:\user\rdias\sources\voxage\teste_hit\smsbox-2.0\source\SMS BOX\firmware\status.c
             ClearCSSWSPI   0x0029d8    program     extern D:\user\rdias\sources\voxage\teste_hit\smsbox-2.0\source\SMS BOX\firmware\clrcsspi.c
                    D10_1   0x004ff8    program     static C:\MCC18\src\traditional\delays\d10tcyx.asm
                     D10x   0x004ff0    program     static C:\MCC18\src\traditional\delays\d10tcyx.asm
                      D1x   0x0029a0    program     static ..\d1tcyx.asm            
                   D3232S   0x002678    program     static C:\MCC18\src\traditional\math\fxd3232s.asm
                D3232SNEG   0x002686    program     static C:\MCC18\src\traditional\math\fxd3232s.asm
                 D3232SOK   0x002682    program     static C:\MCC18\src\traditional\math\fxd3232s.asm
                  D3232SX   0x0026a6    program     static C:\MCC18\src\traditional\math\fxd3232s.asm
                      D4x   0x0029ac    program     static ..\d4tcyx.asm            
                  DA3232S   0x002662    program     static C:\MCC18\src\traditional\math\fxd3232s.asm
                  DWTESTE   0xf00014    program     extern D:\user\rdias\sources\voxage\teste_hit\smsbox-2.0\source\SMS BOX\firmware\e2prom_loc.c
              Delay10TCYx   0x004fe8    program     extern C:\MCC18\src\traditional\delays\d10tcyx.asm
               Delay1TCYx   0x002998    program     extern ..\d1tcyx.asm            
               Delay4TCYx   0x0029a8    program     extern ..\d4tcyx.asm            
           DelayRXBitUART   0x002944    program     extern D:\user\rdias\sources\voxage\teste_hit\smsbox-2.0\source\SMS BOX\firmware\sw_serial_delays.c
       DelayRXHalfBitUART   0x002938    program     extern D:\user\rdias\sources\voxage\teste_hit\smsbox-2.0\source\SMS BOX\firmware\sw_serial_delays.c
           DelayTXBitUART   0x002924    program     extern D:\user\rdias\sources\voxage\teste_hit\smsbox-2.0\source\SMS BOX\firmware\sw_serial_delays.c
           EnviaCMD_MODEM   0x00059c    program     extern D:\user\rdias\sources\voxage\teste_hit\smsbox-2.0\source\SMS BOX\firmware\bootloader\SerialPC.c
                ErasePage   0x004c70    program     extern D:\user\rdias\sources\voxage\teste_hit\smsbox-2.0\source\SMS BOX\firmware\prgmem_access.c
                 FXD3232S   0x002648    program     extern C:\MCC18\src\traditional\math\fxd3232s.asm
                 FXD3232U   0x00285e    program     extern C:\MCC18\src\traditional\math\fxd3232u.c
                  FXM3232   0x004f78    program     extern C:\MCC18\src\traditional\math\fxm3232.c
          FirmwareVersion   0x005004    program     extern D:\user\rdias\sources\voxage\teste_hit\smsbox-2.0\source\SMS BOX\firmware\version.c
                FlashInit   0x001efe    program     extern D:\user\rdias\sources\voxage\teste_hit\smsbox-2.0\source\SMS BOX\firmware\FlashEprom.c
               Flash_Read   0x001f18    program     extern D:\user\rdias\sources\voxage\teste_hit\smsbox-2.0\source\SMS BOX\firmware\FlashEprom.c
               Flash_Test   0x001ff0    program     extern D:\user\rdias\sources\voxage\teste_hit\smsbox-2.0\source\SMS BOX\firmware\FlashEprom.c
              Flash_Write   0x001f84    program     extern D:\user\rdias\sources\voxage\teste_hit\smsbox-2.0\source\SMS BOX\firmware\FlashEprom.c
          GetBoardVersion   0x0021d2    program     extern D:\user\rdias\sources\voxage\teste_hit\smsbox-2.0\source\SMS BOX\firmware\version.c
     GetBootLoaderVersion   0x002276    program     extern D:\user\rdias\sources\voxage\teste_hit\smsbox-2.0\source\SMS BOX\firmware\version.c
             GetCalcCRC32   0x004ec8    program     extern D:\user\rdias\sources\voxage\teste_hit\smsbox-2.0\source\SMS BOX\firmware\bootloader.c
                  GetChar   0x002448    program     static ..\readuart.asm          
       GetFirmwareVersion   0x002224    program     extern D:\user\rdias\sources\voxage\teste_hit\smsbox-2.0\source\SMS BOX\firmware\version.c
                    GetID   0x002610    program     extern D:\user\rdias\sources\voxage\teste_hit\smsbox-2.0\source\SMS BOX\firmware\status.c
          GetSerialNumber   0x002768    program     extern D:\user\rdias\sources\voxage\teste_hit\smsbox-2.0\source\SMS BOX\firmware\serialNumber.c
                GetStatus   0x002604    program     extern D:\user\rdias\sources\voxage\teste_hit\smsbox-2.0\source\SMS BOX\firmware\status.c
             GetTickCount   0x001470    program     extern D:\user\rdias\sources\voxage\teste_hit\smsbox-2.0\source\SMS BOX\firmware\timer.c
                 GetTimer   0x001492    program     extern D:\user\rdias\sources\voxage\teste_hit\smsbox-2.0\source\SMS BOX\firmware\timer.c
             IncTickCount   0x001484    program     extern D:\user\rdias\sources\voxage\teste_hit\smsbox-2.0\source\SMS BOX\firmware\timer.c
             InitSimCards   0x0026b0    program     extern D:\user\rdias\sources\voxage\teste_hit\smsbox-2.0\source\SMS BOX\firmware\simcardcontrol.c
                InitTimer   0x00141e    program     extern D:\user\rdias\sources\voxage\teste_hit\smsbox-2.0\source\SMS BOX\firmware\timer.c
               InitTimer0   0x0029b4    program     extern D:\user\rdias\sources\voxage\teste_hit\smsbox-2.0\source\SMS BOX\firmware\timer0.c
         InterruptHandler   0x001cdc    program     extern D:\user\rdias\sources\voxage\teste_hit\smsbox-2.0\source\SMS BOX\firmware\bootloader\interrupt.c
      InterruptHandlerLow   0x001d4a    program     extern D:\user\rdias\sources\voxage\teste_hit\smsbox-2.0\source\SMS BOX\firmware\bootloader\interrupt.c
              IsConnected   0x000588    program     extern D:\user\rdias\sources\voxage\teste_hit\smsbox-2.0\source\SMS BOX\firmware\bootloader\SerialPC.c
           IsTimerTimeOut   0x001644    program     extern D:\user\rdias\sources\voxage\teste_hit\smsbox-2.0\source\SMS BOX\firmware\timer.c
                LOG_LEVEL   0xf00008    program     extern D:\user\rdias\sources\voxage\teste_hit\smsbox-2.0\source\SMS BOX\firmware\e2prom_loc.c
              LOG_PTR_END   0xf00004    program     extern D:\user\rdias\sources\voxage\teste_hit\smsbox-2.0\source\SMS BOX\firmware\e2prom_loc.c
              LOG_PTR_STA   0xf00000    program     extern D:\user\rdias\sources\voxage\teste_hit\smsbox-2.0\source\SMS BOX\firmware\e2prom_loc.c
                LOG_STAMP   0xf00009    program     extern D:\user\rdias\sources\voxage\teste_hit\smsbox-2.0\source\SMS BOX\firmware\e2prom_loc.c
                  LedInit   0x00280e    program     extern D:\user\rdias\sources\voxage\teste_hit\smsbox-2.0\source\SMS BOX\firmware\led.c
              LedSetState   0x00283e    program     extern D:\user\rdias\sources\voxage\teste_hit\smsbox-2.0\source\SMS BOX\firmware\led.c
               MakeHeader   0x000bee    program     extern D:\user\rdias\sources\voxage\teste_hit\smsbox-2.0\source\SMS BOX\firmware\bootloader\SerialPC.c
                OpenSWSPI   0x0029c6    program     extern D:\user\rdias\sources\voxage\teste_hit\smsbox-2.0\source\SMS BOX\firmware\opensspi.c
                 OpenUART   0x002406    program     extern ..\openuart.asm          
                PageWrite   0x0049a2    program     extern D:\user\rdias\sources\voxage\teste_hit\smsbox-2.0\source\SMS BOX\firmware\prgmem_access.c
        PageWriteMainMemo   0x00452a    program     extern D:\user\rdias\sources\voxage\teste_hit\smsbox-2.0\source\SMS BOX\firmware\AT45DBxx.c
ProcessaCMD_BOOTLOADER_CHANGEFW   0x000b70    program     extern D:\user\rdias\sources\voxage\teste_hit\smsbox-2.0\source\SMS BOX\firmware\bootloader\SerialPC.c
ProcessaCMD_BOOTLOADER_GETCRC32   0x000a46    program     extern D:\user\rdias\sources\voxage\teste_hit\smsbox-2.0\source\SMS BOX\firmware\bootloader\SerialPC.c
ProcessaCMD_BOOTLOADER_UPLOAD_FW   0x000946    program     extern D:\user\rdias\sources\voxage\teste_hit\smsbox-2.0\source\SMS BOX\firmware\bootloader\SerialPC.c
        ProcessaCMD_HELLO   0x0002f0    program     extern D:\user\rdias\sources\voxage\teste_hit\smsbox-2.0\source\SMS BOX\firmware\bootloader\SerialPC.c
        ProcessaCMD_SONDA   0x00072a    program     extern D:\user\rdias\sources\voxage\teste_hit\smsbox-2.0\source\SMS BOX\firmware\bootloader\SerialPC.c
       ProcessaCMD_STATUS   0x00073a    program     extern D:\user\rdias\sources\voxage\teste_hit\smsbox-2.0\source\SMS BOX\firmware\bootloader\SerialPC.c
      ProcessaCMD_VERSION   0x0007ec    program     extern D:\user\rdias\sources\voxage\teste_hit\smsbox-2.0\source\SMS BOX\firmware\bootloader\SerialPC.c
          ProcessaPacotes   0x00021e    program     extern D:\user\rdias\sources\voxage\teste_hit\smsbox-2.0\source\SMS BOX\firmware\bootloader\SerialPC.c
        ProcessaProtocolo   0x000096    program     extern D:\user\rdias\sources\voxage\teste_hit\smsbox-2.0\source\SMS BOX\firmware\bootloader\SerialPC.c
                ReadSWSPI   0x0027bc    program     extern D:\user\rdias\sources\voxage\teste_hit\smsbox-2.0\source\SMS BOX\firmware\rdsspi.c
                 ReadUART   0x00242e    program     extern ..\readuart.asm          
             ReleaseTimer   0x001576    program     extern D:\user\rdias\sources\voxage\teste_hit\smsbox-2.0\source\SMS BOX\firmware\timer.c
                 RemapISR   0x001d5e    program     extern D:\user\rdias\sources\voxage\teste_hit\smsbox-2.0\source\SMS BOX\firmware\bootloader\interrupt.c
    RemapInterruptHandler   0x001eb0    program     extern D:\user\rdias\sources\voxage\teste_hit\smsbox-2.0\source\SMS BOX\firmware\bootloader\interrupt.c
               ResetCRC32   0x004edc    program     extern D:\user\rdias\sources\voxage\teste_hit\smsbox-2.0\source\SMS BOX\firmware\bootloader.c
             ResetSIMCARD   0x002706    program     extern D:\user\rdias\sources\voxage\teste_hit\smsbox-2.0\source\SMS BOX\firmware\simcardcontrol.c
             RestartTimer   0x0016d6    program     extern D:\user\rdias\sources\voxage\teste_hit\smsbox-2.0\source\SMS BOX\firmware\timer.c
         ResumeFactorySet   0x00205e    program     extern D:\user\rdias\sources\voxage\teste_hit\smsbox-2.0\source\SMS BOX\firmware\FlashEprom.c
            SERIAL_NUMBER   0xf00018    program     extern D:\user\rdias\sources\voxage\teste_hit\smsbox-2.0\source\SMS BOX\firmware\e2prom_loc.c
                  SendBit   0x0023c2    program     static ..\writuart.asm          
                SendStart   0x0023c6    program     static ..\writuart.asm          
             SerialNumber   0x0029f4    program     extern D:\user\rdias\sources\voxage\teste_hit\smsbox-2.0\source\SMS BOX\firmware\serialNumber.c
             SerialPCInit   0x000080    program     extern D:\user\rdias\sources\voxage\teste_hit\smsbox-2.0\source\SMS BOX\firmware\bootloader\SerialPC.c
               SetCSSWSPI   0x0029f8    program     extern C:\MCC18\src\pmc_common\SW_SPI\setcsspi.c
               SetSimCard   0x0026c2    program     extern D:\user\rdias\sources\voxage\teste_hit\smsbox-2.0\source\SMS BOX\firmware\simcardcontrol.c
                SetStatus   0x0025b8    program     extern D:\user\rdias\sources\voxage\teste_hit\smsbox-2.0\source\SMS BOX\firmware\status.c
      StartChangeFirmware   0x004f0a    program     extern D:\user\rdias\sources\voxage\teste_hit\smsbox-2.0\source\SMS BOX\firmware\bootloader.c
             UpLoad2Flash   0x004d3a    program     extern D:\user\rdias\sources\voxage\teste_hit\smsbox-2.0\source\SMS BOX\firmware\bootloader.c
   VerifyStartUserProgram   0x001786    program     extern D:\user\rdias\sources\voxage\teste_hit\smsbox-2.0\source\SMS BOX\firmware\bootloader\ChangeFirmware.c
                 WaitBusy   0x004300    program     extern D:\user\rdias\sources\voxage\teste_hit\smsbox-2.0\source\SMS BOX\firmware\AT45DBxx.c
                 WaitChar   0x002436    program     static ..\readuart.asm          
           Write24BitAddr   0x004470    program     extern D:\user\rdias\sources\voxage\teste_hit\smsbox-2.0\source\SMS BOX\firmware\AT45DBxx.c
             WriteBuffer1   0x00461a    program     extern D:\user\rdias\sources\voxage\teste_hit\smsbox-2.0\source\SMS BOX\firmware\AT45DBxx.c
   WriteBuffer1ToMainMemo   0x004696    program     extern D:\user\rdias\sources\voxage\teste_hit\smsbox-2.0\source\SMS BOX\firmware\AT45DBxx.c
           WriteFlashAddr   0x00435c    program     extern D:\user\rdias\sources\voxage\teste_hit\smsbox-2.0\source\SMS BOX\firmware\AT45DBxx.c
   WriteMainMemoToBuffer1   0x004714    program     extern D:\user\rdias\sources\voxage\teste_hit\smsbox-2.0\source\SMS BOX\firmware\AT45DBxx.c
               WriteSWSPI   0x0028a6    program     extern D:\user\rdias\sources\voxage\teste_hit\smsbox-2.0\source\SMS BOX\firmware\wrtsspi.c
                WriteUART   0x0023a8    program     extern ..\writuart.asm          
              _2jContinue   0x00233e    program     static C:\MCC18\src\traditional\stdclib\memset.asm
                   _3jEnd   0x002348    program     static C:\MCC18\src\traditional\stdclib\memset.asm
              _4jContinue   0x0022fc    program     static C:\MCC18\src\traditional\stdclib\memcpy.asm
              _4jContinue   0x00237e    program     static C:\MCC18\src\traditional\stdclib\strncmp.asm
                   _5jEnd   0x002306    program     static C:\MCC18\src\traditional\stdclib\memcpy.asm
                   _5jEnd   0x002388    program     static C:\MCC18\src\traditional\stdclib\strncmp.asm
        _D10TCYXCODE_000A   0x004ff2    program     static C:\MCC18\src\traditional\delays\d10tcyx.asm
        _D10TCYXCODE_000C   0x004ff4    program     static C:\MCC18\src\traditional\delays\d10tcyx.asm
        _D10TCYXCODE_000E   0x004ff6    program     static C:\MCC18\src\traditional\delays\d10tcyx.asm
         _D1TCYXCODE_0008   0x0029b0    program     static ..\d4tcyx.asm            
         _D1TCYXCODE_000C   0x0029a4    program     static ..\d1tcyx.asm            
         ___else_lbl00009   0x000f5c    program     static                          
         ___else_lbl00011   0x000f6a    program     static                          
          ___for_lbl00001   0x0047d0    program     static                          
          ___for_lbl00002   0x0047d4    program     static                          
          ___for_lbl00003   0x0047b0    program     static                          
          ___for_lbl00004   0x000f6e    program     static                          
          ___for_lbl00005   0x000f70    program     static                          
          ___for_lbl00011   0x004aaa    program     static                          
          ___for_lbl00012   0x000f40    program     static                          
          ___for_lbl00012   0x004ab0    program     static                          
          ___for_lbl00013   0x004a60    program     static                          
          ___for_lbl00015   0x004b54    program     static                          
          ___for_lbl00016   0x004b5a    program     static                          
          ___for_lbl00017   0x004b2a    program     static                          
          ___for_lbl00019   0x004c48    program     static                          
          ___for_lbl00020   0x004c4e    program     static                          
          ___for_lbl00022   0x004c02    program     static                          
           ___if_lbl00003   0x000f34    program     static                          
           ___if_lbl00008   0x000f68    program     static                          
           ___if_lbl00010   0x000f6e    program     static                          
           ___if_lbl00014   0x004acc    program     static                          
           ___if_lbl00018   0x004b66    program     static                          
           ___if_lbl00021   0x004c48    program     static                          
           ___if_lbl00024   0x004cca    program     static                          
       ___return_lbl00000   0x000004    program     static                          
       ___return_lbl00000   0x0028a4    program     static                          
       ___return_lbl00000   0x0029e4    program     static                          
       ___return_lbl00000   0x004fe6    program     static                          
       ___return_lbl00000   0x00000c    program     static                          
       ___return_lbl00000   0x0047da    program     static                          
       ___return_lbl00000   0x002936    program     static                          
       ___return_lbl00001   0x002996    program     static                          
       ___return_lbl00001   0x000016    program     static                          
       ___return_lbl00001   0x00001c    program     static                          
       ___return_lbl00002   0x000f70    program     static                          
       ___return_lbl00002   0x0025b6    program     static                          
       ___return_lbl00002   0x00100c    program     static                          
       ___return_lbl00003   0x00101c    program     static                          
       ___return_lbl00010   0x004c58    program     static                          
       ___return_lbl00023   0x004ce4    program     static                          
        ___while_lbl00006   0x000f5c    program     static                          
        ___while_lbl00007   0x000f68    program     static                          
               __config_0   0x300001    program     static D:\user\rdias\sources\voxage\teste_hit\smsbox-2.0\source\SMS BOX\firmware\bootloader\main.c
               __config_1   0x300002    program     static D:\user\rdias\sources\voxage\teste_hit\smsbox-2.0\source\SMS BOX\firmware\bootloader\main.c
               __config_2   0x300003    program     static D:\user\rdias\sources\voxage\teste_hit\smsbox-2.0\source\SMS BOX\firmware\bootloader\main.c
               __config_3   0x300005    program     static D:\user\rdias\sources\voxage\teste_hit\smsbox-2.0\source\SMS BOX\firmware\bootloader\main.c
               __config_4   0x300006    program     static D:\user\rdias\sources\voxage\teste_hit\smsbox-2.0\source\SMS BOX\firmware\bootloader\main.c
                   __init   0x000c7a    program     extern D:\user\rdias\sources\voxage\teste_hit\smsbox-2.0\source\SMS BOX\firmware\bootloader\main.c
               __tmplbl_0   0x000f10    program     static                          
            __zero_memory   0x0029e6    program     extern C:\MCC18\src\traditional\proc\p18F4680.asm
                _do_cinit   0x00251a    program     extern D:\user\rdias\sources\voxage\teste_hit\smsbox-2.0\source\SMS BOX\firmware\bootloader\c018i.c
                   _entry   0x000000    program     extern D:\user\rdias\sources\voxage\teste_hit\smsbox-2.0\source\SMS BOX\firmware\bootloader\c018i.c
                   _false   0x0028a0    program     static                          
                 _startup   0x002978    program     extern D:\user\rdias\sources\voxage\teste_hit\smsbox-2.0\source\SMS BOX\firmware\bootloader\c018i.c
                 abs_word   0x0024c4    program     extern D:\user\rdias\sources\voxage\teste_hit\smsbox-2.0\source\SMS BOX\firmware\funcoes.c
                ascii2int   0x002470    program     extern D:\user\rdias\sources\voxage\teste_hit\smsbox-2.0\source\SMS BOX\firmware\funcoes.c
               clear_loop   0x0029ec    program     static C:\MCC18\src\traditional\proc\p18F4680.asm
                copy_loop   0x00258c    program     static                          
            copy_one_byte   0x002592    program     static                          
                   crc32c   0x0020a0    program     extern D:\user\rdias\sources\voxage\teste_hit\smsbox-2.0\source\SMS BOX\firmware\crc32.c
             crc32c_table   0x00101e    program     static D:\user\rdias\sources\voxage\teste_hit\smsbox-2.0\source\SMS BOX\firmware\crc32.c
                     done   0x0025b6    program     static                          
             done_copying   0x0025a0    program     static                          
              e2prom_read   0x001aa4    program     extern D:\user\rdias\sources\voxage\teste_hit\smsbox-2.0\source\SMS BOX\firmware\e2prom.c
             e2prom_write   0x001b8c    program     extern D:\user\rdias\sources\voxage\teste_hit\smsbox-2.0\source\SMS BOX\firmware\e2prom.c
                 enviaACK   0x0004d4    program     extern D:\user\rdias\sources\voxage\teste_hit\smsbox-2.0\source\SMS BOX\firmware\bootloader\SerialPC.c
                enviaNACK   0x000528    program     extern D:\user\rdias\sources\voxage\teste_hit\smsbox-2.0\source\SMS BOX\firmware\bootloader\SerialPC.c
           enviarPacotePC   0x0003f6    program     extern D:\user\rdias\sources\voxage\teste_hit\smsbox-2.0\source\SMS BOX\firmware\bootloader\SerialPC.c
                 getsUART   0x002712    program     extern D:\user\rdias\sources\voxage\teste_hit\smsbox-2.0\source\SMS BOX\firmware\getsuart.c
 interrupt_at_high_vector   0x000008    program     extern D:\user\rdias\sources\voxage\teste_hit\smsbox-2.0\source\SMS BOX\firmware\bootloader\interrupt.c
  interrupt_at_low_vector   0x000018    program     extern D:\user\rdias\sources\voxage\teste_hit\smsbox-2.0\source\SMS BOX\firmware\bootloader\interrupt.c
          isr_HIGH_Vector   0x001008    program     extern D:\user\rdias\sources\voxage\teste_hit\smsbox-2.0\source\SMS BOX\firmware\bootloader\interrupt.c
           isr_LOW_Vector   0x001018    program     extern D:\user\rdias\sources\voxage\teste_hit\smsbox-2.0\source\SMS BOX\firmware\bootloader\interrupt.c
                     jEnd   0x002392    program     static C:\MCC18\src\traditional\stdclib\strncmp.asm
                     jEnd   0x002350    program     static C:\MCC18\src\traditional\stdclib\memset.asm
                     jEnd   0x00230c    program     static C:\MCC18\src\traditional\stdclib\memcpy.asm
                    jLoop   0x002332    program     static C:\MCC18\src\traditional\stdclib\memset.asm
                    jLoop   0x0022f0    program     static C:\MCC18\src\traditional\stdclib\memcpy.asm
                    jLoop   0x002372    program     static C:\MCC18\src\traditional\stdclib\strncmp.asm
                 jNoMatch   0x002976    program     static C:\MCC18\src\traditional\stdclib\toupper.asm
                     loop   0x00286c    program     static                          
                     loop   0x00298c    program     static                          
                     main   0x000c7e    program     extern D:\user\rdias\sources\voxage\teste_hit\smsbox-2.0\source\SMS BOX\firmware\bootloader\main.c
                   memcpy   0x0022c8    program     extern C:\MCC18\src\traditional\stdclib\memcpy.asm
              memprg_read   0x004792    program     extern D:\user\rdias\sources\voxage\teste_hit\smsbox-2.0\source\SMS BOX\firmware\prgmem_access.c
             memprg_write   0x0047e4    program     extern D:\user\rdias\sources\voxage\teste_hit\smsbox-2.0\source\SMS BOX\firmware\prgmem_access.c
                   memset   0x00231e    program     extern C:\MCC18\src\traditional\stdclib\memset.asm
                 putsUART   0x0028e8    program     extern D:\user\rdias\sources\voxage\teste_hit\smsbox-2.0\source\SMS BOX\firmware\putsuart.c
                startNULL   0x004000    program     extern D:\user\rdias\sources\voxage\teste_hit\smsbox-2.0\source\SMS BOX\firmware\bootloader\main.c
                  strncmp   0x002352    program     extern C:\MCC18\src\traditional\stdclib\strncmp.asm
                     test   0x002534    program     static                          
                  toupper   0x002950    program     extern C:\MCC18\src\traditional\stdclib\toupper.asm
                   ADCON0   0x000fc2       data     extern C:\MCC18\src\traditional\proc\p18F4680.asm
               ADCON0bits   0x000fc2       data     extern C:\MCC18\src\traditional\proc\p18F4680.asm
                   ADCON1   0x000fc1       data     extern C:\MCC18\src\traditional\proc\p18F4680.asm
               ADCON1bits   0x000fc1       data     extern C:\MCC18\src\traditional\proc\p18F4680.asm
                   ADCON2   0x000fc0       data     extern C:\MCC18\src\traditional\proc\p18F4680.asm
               ADCON2bits   0x000fc0       data     extern C:\MCC18\src\traditional\proc\p18F4680.asm
                    ADRES   0x000fc3       data     extern C:\MCC18\src\traditional\proc\p18F4680.asm
                   ADRESH   0x000fc4       data     extern C:\MCC18\src\traditional\proc\p18F4680.asm
                   ADRESL   0x000fc3       data     extern C:\MCC18\src\traditional\proc\p18F4680.asm
                    B0CON   0x000e20       data     extern C:\MCC18\src\traditional\proc\p18F4680.asm
                B0CONbits   0x000e20       data     extern C:\MCC18\src\traditional\proc\p18F4680.asm
                     B0D0   0x000e26       data     extern C:\MCC18\src\traditional\proc\p18F4680.asm
                 B0D0bits   0x000e26       data     extern C:\MCC18\src\traditional\proc\p18F4680.asm
                     B0D1   0x000e27       data     extern C:\MCC18\src\traditional\proc\p18F4680.asm
                 B0D1bits   0x000e27       data     extern C:\MCC18\src\traditional\proc\p18F4680.asm
                     B0D2   0x000e28       data     extern C:\MCC18\src\traditional\proc\p18F4680.asm
                 B0D2bits   0x000e28       data     extern C:\MCC18\src\traditional\proc\p18F4680.asm
                     B0D3   0x000e29       data     extern C:\MCC18\src\traditional\proc\p18F4680.asm
                 B0D3bits   0x000e29       data     extern C:\MCC18\src\traditional\proc\p18F4680.asm
                     B0D4   0x000e2a       data     extern C:\MCC18\src\traditional\proc\p18F4680.asm
                 B0D4bits   0x000e2a       data     extern C:\MCC18\src\traditional\proc\p18F4680.asm
                     B0D5   0x000e2b       data     extern C:\MCC18\src\traditional\proc\p18F4680.asm
                 B0D5bits   0x000e2b       data     extern C:\MCC18\src\traditional\proc\p18F4680.asm
                     B0D6   0x000e2c       data     extern C:\MCC18\src\traditional\proc\p18F4680.asm
                 B0D6bits   0x000e2c       data     extern C:\MCC18\src\traditional\proc\p18F4680.asm
                     B0D7   0x000e2d       data     extern C:\MCC18\src\traditional\proc\p18F4680.asm
                 B0D7bits   0x000e2d       data     extern C:\MCC18\src\traditional\proc\p18F4680.asm
                    B0DLC   0x000e25       data     extern C:\MCC18\src\traditional\proc\p18F4680.asm
                B0DLCbits   0x000e25       data     extern C:\MCC18\src\traditional\proc\p18F4680.asm
                   B0EIDH   0x000e23       data     extern C:\MCC18\src\traditional\proc\p18F4680.asm
               B0EIDHbits   0x000e23       data     extern C:\MCC18\src\traditional\proc\p18F4680.asm
                   B0EIDL   0x000e24       data     extern C:\MCC18\src\traditional\proc\p18F4680.asm
               B0EIDLbits   0x000e24       data     extern C:\MCC18\src\traditional\proc\p18F4680.asm
                   B0SIDH   0x000e21       data     extern C:\MCC18\src\traditional\proc\p18F4680.asm
               B0SIDHbits   0x000e21       data     extern C:\MCC18\src\traditional\proc\p18F4680.asm
                   B0SIDL   0x000e22       data     extern C:\MCC18\src\traditional\proc\p18F4680.asm
               B0SIDLbits   0x000e22       data     extern C:\MCC18\src\traditional\proc\p18F4680.asm
                    B1CON   0x000e30       data     extern C:\MCC18\src\traditional\proc\p18F4680.asm
                B1CONbits   0x000e30       data     extern C:\MCC18\src\traditional\proc\p18F4680.asm
                     B1D0   0x000e36       data     extern C:\MCC18\src\traditional\proc\p18F4680.asm
                 B1D0bits   0x000e36       data     extern C:\MCC18\src\traditional\proc\p18F4680.asm
                     B1D1   0x000e37       data     extern C:\MCC18\src\traditional\proc\p18F4680.asm
                 B1D1bits   0x000e37       data     extern C:\MCC18\src\traditional\proc\p18F4680.asm
                     B1D2   0x000e38       data     extern C:\MCC18\src\traditional\proc\p18F4680.asm
                 B1D2bits   0x000e38       data     extern C:\MCC18\src\traditional\proc\p18F4680.asm
                     B1D3   0x000e39       data     extern C:\MCC18\src\traditional\proc\p18F4680.asm
                 B1D3bits   0x000e39       data     extern C:\MCC18\src\traditional\proc\p18F4680.asm
                     B1D4   0x000e3a       data     extern C:\MCC18\src\traditional\proc\p18F4680.asm
                 B1D4bits   0x000e3a       data     extern C:\MCC18\src\traditional\proc\p18F4680.asm
                     B1D5   0x000e3b       data     extern C:\MCC18\src\traditional\proc\p18F4680.asm
                 B1D5bits   0x000e3b       data     extern C:\MCC18\src\traditional\proc\p18F4680.asm
                     B1D6   0x000e3c       data     extern C:\MCC18\src\traditional\proc\p18F4680.asm
                 B1D6bits   0x000e3c       data     extern C:\MCC18\src\traditional\proc\p18F4680.asm
                     B1D7   0x000e3d       data     extern C:\MCC18\src\traditional\proc\p18F4680.asm
                 B1D7bits   0x000e3d       data     extern C:\MCC18\src\traditional\proc\p18F4680.asm
                    B1DLC   0x000e35       data     extern C:\MCC18\src\traditional\proc\p18F4680.asm
                B1DLCbits   0x000e35       data     extern C:\MCC18\src\traditional\proc\p18F4680.asm
                   B1EIDH   0x000e33       data     extern C:\MCC18\src\traditional\proc\p18F4680.asm
               B1EIDHbits   0x000e33       data     extern C:\MCC18\src\traditional\proc\p18F4680.asm
                   B1EIDL   0x000e34       data     extern C:\MCC18\src\traditional\proc\p18F4680.asm
               B1EIDLbits   0x000e34       data     extern C:\MCC18\src\traditional\proc\p18F4680.asm
                   B1SIDH   0x000e31       data     extern C:\MCC18\src\traditional\proc\p18F4680.asm
               B1SIDHbits   0x000e31       data     extern C:\MCC18\src\traditional\proc\p18F4680.asm
                   B1SIDL   0x000e32       data     extern C:\MCC18\src\traditional\proc\p18F4680.asm
               B1SIDLbits   0x000e32       data     extern C:\MCC18\src\traditional\proc\p18F4680.asm
                    B2CON   0x000e40       data     extern C:\MCC18\src\traditional\proc\p18F4680.asm
                B2CONbits   0x000e40       data     extern C:\MCC18\src\traditional\proc\p18F4680.asm
                     B2D0   0x000e46       data     extern C:\MCC18\src\traditional\proc\p18F4680.asm
                 B2D0bits   0x000e46       data     extern C:\MCC18\src\traditional\proc\p18F4680.asm
                     B2D1   0x000e47       data     extern C:\MCC18\src\traditional\proc\p18F4680.asm
                 B2D1bits   0x000e47       data     extern C:\MCC18\src\traditional\proc\p18F4680.asm
                     B2D2   0x000e48       data     extern C:\MCC18\src\traditional\proc\p18F4680.asm
                 B2D2bits   0x000e48       data     extern C:\MCC18\src\traditional\proc\p18F4680.asm
                     B2D3   0x000e49       data     extern C:\MCC18\src\traditional\proc\p18F4680.asm
                 B2D3bits   0x000e49       data     extern C:\MCC18\src\traditional\proc\p18F4680.asm
                     B2D4   0x000e4a       data     extern C:\MCC18\src\traditional\proc\p18F4680.asm
                 B2D4bits   0x000e4a       data     extern C:\MCC18\src\traditional\proc\p18F4680.asm
                     B2D5   0x000e4b       data     extern C:\MCC18\src\traditional\proc\p18F4680.asm
                 B2D5bits   0x000e4b       data     extern C:\MCC18\src\traditional\proc\p18F4680.asm
                     B2D6   0x000e4c       data     extern C:\MCC18\src\traditional\proc\p18F4680.asm
                 B2D6bits   0x000e4c       data     extern C:\MCC18\src\traditional\proc\p18F4680.asm
                     B2D7   0x000e4d       data     extern C:\MCC18\src\traditional\proc\p18F4680.asm
                 B2D7bits   0x000e4d       data     extern C:\MCC18\src\traditional\proc\p18F4680.asm
                    B2DLC   0x000e45       data     extern C:\MCC18\src\traditional\proc\p18F4680.asm
                B2DLCbits   0x000e45       data     extern C:\MCC18\src\traditional\proc\p18F4680.asm
                   B2EIDH   0x000e43       data     extern C:\MCC18\src\traditional\proc\p18F4680.asm
               B2EIDHbits   0x000e43       data     extern C:\MCC18\src\traditional\proc\p18F4680.asm
                   B2EIDL   0x000e44       data     extern C:\MCC18\src\traditional\proc\p18F4680.asm
               B2EIDLbits   0x000e44       data     extern C:\MCC18\src\traditional\proc\p18F4680.asm
                   B2SIDH   0x000e41       data     extern C:\MCC18\src\traditional\proc\p18F4680.asm
               B2SIDHbits   0x000e41       data     extern C:\MCC18\src\traditional\proc\p18F4680.asm
                   B2SIDL   0x000e42       data     extern C:\MCC18\src\traditional\proc\p18F4680.asm
               B2SIDLbits   0x000e42       data     extern C:\MCC18\src\traditional\proc\p18F4680.asm
                    B3CON   0x000e50       data     extern C:\MCC18\src\traditional\proc\p18F4680.asm
                B3CONbits   0x000e50       data     extern C:\MCC18\src\traditional\proc\p18F4680.asm
                     B3D0   0x000e56       data     extern C:\MCC18\src\traditional\proc\p18F4680.asm
                 B3D0bits   0x000e56       data     extern C:\MCC18\src\traditional\proc\p18F4680.asm
                     B3D1   0x000e57       data     extern C:\MCC18\src\traditional\proc\p18F4680.asm
                 B3D1bits   0x000e57       data     extern C:\MCC18\src\traditional\proc\p18F4680.asm
                     B3D2   0x000e58       data     extern C:\MCC18\src\traditional\proc\p18F4680.asm
                 B3D2bits   0x000e58       data     extern C:\MCC18\src\traditional\proc\p18F4680.asm
                     B3D3   0x000e59       data     extern C:\MCC18\src\traditional\proc\p18F4680.asm
                 B3D3bits   0x000e59       data     extern C:\MCC18\src\traditional\proc\p18F4680.asm
                     B3D4   0x000e5a       data     extern C:\MCC18\src\traditional\proc\p18F4680.asm
                 B3D4bits   0x000e5a       data     extern C:\MCC18\src\traditional\proc\p18F4680.asm
                     B3D5   0x000e5b       data     extern C:\MCC18\src\traditional\proc\p18F4680.asm
                 B3D5bits   0x000e5b       data     extern C:\MCC18\src\traditional\proc\p18F4680.asm
                     B3D6   0x000e5c       data     extern C:\MCC18\src\traditional\proc\p18F4680.asm
                 B3D6bits   0x000e5c       data     extern C:\MCC18\src\traditional\proc\p18F4680.asm
                     B3D7   0x000e5d       data     extern C:\MCC18\src\traditional\proc\p18F4680.asm
                 B3D7bits   0x000e5d       data     extern C:\MCC18\src\traditional\proc\p18F4680.asm
                    B3DLC   0x000e55       data     extern C:\MCC18\src\traditional\proc\p18F4680.asm
                B3DLCbits   0x000e55       data     extern C:\MCC18\src\traditional\proc\p18F4680.asm
                   B3EIDH   0x000e53       data     extern C:\MCC18\src\traditional\proc\p18F4680.asm
               B3EIDHbits   0x000e53       data     extern C:\MCC18\src\traditional\proc\p18F4680.asm
                   B3EIDL   0x000e54       data     extern C:\MCC18\src\traditional\proc\p18F4680.asm
               B3EIDLbits   0x000e54       data     extern C:\MCC18\src\traditional\proc\p18F4680.asm
                   B3SIDH   0x000e51       data     extern C:\MCC18\src\traditional\proc\p18F4680.asm
               B3SIDHbits   0x000e51       data     extern C:\MCC18\src\traditional\proc\p18F4680.asm
                   B3SIDL   0x000e52       data     extern C:\MCC18\src\traditional\proc\p18F4680.asm
               B3SIDLbits   0x000e52       data     extern C:\MCC18\src\traditional\proc\p18F4680.asm
                    B4CON   0x000e60       data     extern C:\MCC18\src\traditional\proc\p18F4680.asm
                B4CONbits   0x000e60       data     extern C:\MCC18\src\traditional\proc\p18F4680.asm
                     B4D0   0x000e66       data     extern C:\MCC18\src\traditional\proc\p18F4680.asm
                 B4D0bits   0x000e66       data     extern C:\MCC18\src\traditional\proc\p18F4680.asm
                     B4D1   0x000e67       data     extern C:\MCC18\src\traditional\proc\p18F4680.asm
                 B4D1bits   0x000e67       data     extern C:\MCC18\src\traditional\proc\p18F4680.asm
                     B4D2   0x000e68       data     extern C:\MCC18\src\traditional\proc\p18F4680.asm
                 B4D2bits   0x000e68       data     extern C:\MCC18\src\traditional\proc\p18F4680.asm
                     B4D3   0x000e69       data     extern C:\MCC18\src\traditional\proc\p18F4680.asm
                 B4D3bits   0x000e69       data     extern C:\MCC18\src\traditional\proc\p18F4680.asm
                     B4D4   0x000e6a       data     extern C:\MCC18\src\traditional\proc\p18F4680.asm
                 B4D4bits   0x000e6a       data     extern C:\MCC18\src\traditional\proc\p18F4680.asm
                     B4D5   0x000e6b       data     extern C:\MCC18\src\traditional\proc\p18F4680.asm
                 B4D5bits   0x000e6b       data     extern C:\MCC18\src\traditional\proc\p18F4680.asm
                     B4D6   0x000e6c       data     extern C:\MCC18\src\traditional\proc\p18F4680.asm
                 B4D6bits   0x000e6c       data     extern C:\MCC18\src\traditional\proc\p18F4680.asm
                     B4D7   0x000e6d       data     extern C:\MCC18\src\traditional\proc\p18F4680.asm
                 B4D7bits   0x000e6d       data     extern C:\MCC18\src\traditional\proc\p18F4680.asm
                    B4DLC   0x000e65       data     extern C:\MCC18\src\traditional\proc\p18F4680.asm
                B4DLCbits   0x000e65       data     extern C:\MCC18\src\traditional\proc\p18F4680.asm
                   B4EIDH   0x000e63       data     extern C:\MCC18\src\traditional\proc\p18F4680.asm
               B4EIDHbits   0x000e63       data     extern C:\MCC18\src\traditional\proc\p18F4680.asm
                   B4EIDL   0x000e64       data     extern C:\MCC18\src\traditional\proc\p18F4680.asm
               B4EIDLbits   0x000e64       data     extern C:\MCC18\src\traditional\proc\p18F4680.asm
                   B4SIDH   0x000e61       data     extern C:\MCC18\src\traditional\proc\p18F4680.asm
               B4SIDHbits   0x000e61       data     extern C:\MCC18\src\traditional\proc\p18F4680.asm
                   B4SIDL   0x000e62       data     extern C:\MCC18\src\traditional\proc\p18F4680.asm
               B4SIDLbits   0x000e62       data     extern C:\MCC18\src\traditional\proc\p18F4680.asm
                    B5CON   0x000e70       data     extern C:\MCC18\src\traditional\proc\p18F4680.asm
                B5CONbits   0x000e70       data     extern C:\MCC18\src\traditional\proc\p18F4680.asm
                     B5D0   0x000e76       data     extern C:\MCC18\src\traditional\proc\p18F4680.asm
                 B5D0bits   0x000e76       data     extern C:\MCC18\src\traditional\proc\p18F4680.asm
                     B5D1   0x000e77       data     extern C:\MCC18\src\traditional\proc\p18F4680.asm
                 B5D1bits   0x000e77       data     extern C:\MCC18\src\traditional\proc\p18F4680.asm
                     B5D2   0x000e78       data     extern C:\MCC18\src\traditional\proc\p18F4680.asm
                 B5D2bits   0x000e78       data     extern C:\MCC18\src\traditional\proc\p18F4680.asm
                     B5D3   0x000e79       data     extern C:\MCC18\src\traditional\proc\p18F4680.asm
                 B5D3bits   0x000e79       data     extern C:\MCC18\src\traditional\proc\p18F4680.asm
                     B5D4   0x000e7a       data     extern C:\MCC18\src\traditional\proc\p18F4680.asm
                 B5D4bits   0x000e7a       data     extern C:\MCC18\src\traditional\proc\p18F4680.asm
                     B5D5   0x000e7b       data     extern C:\MCC18\src\traditional\proc\p18F4680.asm
                 B5D5bits   0x000e7b       data     extern C:\MCC18\src\traditional\proc\p18F4680.asm
                     B5D6   0x000e7c       data     extern C:\MCC18\src\traditional\proc\p18F4680.asm
                 B5D6bits   0x000e7c       data     extern C:\MCC18\src\traditional\proc\p18F4680.asm
                     B5D7   0x000e7d       data     extern C:\MCC18\src\traditional\proc\p18F4680.asm
                 B5D7bits   0x000e7d       data     extern C:\MCC18\src\traditional\proc\p18F4680.asm
                    B5DLC   0x000e75       data     extern C:\MCC18\src\traditional\proc\p18F4680.asm
                B5DLCbits   0x000e75       data     extern C:\MCC18\src\traditional\proc\p18F4680.asm
                   B5EIDH   0x000e73       data     extern C:\MCC18\src\traditional\proc\p18F4680.asm
               B5EIDHbits   0x000e73       data     extern C:\MCC18\src\traditional\proc\p18F4680.asm
                   B5EIDL   0x000e74       data     extern C:\MCC18\src\traditional\proc\p18F4680.asm
               B5EIDLbits   0x000e74       data     extern C:\MCC18\src\traditional\proc\p18F4680.asm
                   B5SIDH   0x000e71       data     extern C:\MCC18\src\traditional\proc\p18F4680.asm
               B5SIDHbits   0x000e71       data     extern C:\MCC18\src\traditional\proc\p18F4680.asm
                   B5SIDL   0x000e72       data     extern C:\MCC18\src\traditional\proc\p18F4680.asm
               B5SIDLbits   0x000e72       data     extern C:\MCC18\src\traditional\proc\p18F4680.asm
                  BAUDCON   0x000fb8       data     extern C:\MCC18\src\traditional\proc\p18F4680.asm
              BAUDCONbits   0x000fb8       data     extern C:\MCC18\src\traditional\proc\p18F4680.asm
                     BIE0   0x000dfa       data     extern C:\MCC18\src\traditional\proc\p18F4680.asm
                 BIE0bits   0x000dfa       data     extern C:\MCC18\src\traditional\proc\p18F4680.asm
                  BRGCON1   0x000f70       data     extern C:\MCC18\src\traditional\proc\p18F4680.asm
              BRGCON1bits   0x000f70       data     extern C:\MCC18\src\traditional\proc\p18F4680.asm
                  BRGCON2   0x000f71       data     extern C:\MCC18\src\traditional\proc\p18F4680.asm
              BRGCON2bits   0x000f71       data     extern C:\MCC18\src\traditional\proc\p18F4680.asm
                  BRGCON3   0x000f72       data     extern C:\MCC18\src\traditional\proc\p18F4680.asm
              BRGCON3bits   0x000f72       data     extern C:\MCC18\src\traditional\proc\p18F4680.asm
                    BSEL0   0x000df8       data     extern C:\MCC18\src\traditional\proc\p18F4680.asm
                BSEL0bits   0x000df8       data     extern C:\MCC18\src\traditional\proc\p18F4680.asm
                      BSR   0x000fe0       data     extern C:\MCC18\src\traditional\proc\p18F4680.asm
                 BitCount   0x0002ff       data     extern ..\uartdata.asm          
                   CANCON   0x000f6f       data     extern C:\MCC18\src\traditional\proc\p18F4680.asm
               CANCON_RO0   0x000f5f       data     extern C:\MCC18\src\traditional\proc\p18F4680.asm
           CANCON_RO0bits   0x000f5f       data     extern C:\MCC18\src\traditional\proc\p18F4680.asm
               CANCON_RO1   0x000f4f       data     extern C:\MCC18\src\traditional\proc\p18F4680.asm
           CANCON_RO1bits   0x000f4f       data     extern C:\MCC18\src\traditional\proc\p18F4680.asm
               CANCON_RO2   0x000f3f       data     extern C:\MCC18\src\traditional\proc\p18F4680.asm
           CANCON_RO2bits   0x000f3f       data     extern C:\MCC18\src\traditional\proc\p18F4680.asm
               CANCON_RO3   0x000f2f       data     extern C:\MCC18\src\traditional\proc\p18F4680.asm
           CANCON_RO3bits   0x000f2f       data     extern C:\MCC18\src\traditional\proc\p18F4680.asm
               CANCON_RO4   0x000e7f       data     extern C:\MCC18\src\traditional\proc\p18F4680.asm
           CANCON_RO4bits   0x000e7f       data     extern C:\MCC18\src\traditional\proc\p18F4680.asm
               CANCON_RO5   0x000e6f       data     extern C:\MCC18\src\traditional\proc\p18F4680.asm
           CANCON_RO5bits   0x000e6f       data     extern C:\MCC18\src\traditional\proc\p18F4680.asm
               CANCON_RO6   0x000e5f       data     extern C:\MCC18\src\traditional\proc\p18F4680.asm
           CANCON_RO6bits   0x000e5f       data     extern C:\MCC18\src\traditional\proc\p18F4680.asm
               CANCON_RO7   0x000e4f       data     extern C:\MCC18\src\traditional\proc\p18F4680.asm
           CANCON_RO7bits   0x000e4f       data     extern C:\MCC18\src\traditional\proc\p18F4680.asm
               CANCON_RO8   0x000e3f       data     extern C:\MCC18\src\traditional\proc\p18F4680.asm
           CANCON_RO8bits   0x000e3f       data     extern C:\MCC18\src\traditional\proc\p18F4680.asm
               CANCON_RO9   0x000e2f       data     extern C:\MCC18\src\traditional\proc\p18F4680.asm
           CANCON_RO9bits   0x000e2f       data     extern C:\MCC18\src\traditional\proc\p18F4680.asm
               CANCONbits   0x000f6f       data     extern C:\MCC18\src\traditional\proc\p18F4680.asm
                  CANSTAT   0x000f6e       data     extern C:\MCC18\src\traditional\proc\p18F4680.asm
              CANSTAT_RO0   0x000f5e       data     extern C:\MCC18\src\traditional\proc\p18F4680.asm
          CANSTAT_RO0bits   0x000f5e       data     extern C:\MCC18\src\traditional\proc\p18F4680.asm
              CANSTAT_RO1   0x000f4e       data     extern C:\MCC18\src\traditional\proc\p18F4680.asm
          CANSTAT_RO1bits   0x000f4e       data     extern C:\MCC18\src\traditional\proc\p18F4680.asm
              CANSTAT_RO2   0x000f3e       data     extern C:\MCC18\src\traditional\proc\p18F4680.asm
          CANSTAT_RO2bits   0x000f3e       data     extern C:\MCC18\src\traditional\proc\p18F4680.asm
              CANSTAT_RO3   0x000f2e       data     extern C:\MCC18\src\traditional\proc\p18F4680.asm
          CANSTAT_RO3bits   0x000f2e       data     extern C:\MCC18\src\traditional\proc\p18F4680.asm
              CANSTAT_RO4   0x000e7e       data     extern C:\MCC18\src\traditional\proc\p18F4680.asm
          CANSTAT_RO4bits   0x000e7e       data     extern C:\MCC18\src\traditional\proc\p18F4680.asm
              CANSTAT_RO5   0x000e6e       data     extern C:\MCC18\src\traditional\proc\p18F4680.asm
          CANSTAT_RO5bits   0x000e6e       data     extern C:\MCC18\src\traditional\proc\p18F4680.asm
              CANSTAT_RO6   0x000e5e       data     extern C:\MCC18\src\traditional\proc\p18F4680.asm
          CANSTAT_RO6bits   0x000e5e       data     extern C:\MCC18\src\traditional\proc\p18F4680.asm
              CANSTAT_RO7   0x000e4e       data     extern C:\MCC18\src\traditional\proc\p18F4680.asm
          CANSTAT_RO7bits   0x000e4e       data     extern C:\MCC18\src\traditional\proc\p18F4680.asm
              CANSTAT_RO8   0x000e3e       data     extern C:\MCC18\src\traditional\proc\p18F4680.asm
          CANSTAT_RO8bits   0x000e3e       data     extern C:\MCC18\src\traditional\proc\p18F4680.asm
              CANSTAT_RO9   0x000e2e       data     extern C:\MCC18\src\traditional\proc\p18F4680.asm
          CANSTAT_RO9bits   0x000e2e       data     extern C:\MCC18\src\traditional\proc\p18F4680.asm
              CANSTATbits   0x000f6e       data     extern C:\MCC18\src\traditional\proc\p18F4680.asm
                  CCP1CON   0x000fbd       data     extern C:\MCC18\src\traditional\proc\p18F4680.asm
              CCP1CONbits   0x000fbd       data     extern C:\MCC18\src\traditional\proc\p18F4680.asm
                    CCPR1   0x000fbe       data     extern C:\MCC18\src\traditional\proc\p18F4680.asm
                   CCPR1H   0x000fbf       data     extern C:\MCC18\src\traditional\proc\p18F4680.asm
                   CCPR1L   0x000fbe       data     extern C:\MCC18\src\traditional\proc\p18F4680.asm
                   CIOCON   0x000f73       data     extern C:\MCC18\src\traditional\proc\p18F4680.asm
               CIOCONbits   0x000f73       data     extern C:\MCC18\src\traditional\proc\p18F4680.asm
                    CMCON   0x000fb4       data     extern C:\MCC18\src\traditional\proc\p18F4680.asm
                CMCONbits   0x000fb4       data     extern C:\MCC18\src\traditional\proc\p18F4680.asm
                  COMSTAT   0x000f74       data     extern C:\MCC18\src\traditional\proc\p18F4680.asm
              COMSTATbits   0x000f74       data     extern C:\MCC18\src\traditional\proc\p18F4680.asm
                   CVRCON   0x000fb5       data     extern C:\MCC18\src\traditional\proc\p18F4680.asm
               CVRCONbits   0x000fb5       data     extern C:\MCC18\src\traditional\proc\p18F4680.asm
                     DDRA   0x000f92       data     extern C:\MCC18\src\traditional\proc\p18F4680.asm
                 DDRAbits   0x000f92       data     extern C:\MCC18\src\traditional\proc\p18F4680.asm
                     DDRB   0x000f93       data     extern C:\MCC18\src\traditional\proc\p18F4680.asm
                 DDRBbits   0x000f93       data     extern C:\MCC18\src\traditional\proc\p18F4680.asm
                     DDRC   0x000f94       data     extern C:\MCC18\src\traditional\proc\p18F4680.asm
                 DDRCbits   0x000f94       data     extern C:\MCC18\src\traditional\proc\p18F4680.asm
                     DDRD   0x000f95       data     extern C:\MCC18\src\traditional\proc\p18F4680.asm
                 DDRDbits   0x000f95       data     extern C:\MCC18\src\traditional\proc\p18F4680.asm
                     DDRE   0x000f96       data     extern C:\MCC18\src\traditional\proc\p18F4680.asm
                 DDREbits   0x000f96       data     extern C:\MCC18\src\traditional\proc\p18F4680.asm
                  ECANCON   0x000f77       data     extern C:\MCC18\src\traditional\proc\p18F4680.asm
              ECANCONbits   0x000f77       data     extern C:\MCC18\src\traditional\proc\p18F4680.asm
                  ECCP1AS   0x000fb6       data     extern C:\MCC18\src\traditional\proc\p18F4680.asm
              ECCP1ASbits   0x000fb6       data     extern C:\MCC18\src\traditional\proc\p18F4680.asm
                 ECCP1CON   0x000fba       data     extern C:\MCC18\src\traditional\proc\p18F4680.asm
             ECCP1CONbits   0x000fba       data     extern C:\MCC18\src\traditional\proc\p18F4680.asm
                 ECCP1DEL   0x000fb7       data     extern C:\MCC18\src\traditional\proc\p18F4680.asm
             ECCP1DELbits   0x000fb7       data     extern C:\MCC18\src\traditional\proc\p18F4680.asm
                   ECCPR1   0x000fbb       data     extern C:\MCC18\src\traditional\proc\p18F4680.asm
                  ECCPR1H   0x000fbc       data     extern C:\MCC18\src\traditional\proc\p18F4680.asm
                  ECCPR1L   0x000fbb       data     extern C:\MCC18\src\traditional\proc\p18F4680.asm
                    EEADR   0x000fa9       data     extern C:\MCC18\src\traditional\proc\p18F4680.asm
                   EEADRH   0x000faa       data     extern C:\MCC18\src\traditional\proc\p18F4680.asm
                   EECON1   0x000fa6       data     extern C:\MCC18\src\traditional\proc\p18F4680.asm
               EECON1bits   0x000fa6       data     extern C:\MCC18\src\traditional\proc\p18F4680.asm
                   EECON2   0x000fa7       data     extern C:\MCC18\src\traditional\proc\p18F4680.asm
                   EEDATA   0x000fa8       data     extern C:\MCC18\src\traditional\proc\p18F4680.asm
                     FSR0   0x000fe9       data     extern C:\MCC18\src\traditional\proc\p18F4680.asm
                    FSR0H   0x000fea       data     extern C:\MCC18\src\traditional\proc\p18F4680.asm
                    FSR0L   0x000fe9       data     extern C:\MCC18\src\traditional\proc\p18F4680.asm
                     FSR1   0x000fe1       data     extern C:\MCC18\src\traditional\proc\p18F4680.asm
                    FSR1H   0x000fe2       data     extern C:\MCC18\src\traditional\proc\p18F4680.asm
                    FSR1L   0x000fe1       data     extern C:\MCC18\src\traditional\proc\p18F4680.asm
                     FSR2   0x000fd9       data     extern C:\MCC18\src\traditional\proc\p18F4680.asm
                    FSR2H   0x000fda       data     extern C:\MCC18\src\traditional\proc\p18F4680.asm
                    FSR2L   0x000fd9       data     extern C:\MCC18\src\traditional\proc\p18F4680.asm
                  HLVDCON   0x000fd2       data     extern C:\MCC18\src\traditional\proc\p18F4680.asm
              HLVDCONbits   0x000fd2       data     extern C:\MCC18\src\traditional\proc\p18F4680.asm
                    INDF0   0x000fef       data     extern C:\MCC18\src\traditional\proc\p18F4680.asm
                    INDF1   0x000fe7       data     extern C:\MCC18\src\traditional\proc\p18F4680.asm
                    INDF2   0x000fdf       data     extern C:\MCC18\src\traditional\proc\p18F4680.asm
                   INTCON   0x000ff2       data     extern C:\MCC18\src\traditional\proc\p18F4680.asm
                  INTCON2   0x000ff1       data     extern C:\MCC18\src\traditional\proc\p18F4680.asm
              INTCON2bits   0x000ff1       data     extern C:\MCC18\src\traditional\proc\p18F4680.asm
                  INTCON3   0x000ff0       data     extern C:\MCC18\src\traditional\proc\p18F4680.asm
              INTCON3bits   0x000ff0       data     extern C:\MCC18\src\traditional\proc\p18F4680.asm
               INTCONbits   0x000ff2       data     extern C:\MCC18\src\traditional\proc\p18F4680.asm
                     IPR1   0x000f9f       data     extern C:\MCC18\src\traditional\proc\p18F4680.asm
                 IPR1bits   0x000f9f       data     extern C:\MCC18\src\traditional\proc\p18F4680.asm
                     IPR2   0x000fa2       data     extern C:\MCC18\src\traditional\proc\p18F4680.asm
                 IPR2bits   0x000fa2       data     extern C:\MCC18\src\traditional\proc\p18F4680.asm
                     IPR3   0x000fa5       data     extern C:\MCC18\src\traditional\proc\p18F4680.asm
                 IPR3bits   0x000fa5       data     extern C:\MCC18\src\traditional\proc\p18F4680.asm
                     LATA   0x000f89       data     extern C:\MCC18\src\traditional\proc\p18F4680.asm
                 LATAbits   0x000f89       data     extern C:\MCC18\src\traditional\proc\p18F4680.asm
                     LATB   0x000f8a       data     extern C:\MCC18\src\traditional\proc\p18F4680.asm
                 LATBbits   0x000f8a       data     extern C:\MCC18\src\traditional\proc\p18F4680.asm
                     LATC   0x000f8b       data     extern C:\MCC18\src\traditional\proc\p18F4680.asm
                 LATCbits   0x000f8b       data     extern C:\MCC18\src\traditional\proc\p18F4680.asm
                     LATD   0x000f8c       data     extern C:\MCC18\src\traditional\proc\p18F4680.asm
                 LATDbits   0x000f8c       data     extern C:\MCC18\src\traditional\proc\p18F4680.asm
                     LATE   0x000f8d       data     extern C:\MCC18\src\traditional\proc\p18F4680.asm
                 LATEbits   0x000f8d       data     extern C:\MCC18\src\traditional\proc\p18F4680.asm
                   LVDCON   0x000fd2       data     extern C:\MCC18\src\traditional\proc\p18F4680.asm
               LVDCONbits   0x000fd2       data     extern C:\MCC18\src\traditional\proc\p18F4680.asm
                    MSEL0   0x000df0       data     extern C:\MCC18\src\traditional\proc\p18F4680.asm
                MSEL0bits   0x000df0       data     extern C:\MCC18\src\traditional\proc\p18F4680.asm
                    MSEL1   0x000df1       data     extern C:\MCC18\src\traditional\proc\p18F4680.asm
                MSEL1bits   0x000df1       data     extern C:\MCC18\src\traditional\proc\p18F4680.asm
                    MSEL2   0x000df2       data     extern C:\MCC18\src\traditional\proc\p18F4680.asm
                MSEL2bits   0x000df2       data     extern C:\MCC18\src\traditional\proc\p18F4680.asm
                    MSEL3   0x000df3       data     extern C:\MCC18\src\traditional\proc\p18F4680.asm
                MSEL3bits   0x000df3       data     extern C:\MCC18\src\traditional\proc\p18F4680.asm
                   OSCCON   0x000fd3       data     extern C:\MCC18\src\traditional\proc\p18F4680.asm
               OSCCONbits   0x000fd3       data     extern C:\MCC18\src\traditional\proc\p18F4680.asm
                  OSCTUNE   0x000f9b       data     extern C:\MCC18\src\traditional\proc\p18F4680.asm
              OSCTUNEbits   0x000f9b       data     extern C:\MCC18\src\traditional\proc\p18F4680.asm
                       PC   0x000ff9       data     extern C:\MCC18\src\traditional\proc\p18F4680.asm
                      PCL   0x000ff9       data     extern C:\MCC18\src\traditional\proc\p18F4680.asm
                   PCLATH   0x000ffa       data     extern C:\MCC18\src\traditional\proc\p18F4680.asm
                   PCLATU   0x000ffb       data     extern C:\MCC18\src\traditional\proc\p18F4680.asm
                     PIE1   0x000f9d       data     extern C:\MCC18\src\traditional\proc\p18F4680.asm
                 PIE1bits   0x000f9d       data     extern C:\MCC18\src\traditional\proc\p18F4680.asm
                     PIE2   0x000fa0       data     extern C:\MCC18\src\traditional\proc\p18F4680.asm
                 PIE2bits   0x000fa0       data     extern C:\MCC18\src\traditional\proc\p18F4680.asm
                     PIE3   0x000fa3       data     extern C:\MCC18\src\traditional\proc\p18F4680.asm
                 PIE3bits   0x000fa3       data     extern C:\MCC18\src\traditional\proc\p18F4680.asm
                     PIR1   0x000f9e       data     extern C:\MCC18\src\traditional\proc\p18F4680.asm
                 PIR1bits   0x000f9e       data     extern C:\MCC18\src\traditional\proc\p18F4680.asm
                     PIR2   0x000fa1       data     extern C:\MCC18\src\traditional\proc\p18F4680.asm
                 PIR2bits   0x000fa1       data     extern C:\MCC18\src\traditional\proc\p18F4680.asm
                     PIR3   0x000fa4       data     extern C:\MCC18\src\traditional\proc\p18F4680.asm
                 PIR3bits   0x000fa4       data     extern C:\MCC18\src\traditional\proc\p18F4680.asm
                   PLUSW0   0x000feb       data     extern C:\MCC18\src\traditional\proc\p18F4680.asm
                   PLUSW1   0x000fe3       data     extern C:\MCC18\src\traditional\proc\p18F4680.asm
                   PLUSW2   0x000fdb       data     extern C:\MCC18\src\traditional\proc\p18F4680.asm
                    PORTA   0x000f80       data     extern C:\MCC18\src\traditional\proc\p18F4680.asm
                PORTAbits   0x000f80       data     extern C:\MCC18\src\traditional\proc\p18F4680.asm
                    PORTB   0x000f81       data     extern C:\MCC18\src\traditional\proc\p18F4680.asm
                PORTBbits   0x000f81       data     extern C:\MCC18\src\traditional\proc\p18F4680.asm
                    PORTC   0x000f82       data     extern C:\MCC18\src\traditional\proc\p18F4680.asm
                PORTCbits   0x000f82       data     extern C:\MCC18\src\traditional\proc\p18F4680.asm
                    PORTD   0x000f83       data     extern C:\MCC18\src\traditional\proc\p18F4680.asm
                PORTDbits   0x000f83       data     extern C:\MCC18\src\traditional\proc\p18F4680.asm
                    PORTE   0x000f84       data     extern C:\MCC18\src\traditional\proc\p18F4680.asm
                PORTEbits   0x000f84       data     extern C:\MCC18\src\traditional\proc\p18F4680.asm
                 POSTDEC0   0x000fed       data     extern C:\MCC18\src\traditional\proc\p18F4680.asm
                 POSTDEC1   0x000fe5       data     extern C:\MCC18\src\traditional\proc\p18F4680.asm
                 POSTDEC2   0x000fdd       data     extern C:\MCC18\src\traditional\proc\p18F4680.asm
                 POSTINC0   0x000fee       data     extern C:\MCC18\src\traditional\proc\p18F4680.asm
                 POSTINC1   0x000fe6       data     extern C:\MCC18\src\traditional\proc\p18F4680.asm
                 POSTINC2   0x000fde       data     extern C:\MCC18\src\traditional\proc\p18F4680.asm
                      PR2   0x000fcb       data     extern C:\MCC18\src\traditional\proc\p18F4680.asm
                  PREINC0   0x000fec       data     extern C:\MCC18\src\traditional\proc\p18F4680.asm
                  PREINC1   0x000fe4       data     extern C:\MCC18\src\traditional\proc\p18F4680.asm
                  PREINC2   0x000fdc       data     extern C:\MCC18\src\traditional\proc\p18F4680.asm
                     PROD   0x000ff3       data     extern C:\MCC18\src\traditional\proc\p18F4680.asm
                    PRODH   0x000ff4       data     extern C:\MCC18\src\traditional\proc\p18F4680.asm
                    PRODL   0x000ff3       data     extern C:\MCC18\src\traditional\proc\p18F4680.asm
                     RCON   0x000fd0       data     extern C:\MCC18\src\traditional\proc\p18F4680.asm
                 RCONbits   0x000fd0       data     extern C:\MCC18\src\traditional\proc\p18F4680.asm
                    RCREG   0x000fae       data     extern C:\MCC18\src\traditional\proc\p18F4680.asm
                    RCSTA   0x000fab       data     extern C:\MCC18\src\traditional\proc\p18F4680.asm
                RCSTAbits   0x000fab       data     extern C:\MCC18\src\traditional\proc\p18F4680.asm
                  RXB0CON   0x000f60       data     extern C:\MCC18\src\traditional\proc\p18F4680.asm
              RXB0CONbits   0x000f60       data     extern C:\MCC18\src\traditional\proc\p18F4680.asm
                   RXB0D0   0x000f66       data     extern C:\MCC18\src\traditional\proc\p18F4680.asm
               RXB0D0bits   0x000f66       data     extern C:\MCC18\src\traditional\proc\p18F4680.asm
                   RXB0D1   0x000f67       data     extern C:\MCC18\src\traditional\proc\p18F4680.asm
               RXB0D1bits   0x000f67       data     extern C:\MCC18\src\traditional\proc\p18F4680.asm
                   RXB0D2   0x000f68       data     extern C:\MCC18\src\traditional\proc\p18F4680.asm
               RXB0D2bits   0x000f68       data     extern C:\MCC18\src\traditional\proc\p18F4680.asm
[...]
              COMSTATbits   0x000f74       data     extern C:\MCC18\src\traditional\proc\p18F4680.asm
                 RXERRCNT   0x000f75       data     extern C:\MCC18\src\traditional\proc\p18F4680.asm
             RXERRCNTbits   0x000f75       data     extern C:\MCC18\src\traditional\proc\p18F4680.asm
                 TXERRCNT   0x000f76       data     extern C:\MCC18\src\traditional\proc\p18F4680.asm
             TXERRCNTbits   0x000f76       data     extern C:\MCC18\src\traditional\proc\p18F4680.asm
              ECANCONbits   0x000f77       data     extern C:\MCC18\src\traditional\proc\p18F4680.asm
                  ECANCON   0x000f77       data     extern C:\MCC18\src\traditional\proc\p18F4680.asm
                    PORTA   0x000f80       data     extern C:\MCC18\src\traditional\proc\p18F4680.asm
                PORTAbits   0x000f80       data     extern C:\MCC18\src\traditional\proc\p18F4680.asm
                    PORTB   0x000f81       data     extern C:\MCC18\src\traditional\proc\p18F4680.asm
                PORTBbits   0x000f81       data     extern C:\MCC18\src\traditional\proc\p18F4680.asm
                    PORTC   0x000f82       data     extern C:\MCC18\src\traditional\proc\p18F4680.asm
                PORTCbits   0x000f82       data     extern C:\MCC18\src\traditional\proc\p18F4680.asm
                    PORTD   0x000f83       data     extern C:\MCC18\src\traditional\proc\p18F4680.asm
                PORTDbits   0x000f83       data     extern C:\MCC18\src\traditional\proc\p18F4680.asm
                    PORTE   0x000f84       data     extern C:\MCC18\src\traditional\proc\p18F4680.asm
                PORTEbits   0x000f84       data     extern C:\MCC18\src\traditional\proc\p18F4680.asm
                     LATA   0x000f89       data     extern C:\MCC18\src\traditional\proc\p18F4680.asm
                 LATAbits   0x000f89       data     extern C:\MCC18\src\traditional\proc\p18F4680.asm
                 LATBbits   0x000f8a       data     extern C:\MCC18\src\traditional\proc\p18F4680.asm
                     LATB   0x000f8a       data     extern C:\MCC18\src\traditional\proc\p18F4680.asm
                 LATCbits   0x000f8b       data     extern C:\MCC18\src\traditional\proc\p18F4680.asm
                     LATC   0x000f8b       data     extern C:\MCC18\src\traditional\proc\p18F4680.asm
                 LATDbits   0x000f8c       data     extern C:\MCC18\src\traditional\proc\p18F4680.asm
                     LATD   0x000f8c       data     extern C:\MCC18\src\traditional\proc\p18F4680.asm
                 LATEbits   0x000f8d       data     extern C:\MCC18\src\traditional\proc\p18F4680.asm
                     LATE   0x000f8d       data     extern C:\MCC18\src\traditional\proc\p18F4680.asm
                TRISAbits   0x000f92       data     extern C:\MCC18\src\traditional\proc\p18F4680.asm
                    TRISA   0x000f92       data     extern C:\MCC18\src\traditional\proc\p18F4680.asm
                 DDRAbits   0x000f92       data     extern C:\MCC18\src\traditional\proc\p18F4680.asm
                     DDRA   0x000f92       data     extern C:\MCC18\src\traditional\proc\p18F4680.asm
                TRISBbits   0x000f93       data     extern C:\MCC18\src\traditional\proc\p18F4680.asm
                    TRISB   0x000f93       data     extern C:\MCC18\src\traditional\proc\p18F4680.asm
                 DDRBbits   0x000f93       data     extern C:\MCC18\src\traditional\proc\p18F4680.asm
                     DDRB   0x000f93       data     extern C:\MCC18\src\traditional\proc\p18F4680.asm
                    TRISC   0x000f94       data     extern C:\MCC18\src\traditional\proc\p18F4680.asm
                TRISCbits   0x000f94       data     extern C:\MCC18\src\traditional\proc\p18F4680.asm
                     DDRC   0x000f94       data     extern C:\MCC18\src\traditional\proc\p18F4680.asm
                 DDRCbits   0x000f94       data     extern C:\MCC18\src\traditional\proc\p18F4680.asm
                    TRISD   0x000f95       data     extern C:\MCC18\src\traditional\proc\p18F4680.asm
                     DDRD   0x000f95       data     extern C:\MCC18\src\traditional\proc\p18F4680.asm
                 DDRDbits   0x000f95       data     extern C:\MCC18\src\traditional\proc\p18F4680.asm
                TRISDbits   0x000f95       data     extern C:\MCC18\src\traditional\proc\p18F4680.asm
                 DDREbits   0x000f96       data     extern C:\MCC18\src\traditional\proc\p18F4680.asm
                     DDRE   0x000f96       data     extern C:\MCC18\src\traditional\proc\p18F4680.asm
                TRISEbits   0x000f96       data     extern C:\MCC18\src\traditional\proc\p18F4680.asm
                    TRISE   0x000f96       data     extern C:\MCC18\src\traditional\proc\p18F4680.asm
              OSCTUNEbits   0x000f9b       data     extern C:\MCC18\src\traditional\proc\p18F4680.asm
                  OSCTUNE   0x000f9b       data     extern C:\MCC18\src\traditional\proc\p18F4680.asm
                 PIE1bits   0x000f9d       data     extern C:\MCC18\src\traditional\proc\p18F4680.asm
                     PIE1   0x000f9d       data     extern C:\MCC18\src\traditional\proc\p18F4680.asm
                     PIR1   0x000f9e       data     extern C:\MCC18\src\traditional\proc\p18F4680.asm
                 PIR1bits   0x000f9e       data     extern C:\MCC18\src\traditional\proc\p18F4680.asm
                 IPR1bits   0x000f9f       data     extern C:\MCC18\src\traditional\proc\p18F4680.asm
                     IPR1   0x000f9f       data     extern C:\MCC18\src\traditional\proc\p18F4680.asm
                 PIE2bits   0x000fa0       data     extern C:\MCC18\src\traditional\proc\p18F4680.asm
                     PIE2   0x000fa0       data     extern C:\MCC18\src\traditional\proc\p18F4680.asm
                     PIR2   0x000fa1       data     extern C:\MCC18\src\traditional\proc\p18F4680.asm
                 PIR2bits   0x000fa1       data     extern C:\MCC18\src\traditional\proc\p18F4680.asm
                 IPR2bits   0x000fa2       data     extern C:\MCC18\src\traditional\proc\p18F4680.asm
                     IPR2   0x000fa2       data     extern C:\MCC18\src\traditional\proc\p18F4680.asm
                     PIE3   0x000fa3       data     extern C:\MCC18\src\traditional\proc\p18F4680.asm
                 PIE3bits   0x000fa3       data     extern C:\MCC18\src\traditional\proc\p18F4680.asm
                 PIR3bits   0x000fa4       data     extern C:\MCC18\src\traditional\proc\p18F4680.asm
                     PIR3   0x000fa4       data     extern C:\MCC18\src\traditional\proc\p18F4680.asm
                 IPR3bits   0x000fa5       data     extern C:\MCC18\src\traditional\proc\p18F4680.asm
                     IPR3   0x000fa5       data     extern C:\MCC18\src\traditional\proc\p18F4680.asm
               EECON1bits   0x000fa6       data     extern C:\MCC18\src\traditional\proc\p18F4680.asm
                   EECON1   0x000fa6       data     extern C:\MCC18\src\traditional\proc\p18F4680.asm
                   EECON2   0x000fa7       data     extern C:\MCC18\src\traditional\proc\p18F4680.asm
                   EEDATA   0x000fa8       data     extern C:\MCC18\src\traditional\proc\p18F4680.asm
                    EEADR   0x000fa9       data     extern C:\MCC18\src\traditional\proc\p18F4680.asm
                   EEADRH   0x000faa       data     extern C:\MCC18\src\traditional\proc\p18F4680.asm
                    RCSTA   0x000fab       data     extern C:\MCC18\src\traditional\proc\p18F4680.asm
                RCSTAbits   0x000fab       data     extern C:\MCC18\src\traditional\proc\p18F4680.asm
                    TXSTA   0x000fac       data     extern C:\MCC18\src\traditional\proc\p18F4680.asm
                TXSTAbits   0x000fac       data     extern C:\MCC18\src\traditional\proc\p18F4680.asm
                    TXREG   0x000fad       data     extern C:\MCC18\src\traditional\proc\p18F4680.asm
                    RCREG   0x000fae       data     extern C:\MCC18\src\traditional\proc\p18F4680.asm
                    SPBRG   0x000faf       data     extern C:\MCC18\src\traditional\proc\p18F4680.asm
                   SPBRGH   0x000fb0       data     extern C:\MCC18\src\traditional\proc\p18F4680.asm
                T3CONbits   0x000fb1       data     extern C:\MCC18\src\traditional\proc\p18F4680.asm
                    T3CON   0x000fb1       data     extern C:\MCC18\src\traditional\proc\p18F4680.asm
                    TMR3L   0x000fb2       data     extern C:\MCC18\src\traditional\proc\p18F4680.asm
                    TMR3H   0x000fb3       data     extern C:\MCC18\src\traditional\proc\p18F4680.asm
                    CMCON   0x000fb4       data     extern C:\MCC18\src\traditional\proc\p18F4680.asm
                CMCONbits   0x000fb4       data     extern C:\MCC18\src\traditional\proc\p18F4680.asm
                   CVRCON   0x000fb5       data     extern C:\MCC18\src\traditional\proc\p18F4680.asm
               CVRCONbits   0x000fb5       data     extern C:\MCC18\src\traditional\proc\p18F4680.asm
              ECCP1ASbits   0x000fb6       data     extern C:\MCC18\src\traditional\proc\p18F4680.asm
                  ECCP1AS   0x000fb6       data     extern C:\MCC18\src\traditional\proc\p18F4680.asm
             ECCP1DELbits   0x000fb7       data     extern C:\MCC18\src\traditional\proc\p18F4680.asm
                 ECCP1DEL   0x000fb7       data     extern C:\MCC18\src\traditional\proc\p18F4680.asm
                  BAUDCON   0x000fb8       data     extern C:\MCC18\src\traditional\proc\p18F4680.asm
              BAUDCONbits   0x000fb8       data     extern C:\MCC18\src\traditional\proc\p18F4680.asm
             ECCP1CONbits   0x000fba       data     extern C:\MCC18\src\traditional\proc\p18F4680.asm
                 ECCP1CON   0x000fba       data     extern C:\MCC18\src\traditional\proc\p18F4680.asm
                  ECCPR1L   0x000fbb       data     extern C:\MCC18\src\traditional\proc\p18F4680.asm
                   ECCPR1   0x000fbb       data     extern C:\MCC18\src\traditional\proc\p18F4680.asm
                  ECCPR1H   0x000fbc       data     extern C:\MCC18\src\traditional\proc\p18F4680.asm
              CCP1CONbits   0x000fbd       data     extern C:\MCC18\src\traditional\proc\p18F4680.asm
                  CCP1CON   0x000fbd       data     extern C:\MCC18\src\traditional\proc\p18F4680.asm
                    CCPR1   0x000fbe       data     extern C:\MCC18\src\traditional\proc\p18F4680.asm
                   CCPR1L   0x000fbe       data     extern C:\MCC18\src\traditional\proc\p18F4680.asm
                   CCPR1H   0x000fbf       data     extern C:\MCC18\src\traditional\proc\p18F4680.asm
               ADCON2bits   0x000fc0       data     extern C:\MCC18\src\traditional\proc\p18F4680.asm
                   ADCON2   0x000fc0       data     extern C:\MCC18\src\traditional\proc\p18F4680.asm
               ADCON1bits   0x000fc1       data     extern C:\MCC18\src\traditional\proc\p18F4680.asm
                   ADCON1   0x000fc1       data     extern C:\MCC18\src\traditional\proc\p18F4680.asm
               ADCON0bits   0x000fc2       data     extern C:\MCC18\src\traditional\proc\p18F4680.asm
                   ADCON0   0x000fc2       data     extern C:\MCC18\src\traditional\proc\p18F4680.asm
                    ADRES   0x000fc3       data     extern C:\MCC18\src\traditional\proc\p18F4680.asm
                   ADRESL   0x000fc3       data     extern C:\MCC18\src\traditional\proc\p18F4680.asm
                   ADRESH   0x000fc4       data     extern C:\MCC18\src\traditional\proc\p18F4680.asm
              SSPCON2bits   0x000fc5       data     extern C:\MCC18\src\traditional\proc\p18F4680.asm
                  SSPCON2   0x000fc5       data     extern C:\MCC18\src\traditional\proc\p18F4680.asm
                  SSPCON1   0x000fc6       data     extern C:\MCC18\src\traditional\proc\p18F4680.asm
              SSPCON1bits   0x000fc6       data     extern C:\MCC18\src\traditional\proc\p18F4680.asm
              SSPSTATbits   0x000fc7       data     extern C:\MCC18\src\traditional\proc\p18F4680.asm
                  SSPSTAT   0x000fc7       data     extern C:\MCC18\src\traditional\proc\p18F4680.asm
                   SSPADD   0x000fc8       data     extern C:\MCC18\src\traditional\proc\p18F4680.asm
                   SSPBUF   0x000fc9       data     extern C:\MCC18\src\traditional\proc\p18F4680.asm
                    T2CON   0x000fca       data     extern C:\MCC18\src\traditional\proc\p18F4680.asm
                T2CONbits   0x000fca       data     extern C:\MCC18\src\traditional\proc\p18F4680.asm
                      PR2   0x000fcb       data     extern C:\MCC18\src\traditional\proc\p18F4680.asm
                     TMR2   0x000fcc       data     extern C:\MCC18\src\traditional\proc\p18F4680.asm
                    T1CON   0x000fcd       data     extern C:\MCC18\src\traditional\proc\p18F4680.asm
                T1CONbits   0x000fcd       data     extern C:\MCC18\src\traditional\proc\p18F4680.asm
                    TMR1L   0x000fce       data     extern C:\MCC18\src\traditional\proc\p18F4680.asm
                    TMR1H   0x000fcf       data     extern C:\MCC18\src\traditional\proc\p18F4680.asm
                 RCONbits   0x000fd0       data     extern C:\MCC18\src\traditional\proc\p18F4680.asm
                     RCON   0x000fd0       data     extern C:\MCC18\src\traditional\proc\p18F4680.asm
               WDTCONbits   0x000fd1       data     extern C:\MCC18\src\traditional\proc\p18F4680.asm
                   WDTCON   0x000fd1       data     extern C:\MCC18\src\traditional\proc\p18F4680.asm
                   LVDCON   0x000fd2       data     extern C:\MCC18\src\traditional\proc\p18F4680.asm
               LVDCONbits   0x000fd2       data     extern C:\MCC18\src\traditional\proc\p18F4680.asm
                  HLVDCON   0x000fd2       data     extern C:\MCC18\src\traditional\proc\p18F4680.asm
              HLVDCONbits   0x000fd2       data     extern C:\MCC18\src\traditional\proc\p18F4680.asm
                   OSCCON   0x000fd3       data     extern C:\MCC18\src\traditional\proc\p18F4680.asm
               OSCCONbits   0x000fd3       data     extern C:\MCC18\src\traditional\proc\p18F4680.asm
                    T0CON   0x000fd5       data     extern C:\MCC18\src\traditional\proc\p18F4680.asm
                T0CONbits   0x000fd5       data     extern C:\MCC18\src\traditional\proc\p18F4680.asm
                    TMR0L   0x000fd6       data     extern C:\MCC18\src\traditional\proc\p18F4680.asm
                    TMR0H   0x000fd7       data     extern C:\MCC18\src\traditional\proc\p18F4680.asm
               STATUSbits   0x000fd8       data     extern C:\MCC18\src\traditional\proc\p18F4680.asm
                   STATUS   0x000fd8       data     extern C:\MCC18\src\traditional\proc\p18F4680.asm
                    FSR2L   0x000fd9       data     extern C:\MCC18\src\traditional\proc\p18F4680.asm
                     FSR2   0x000fd9       data     extern C:\MCC18\src\traditional\proc\p18F4680.asm
                    FSR2H   0x000fda       data     extern C:\MCC18\src\traditional\proc\p18F4680.asm
                   PLUSW2   0x000fdb       data     extern C:\MCC18\src\traditional\proc\p18F4680.asm
                  PREINC2   0x000fdc       data     extern C:\MCC18\src\traditional\proc\p18F4680.asm
                 POSTDEC2   0x000fdd       data     extern C:\MCC18\src\traditional\proc\p18F4680.asm
                 POSTINC2   0x000fde       data     extern C:\MCC18\src\traditional\proc\p18F4680.asm
                    INDF2   0x000fdf       data     extern C:\MCC18\src\traditional\proc\p18F4680.asm
                      BSR   0x000fe0       data     extern C:\MCC18\src\traditional\proc\p18F4680.asm
                    FSR1L   0x000fe1       data     extern C:\MCC18\src\traditional\proc\p18F4680.asm
                     FSR1   0x000fe1       data     extern C:\MCC18\src\traditional\proc\p18F4680.asm
                    FSR1H   0x000fe2       data     extern C:\MCC18\src\traditional\proc\p18F4680.asm
                   PLUSW1   0x000fe3       data     extern C:\MCC18\src\traditional\proc\p18F4680.asm
                  PREINC1   0x000fe4       data     extern C:\MCC18\src\traditional\proc\p18F4680.asm
                 POSTDEC1   0x000fe5       data     extern C:\MCC18\src\traditional\proc\p18F4680.asm
                 POSTINC1   0x000fe6       data     extern C:\MCC18\src\traditional\proc\p18F4680.asm
                    INDF1   0x000fe7       data     extern C:\MCC18\src\traditional\proc\p18F4680.asm
                     WREG   0x000fe8       data     extern C:\MCC18\src\traditional\proc\p18F4680.asm
                     FSR0   0x000fe9       data     extern C:\MCC18\src\traditional\proc\p18F4680.asm
                    FSR0L   0x000fe9       data     extern C:\MCC18\src\traditional\proc\p18F4680.asm
                    FSR0H   0x000fea       data     extern C:\MCC18\src\traditional\proc\p18F4680.asm
                   PLUSW0   0x000feb       data     extern C:\MCC18\src\traditional\proc\p18F4680.asm
                  PREINC0   0x000fec       data     extern C:\MCC18\src\traditional\proc\p18F4680.asm
                 POSTDEC0   0x000fed       data     extern C:\MCC18\src\traditional\proc\p18F4680.asm
                 POSTINC0   0x000fee       data     extern C:\MCC18\src\traditional\proc\p18F4680.asm
                    INDF0   0x000fef       data     extern C:\MCC18\src\traditional\proc\p18F4680.asm
              INTCON3bits   0x000ff0       data     extern C:\MCC18\src\traditional\proc\p18F4680.asm
                  INTCON3   0x000ff0       data     extern C:\MCC18\src\traditional\proc\p18F4680.asm
              INTCON2bits   0x000ff1       data     extern C:\MCC18\src\traditional\proc\p18F4680.asm
                  INTCON2   0x000ff1       data     extern C:\MCC18\src\traditional\proc\p18F4680.asm
               INTCONbits   0x000ff2       data     extern C:\MCC18\src\traditional\proc\p18F4680.asm
                   INTCON   0x000ff2       data     extern C:\MCC18\src\traditional\proc\p18F4680.asm
                     PROD   0x000ff3       data     extern C:\MCC18\src\traditional\proc\p18F4680.asm
                    PRODL   0x000ff3       data     extern C:\MCC18\src\traditional\proc\p18F4680.asm
                    PRODH   0x000ff4       data     extern C:\MCC18\src\traditional\proc\p18F4680.asm
                   TABLAT   0x000ff5       data     extern C:\MCC18\src\traditional\proc\p18F4680.asm
                  TBLPTRL   0x000ff6       data     extern C:\MCC18\src\traditional\proc\p18F4680.asm
                   TBLPTR   0x000ff6       data     extern C:\MCC18\src\traditional\proc\p18F4680.asm
                  TBLPTRH   0x000ff7       data     extern C:\MCC18\src\traditional\proc\p18F4680.asm
                  TBLPTRU   0x000ff8       data     extern C:\MCC18\src\traditional\proc\p18F4680.asm
                       PC   0x000ff9       data     extern C:\MCC18\src\traditional\proc\p18F4680.asm
                      PCL   0x000ff9       data     extern C:\MCC18\src\traditional\proc\p18F4680.asm
                   PCLATH   0x000ffa       data     extern C:\MCC18\src\traditional\proc\p18F4680.asm
                   PCLATU   0x000ffb       data     extern C:\MCC18\src\traditional\proc\p18F4680.asm
               STKPTRbits   0x000ffc       data     extern C:\MCC18\src\traditional\proc\p18F4680.asm
                   STKPTR   0x000ffc       data     extern C:\MCC18\src\traditional\proc\p18F4680.asm
                      TOS   0x000ffd       data     extern C:\MCC18\src\traditional\proc\p18F4680.asm
                     TOSL   0x000ffd       data     extern C:\MCC18\src\traditional\proc\p18F4680.asm
                     TOSH   0x000ffe       data     extern C:\MCC18\src\traditional\proc\p18F4680.asm
                     TOSU   0x000fff       data     extern C:\MCC18\src\traditional\proc\p18F4680.asm


